
> household-management@0.0.0 test:run
> vitest run src/test/integration/responsiveDesign.test.tsx


 RUN  v3.2.4 /home/malloc/project/project-b

stdout | src/test/integration/responsiveDesign.test.tsx > Responsive Design Integration Tests > should handle data tables responsively
[36m<body>[39m
  [36m<div>[39m
    [36m<div[39m
      [33mclass[39m=[32m"min-h-screen bg-gray-50"[39m
    [36m>[39m
      [36m<div[39m
        [33mclass[39m=[32m"lg:hidden"[39m
      [36m>[39m
        [36m<nav[39m
          [33mclass[39m=[32m"bg-white shadow-lg border-b border-gray-200"[39m
        [36m>[39m
          [36m<div[39m
            [33mclass[39m=[32m"max-w-7xl mx-auto px-4 sm:px-6 lg:px-8"[39m
          [36m>[39m
            [36m<div[39m
              [33mclass[39m=[32m"flex justify-between h-16"[39m
            [36m>[39m
              [36m<div[39m
                [33mclass[39m=[32m"flex items-center"[39m
              [36m>[39m
                [36m<a[39m
                  [33mclass[39m=[32m"flex items-center space-x-2"[39m
                  [33mdata-discover[39m=[32m"true"[39m
                  [33mhref[39m=[32m"/"[39m
                [36m>[39m
                  [36m<span[39m
                    [33mclass[39m=[32m"text-2xl"[39m
                  [36m>[39m
                    [0m🏡[0m
                  [36m</span>[39m
                  [36m<span[39m
                    [33mclass[39m=[32m"text-xl font-bold text-gray-900 hidden sm:block"[39m
                  [36m>[39m
                    [0mHousehold Management[0m
                  [36m</span>[39m
                  [36m<span[39m
                    [33mclass[39m=[32m"text-xl font-bold text-gray-900 sm:hidden"[39m
                  [36m>[39m
                    [0mHome[0m
                  [36m</span>[39m
                [36m</a>[39m
              [36m</div>[39m
              [36m<div[39m
                [33mclass[39m=[32m"hidden md:flex items-center space-x-8"[39m
              [36m>[39m
                [36m<a[39m
                  [33mclass[39m=[32m"flex items-center space-x-1 px-3 py-2 rounded-md text-sm font-medium transition-colors bg-blue-100 text-blue-700"[39m
                  [33mdata-discover[39m=[32m"true"[39m
                  [33mhref[39m=[32m"/"[39m
                [36m>[39m
                  [36m<span[39m
                    [33mclass[39m=[32m"text-lg"[39m
                  [36m>[39m
                    [0m🏠[0m
                  [36m</span>[39m
                  [36m<span>[39m
                    [0mDashboard[0m
                  [36m</span>[39m
                [36m</a>[39m
                [36m<a[39m
                  [33mclass[39m=[32m"flex items-center space-x-1 px-3 py-2 rounded-md text-sm font-medium transition-colors text-gray-600 hover:text-gray-900 hover:bg-gray-100"[39m
                  [33mdata-discover[39m=[32m"true"[39m
                  [33mhref[39m=[32m"/plants"[39m
                [36m>[39m
                  [36m<span[39m
                    [33mclass[39m=[32m"text-lg"[39m
                  [36m>[39m
                    [0m🌱[0m
                  [36m</span>[39m
                  [36m<span>[39m
                    [0mPlant Codex[0m
                  [36m</span>[39m
                [36m</a>[39m
                [36m<a[39m
                  [33mclass[39m=[32m"flex items-center space-x-1 px-3 py-2 rounded-md text-sm font-medium transition-colors text-gray-600 hover:text-gray-900 hover:bg-gray-100"[39m
                  [33mdata-discover[39m=[32m"true"[39m
                  [33mhref[39m=[32m"/projects"[39m
                [36m>[39m
                  [36m<span[39m
                    [33mclass[39m=[32m"text-lg"[39m
                  [36m>[39m
                    [0m🔨[0m
                  [36m</span>[39m
                  [36m<span>[39m
                    [0mProjects[0m
                  [36m</span>[39m
                [36m</a>[39m
                [36m<a[39m
                  [33mclass[39m=[32m"flex items-center space-x-1 px-3 py-2 rounded-md text-sm font-medium transition-colors text-gray-600 hover:text-gray-900 hover:bg-gray-100"[39m
                  [33mdata-discover[39m=[32m"true"[39m
                  [33mhref[39m=[32m"/tasks"[39m
                [36m>[39m
                  [36m<span[39m
                    [33mclass[39m=[32m"text-lg"[39m
                  [36m>[39m
                    [0m✅[0m
                  [36m</span>[39m
                  [36m<span>[39m
                    [0mTasks[0m
                  [36m</span>[39m
                [36m</a>[39m
                [36m<a[39m
                  [33mclass[39m=[32m"flex items-center space-x-1 px-3 py-2 rounded-md text-sm font-medium transition-colors text-gray-600 hover:text-gray-900 hover:bg-gray-100"[39m
                  [33mdata-discover[39m=[32m"true"[39m
                  [33mhref[39m=[32m"/calendar"[39m
                [36m>[39m
                  [36m<span[39m
                    [33mclass[39m=[32m"text-lg"[39m
                  [36m>[39m
                    [0m📅[0m
                  [36m</span>[39m
                  [36m<span>[39m
                    [0mCalendar[0m
                  [36m</span>[39m
                [36m</a>[39m
              [36m</div>[39m
              [36m<div[39m
                [33mclass[39m=[32m"flex items-center space-x-4"[39m
              [36m>[39m
                [36m<div[39m
                  [33mclass[39m=[32m"relative "[39m
                [36m>[39m
                  [36m<div[39m
                    [33mclass[39m=[32m"flex items-center space-x-2"[39m
                  [36m>[39m
                    [36m<div[39m
                      [33mclass[39m=[32m"w-3 h-3 rounded-full bg-green-500 "[39m
                      [33mtitle[39m=[32m"Online"[39m
                    [36m/>[39m
                    [36m<button[39m
                      [33mclass[39m=[32m"text-sm text-gray-600 hover:text-gray-800 focus:outline-none"[39m
                    [36m>[39m
                      [0mOnline[0m
                    [36m</button>[39m
                  [36m</div>[39m
                [36m</div>[39m
                [36m<div[39m
                  [33mclass[39m=[32m"hidden md:block lg:hidden"[39m
                [36m>[39m
                  [36m<div[39m
                    [33mclass[39m=[32m"relative inline-block text-left"[39m
                  [36m>[39m
                    [36m<button[39m
                      [33maria-expanded[39m=[32m"false"[39m
                      [33maria-haspopup[39m=[32m"listbox"[39m
                      [33maria-label[39m=[32m"Common.select Language"[39m
                      [33mclass[39m=[32m"inline-flex items-center justify-between
    px-2 py-1 text-xs 
    font-medium text-gray-700 bg-white border border-gray-300 rounded-md
    hover:bg-gray-50 focus:outline-none focus:ring-2 focus:ring-offset-2 focus:ring-blue-500
    active:bg-gray-100 disabled:opacity-50 disabled:cursor-not-allowed
    transition-all durat...

stdout | src/test/integration/responsiveDesign.test.tsx > Responsive Design Integration Tests > should handle data tables responsively
[36m<body>[39m
  [36m<div>[39m
    [36m<div[39m
      [33mclass[39m=[32m"min-h-screen bg-gray-50"[39m
    [36m>[39m
      [36m<div[39m
        [33mclass[39m=[32m"lg:hidden"[39m
      [36m>[39m
        [36m<nav[39m
          [33mclass[39m=[32m"bg-white shadow-lg border-b border-gray-200"[39m
        [36m>[39m
          [36m<div[39m
            [33mclass[39m=[32m"max-w-7xl mx-auto px-4 sm:px-6 lg:px-8"[39m
          [36m>[39m
            [36m<div[39m
              [33mclass[39m=[32m"flex justify-between h-16"[39m
            [36m>[39m
              [36m<div[39m
                [33mclass[39m=[32m"flex items-center"[39m
              [36m>[39m
                [36m<a[39m
                  [33mclass[39m=[32m"flex items-center space-x-2"[39m
                  [33mdata-discover[39m=[32m"true"[39m
                  [33mhref[39m=[32m"/"[39m
                [36m>[39m
                  [36m<span[39m
                    [33mclass[39m=[32m"text-2xl"[39m
                  [36m>[39m
                    [0m🏡[0m
                  [36m</span>[39m
                  [36m<span[39m
                    [33mclass[39m=[32m"text-xl font-bold text-gray-900 hidden sm:block"[39m
                  [36m>[39m
                    [0mHousehold Management[0m
                  [36m</span>[39m
                  [36m<span[39m
                    [33mclass[39m=[32m"text-xl font-bold text-gray-900 sm:hidden"[39m
                  [36m>[39m
                    [0mHome[0m
                  [36m</span>[39m
                [36m</a>[39m
              [36m</div>[39m
              [36m<div[39m
                [33mclass[39m=[32m"hidden md:flex items-center space-x-8"[39m
              [36m>[39m
                [36m<a[39m
                  [33mclass[39m=[32m"flex items-center space-x-1 px-3 py-2 rounded-md text-sm font-medium transition-colors bg-blue-100 text-blue-700"[39m
                  [33mdata-discover[39m=[32m"true"[39m
                  [33mhref[39m=[32m"/"[39m
                [36m>[39m
                  [36m<span[39m
                    [33mclass[39m=[32m"text-lg"[39m
                  [36m>[39m
                    [0m🏠[0m
                  [36m</span>[39m
                  [36m<span>[39m
                    [0mDashboard[0m
                  [36m</span>[39m
                [36m</a>[39m
                [36m<a[39m
                  [33mclass[39m=[32m"flex items-center space-x-1 px-3 py-2 rounded-md text-sm font-medium transition-colors text-gray-600 hover:text-gray-900 hover:bg-gray-100"[39m
                  [33mdata-discover[39m=[32m"true"[39m
                  [33mhref[39m=[32m"/plants"[39m
                [36m>[39m
                  [36m<span[39m
                    [33mclass[39m=[32m"text-lg"[39m
                  [36m>[39m
                    [0m🌱[0m
                  [36m</span>[39m
                  [36m<span>[39m
                    [0mPlant Codex[0m
                  [36m</span>[39m
                [36m</a>[39m
                [36m<a[39m
                  [33mclass[39m=[32m"flex items-center space-x-1 px-3 py-2 rounded-md text-sm font-medium transition-colors text-gray-600 hover:text-gray-900 hover:bg-gray-100"[39m
                  [33mdata-discover[39m=[32m"true"[39m
                  [33mhref[39m=[32m"/projects"[39m
                [36m>[39m
                  [36m<span[39m
                    [33mclass[39m=[32m"text-lg"[39m
                  [36m>[39m
                    [0m🔨[0m
                  [36m</span>[39m
                  [36m<span>[39m
                    [0mProjects[0m
                  [36m</span>[39m
                [36m</a>[39m
                [36m<a[39m
                  [33mclass[39m=[32m"flex items-center space-x-1 px-3 py-2 rounded-md text-sm font-medium transition-colors text-gray-600 hover:text-gray-900 hover:bg-gray-100"[39m
                  [33mdata-discover[39m=[32m"true"[39m
                  [33mhref[39m=[32m"/tasks"[39m
                [36m>[39m
                  [36m<span[39m
                    [33mclass[39m=[32m"text-lg"[39m
                  [36m>[39m
                    [0m✅[0m
                  [36m</span>[39m
                  [36m<span>[39m
                    [0mTasks[0m
                  [36m</span>[39m
                [36m</a>[39m
                [36m<a[39m
                  [33mclass[39m=[32m"flex items-center space-x-1 px-3 py-2 rounded-md text-sm font-medium transition-colors text-gray-600 hover:text-gray-900 hover:bg-gray-100"[39m
                  [33mdata-discover[39m=[32m"true"[39m
                  [33mhref[39m=[32m"/calendar"[39m
                [36m>[39m
                  [36m<span[39m
                    [33mclass[39m=[32m"text-lg"[39m
                  [36m>[39m
                    [0m📅[0m
                  [36m</span>[39m
                  [36m<span>[39m
                    [0mCalendar[0m
                  [36m</span>[39m
                [36m</a>[39m
              [36m</div>[39m
              [36m<div[39m
                [33mclass[39m=[32m"flex items-center space-x-4"[39m
              [36m>[39m
                [36m<div[39m
                  [33mclass[39m=[32m"relative "[39m
                [36m>[39m
                  [36m<div[39m
                    [33mclass[39m=[32m"flex items-center space-x-2"[39m
                  [36m>[39m
                    [36m<div[39m
                      [33mclass[39m=[32m"w-3 h-3 rounded-full bg-green-500 "[39m
                      [33mtitle[39m=[32m"Online"[39m
                    [36m/>[39m
                    [36m<button[39m
                      [33mclass[39m=[32m"text-sm text-gray-600 hover:text-gray-800 focus:outline-none"[39m
                    [36m>[39m
                      [0mOnline[0m
                    [36m</button>[39m
                  [36m</div>[39m
                [36m</div>[39m
                [36m<div[39m
                  [33mclass[39m=[32m"hidden md:block lg:hidden"[39m
                [36m>[39m
                  [36m<div[39m
                    [33mclass[39m=[32m"relative inline-block text-left"[39m
                  [36m>[39m
                    [36m<button[39m
                      [33maria-expanded[39m=[32m"false"[39m
                      [33maria-haspopup[39m=[32m"listbox"[39m
                      [33maria-label[39m=[32m"Common.select Language"[39m
                      [33mclass[39m=[32m"inline-flex items-center justify-between
    px-2 py-1 text-xs 
    font-medium text-gray-700 bg-white border border-gray-300 rounded-md
    hover:bg-gray-50 focus:outline-none focus:ring-2 focus:ring-offset-2 focus:ring-blue-500
    active:bg-gray-100 disabled:opacity-50 disabled:cursor-not-allowed
    transition-all durat...

stdout | src/test/integration/responsiveDesign.test.tsx > Responsive Design Integration Tests > should handle data tables responsively
[36m<body>[39m
  [36m<div>[39m
    [36m<div[39m
      [33mclass[39m=[32m"min-h-screen bg-gray-50"[39m
    [36m>[39m
      [36m<div[39m
        [33mclass[39m=[32m"lg:hidden"[39m
      [36m>[39m
        [36m<nav[39m
          [33mclass[39m=[32m"bg-white shadow-lg border-b border-gray-200"[39m
        [36m>[39m
          [36m<div[39m
            [33mclass[39m=[32m"max-w-7xl mx-auto px-4 sm:px-6 lg:px-8"[39m
          [36m>[39m
            [36m<div[39m
              [33mclass[39m=[32m"flex justify-between h-16"[39m
            [36m>[39m
              [36m<div[39m
                [33mclass[39m=[32m"flex items-center"[39m
              [36m>[39m
                [36m<a[39m
                  [33mclass[39m=[32m"flex items-center space-x-2"[39m
                  [33mdata-discover[39m=[32m"true"[39m
                  [33mhref[39m=[32m"/"[39m
                [36m>[39m
                  [36m<span[39m
                    [33mclass[39m=[32m"text-2xl"[39m
                  [36m>[39m
                    [0m🏡[0m
                  [36m</span>[39m
                  [36m<span[39m
                    [33mclass[39m=[32m"text-xl font-bold text-gray-900 hidden sm:block"[39m
                  [36m>[39m
                    [0mHousehold Management[0m
                  [36m</span>[39m
                  [36m<span[39m
                    [33mclass[39m=[32m"text-xl font-bold text-gray-900 sm:hidden"[39m
                  [36m>[39m
                    [0mHome[0m
                  [36m</span>[39m
                [36m</a>[39m
              [36m</div>[39m
              [36m<div[39m
                [33mclass[39m=[32m"hidden md:flex items-center space-x-8"[39m
              [36m>[39m
                [36m<a[39m
                  [33mclass[39m=[32m"flex items-center space-x-1 px-3 py-2 rounded-md text-sm font-medium transition-colors bg-blue-100 text-blue-700"[39m
                  [33mdata-discover[39m=[32m"true"[39m
                  [33mhref[39m=[32m"/"[39m
                [36m>[39m
                  [36m<span[39m
                    [33mclass[39m=[32m"text-lg"[39m
                  [36m>[39m
                    [0m🏠[0m
                  [36m</span>[39m
                  [36m<span>[39m
                    [0mDashboard[0m
                  [36m</span>[39m
                [36m</a>[39m
                [36m<a[39m
                  [33mclass[39m=[32m"flex items-center space-x-1 px-3 py-2 rounded-md text-sm font-medium transition-colors text-gray-600 hover:text-gray-900 hover:bg-gray-100"[39m
                  [33mdata-discover[39m=[32m"true"[39m
                  [33mhref[39m=[32m"/plants"[39m
                [36m>[39m
                  [36m<span[39m
                    [33mclass[39m=[32m"text-lg"[39m
                  [36m>[39m
                    [0m🌱[0m
                  [36m</span>[39m
                  [36m<span>[39m
                    [0mPlant Codex[0m
                  [36m</span>[39m
                [36m</a>[39m
                [36m<a[39m
                  [33mclass[39m=[32m"flex items-center space-x-1 px-3 py-2 rounded-md text-sm font-medium transition-colors text-gray-600 hover:text-gray-900 hover:bg-gray-100"[39m
                  [33mdata-discover[39m=[32m"true"[39m
                  [33mhref[39m=[32m"/projects"[39m
                [36m>[39m
                  [36m<span[39m
                    [33mclass[39m=[32m"text-lg"[39m
                  [36m>[39m
                    [0m🔨[0m
                  [36m</span>[39m
                  [36m<span>[39m
                    [0mProjects[0m
                  [36m</span>[39m
                [36m</a>[39m
                [36m<a[39m
                  [33mclass[39m=[32m"flex items-center space-x-1 px-3 py-2 rounded-md text-sm font-medium transition-colors text-gray-600 hover:text-gray-900 hover:bg-gray-100"[39m
                  [33mdata-discover[39m=[32m"true"[39m
                  [33mhref[39m=[32m"/tasks"[39m
                [36m>[39m
                  [36m<span[39m
                    [33mclass[39m=[32m"text-lg"[39m
                  [36m>[39m
                    [0m✅[0m
                  [36m</span>[39m
                  [36m<span>[39m
                    [0mTasks[0m
                  [36m</span>[39m
                [36m</a>[39m
                [36m<a[39m
                  [33mclass[39m=[32m"flex items-center space-x-1 px-3 py-2 rounded-md text-sm font-medium transition-colors text-gray-600 hover:text-gray-900 hover:bg-gray-100"[39m
                  [33mdata-discover[39m=[32m"true"[39m
                  [33mhref[39m=[32m"/calendar"[39m
                [36m>[39m
                  [36m<span[39m
                    [33mclass[39m=[32m"text-lg"[39m
                  [36m>[39m
                    [0m📅[0m
                  [36m</span>[39m
                  [36m<span>[39m
                    [0mCalendar[0m
                  [36m</span>[39m
                [36m</a>[39m
              [36m</div>[39m
              [36m<div[39m
                [33mclass[39m=[32m"flex items-center space-x-4"[39m
              [36m>[39m
                [36m<div[39m
                  [33mclass[39m=[32m"relative "[39m
                [36m>[39m
                  [36m<div[39m
                    [33mclass[39m=[32m"flex items-center space-x-2"[39m
                  [36m>[39m
                    [36m<div[39m
                      [33mclass[39m=[32m"w-3 h-3 rounded-full bg-green-500 "[39m
                      [33mtitle[39m=[32m"Online"[39m
                    [36m/>[39m
                    [36m<button[39m
                      [33mclass[39m=[32m"text-sm text-gray-600 hover:text-gray-800 focus:outline-none"[39m
                    [36m>[39m
                      [0mOnline[0m
                    [36m</button>[39m
                  [36m</div>[39m
                [36m</div>[39m
                [36m<div[39m
                  [33mclass[39m=[32m"hidden md:block lg:hidden"[39m
                [36m>[39m
                  [36m<div[39m
                    [33mclass[39m=[32m"relative inline-block text-left"[39m
                  [36m>[39m
                    [36m<button[39m
                      [33maria-expanded[39m=[32m"false"[39m
                      [33maria-haspopup[39m=[32m"listbox"[39m
                      [33maria-label[39m=[32m"Common.select Language"[39m
                      [33mclass[39m=[32m"inline-flex items-center justify-between
    px-2 py-1 text-xs 
    font-medium text-gray-700 bg-white border border-gray-300 rounded-md
    hover:bg-gray-50 focus:outline-none focus:ring-2 focus:ring-offset-2 focus:ring-blue-500
    active:bg-gray-100 disabled:opacity-50 disabled:cursor-not-allowed
    transition-all durat...

stdout | src/test/integration/responsiveDesign.test.tsx > Responsive Design Integration Tests > should handle data tables responsively
[36m<body>[39m
  [36m<div>[39m
    [36m<div[39m
      [33mclass[39m=[32m"min-h-screen bg-gray-50"[39m
    [36m>[39m
      [36m<div[39m
        [33mclass[39m=[32m"lg:hidden"[39m
      [36m>[39m
        [36m<nav[39m
          [33mclass[39m=[32m"bg-white shadow-lg border-b border-gray-200"[39m
        [36m>[39m
          [36m<div[39m
            [33mclass[39m=[32m"max-w-7xl mx-auto px-4 sm:px-6 lg:px-8"[39m
          [36m>[39m
            [36m<div[39m
              [33mclass[39m=[32m"flex justify-between h-16"[39m
            [36m>[39m
              [36m<div[39m
                [33mclass[39m=[32m"flex items-center"[39m
              [36m>[39m
                [36m<a[39m
                  [33mclass[39m=[32m"flex items-center space-x-2"[39m
                  [33mdata-discover[39m=[32m"true"[39m
                  [33mhref[39m=[32m"/"[39m
                [36m>[39m
                  [36m<span[39m
                    [33mclass[39m=[32m"text-2xl"[39m
                  [36m>[39m
                    [0m🏡[0m
                  [36m</span>[39m
                  [36m<span[39m
                    [33mclass[39m=[32m"text-xl font-bold text-gray-900 hidden sm:block"[39m
                  [36m>[39m
                    [0mHousehold Management[0m
                  [36m</span>[39m
                  [36m<span[39m
                    [33mclass[39m=[32m"text-xl font-bold text-gray-900 sm:hidden"[39m
                  [36m>[39m
                    [0mHome[0m
                  [36m</span>[39m
                [36m</a>[39m
              [36m</div>[39m
              [36m<div[39m
                [33mclass[39m=[32m"hidden md:flex items-center space-x-8"[39m
              [36m>[39m
                [36m<a[39m
                  [33mclass[39m=[32m"flex items-center space-x-1 px-3 py-2 rounded-md text-sm font-medium transition-colors bg-blue-100 text-blue-700"[39m
                  [33mdata-discover[39m=[32m"true"[39m
                  [33mhref[39m=[32m"/"[39m
                [36m>[39m
                  [36m<span[39m
                    [33mclass[39m=[32m"text-lg"[39m
                  [36m>[39m
                    [0m🏠[0m
                  [36m</span>[39m
                  [36m<span>[39m
                    [0mDashboard[0m
                  [36m</span>[39m
                [36m</a>[39m
                [36m<a[39m
                  [33mclass[39m=[32m"flex items-center space-x-1 px-3 py-2 rounded-md text-sm font-medium transition-colors text-gray-600 hover:text-gray-900 hover:bg-gray-100"[39m
                  [33mdata-discover[39m=[32m"true"[39m
                  [33mhref[39m=[32m"/plants"[39m
                [36m>[39m
                  [36m<span[39m
                    [33mclass[39m=[32m"text-lg"[39m
                  [36m>[39m
                    [0m🌱[0m
                  [36m</span>[39m
                  [36m<span>[39m
                    [0mPlant Codex[0m
                  [36m</span>[39m
                [36m</a>[39m
                [36m<a[39m
                  [33mclass[39m=[32m"flex items-center space-x-1 px-3 py-2 rounded-md text-sm font-medium transition-colors text-gray-600 hover:text-gray-900 hover:bg-gray-100"[39m
                  [33mdata-discover[39m=[32m"true"[39m
                  [33mhref[39m=[32m"/projects"[39m
                [36m>[39m
                  [36m<span[39m
                    [33mclass[39m=[32m"text-lg"[39m
                  [36m>[39m
                    [0m🔨[0m
                  [36m</span>[39m
                  [36m<span>[39m
                    [0mProjects[0m
                  [36m</span>[39m
                [36m</a>[39m
                [36m<a[39m
                  [33mclass[39m=[32m"flex items-center space-x-1 px-3 py-2 rounded-md text-sm font-medium transition-colors text-gray-600 hover:text-gray-900 hover:bg-gray-100"[39m
                  [33mdata-discover[39m=[32m"true"[39m
                  [33mhref[39m=[32m"/tasks"[39m
                [36m>[39m
                  [36m<span[39m
                    [33mclass[39m=[32m"text-lg"[39m
                  [36m>[39m
                    [0m✅[0m
                  [36m</span>[39m
                  [36m<span>[39m
                    [0mTasks[0m
                  [36m</span>[39m
                [36m</a>[39m
                [36m<a[39m
                  [33mclass[39m=[32m"flex items-center space-x-1 px-3 py-2 rounded-md text-sm font-medium transition-colors text-gray-600 hover:text-gray-900 hover:bg-gray-100"[39m
                  [33mdata-discover[39m=[32m"true"[39m
                  [33mhref[39m=[32m"/calendar"[39m
                [36m>[39m
                  [36m<span[39m
                    [33mclass[39m=[32m"text-lg"[39m
                  [36m>[39m
                    [0m📅[0m
                  [36m</span>[39m
                  [36m<span>[39m
                    [0mCalendar[0m
                  [36m</span>[39m
                [36m</a>[39m
              [36m</div>[39m
              [36m<div[39m
                [33mclass[39m=[32m"flex items-center space-x-4"[39m
              [36m>[39m
                [36m<div[39m
                  [33mclass[39m=[32m"relative "[39m
                [36m>[39m
                  [36m<div[39m
                    [33mclass[39m=[32m"flex items-center space-x-2"[39m
                  [36m>[39m
                    [36m<div[39m
                      [33mclass[39m=[32m"w-3 h-3 rounded-full bg-green-500 "[39m
                      [33mtitle[39m=[32m"Online"[39m
                    [36m/>[39m
                    [36m<button[39m
                      [33mclass[39m=[32m"text-sm text-gray-600 hover:text-gray-800 focus:outline-none"[39m
                    [36m>[39m
                      [0mOnline[0m
                    [36m</button>[39m
                  [36m</div>[39m
                [36m</div>[39m
                [36m<div[39m
                  [33mclass[39m=[32m"hidden md:block lg:hidden"[39m
                [36m>[39m
                  [36m<div[39m
                    [33mclass[39m=[32m"relative inline-block text-left"[39m
                  [36m>[39m
                    [36m<button[39m
                      [33maria-expanded[39m=[32m"false"[39m
                      [33maria-haspopup[39m=[32m"listbox"[39m
                      [33maria-label[39m=[32m"Common.select Language"[39m
                      [33mclass[39m=[32m"inline-flex items-center justify-between
    px-2 py-1 text-xs 
    font-medium text-gray-700 bg-white border border-gray-300 rounded-md
    hover:bg-gray-50 focus:outline-none focus:ring-2 focus:ring-offset-2 focus:ring-blue-500
    active:bg-gray-100 disabled:opacity-50 disabled:cursor-not-allowed
    transition-all durat...

stdout | src/test/integration/responsiveDesign.test.tsx > Responsive Design Integration Tests > should handle data tables responsively
[36m<body>[39m
  [36m<div>[39m
    [36m<div[39m
      [33mclass[39m=[32m"min-h-screen bg-gray-50"[39m
    [36m>[39m
      [36m<div[39m
        [33mclass[39m=[32m"lg:hidden"[39m
      [36m>[39m
        [36m<nav[39m
          [33mclass[39m=[32m"bg-white shadow-lg border-b border-gray-200"[39m
        [36m>[39m
          [36m<div[39m
            [33mclass[39m=[32m"max-w-7xl mx-auto px-4 sm:px-6 lg:px-8"[39m
          [36m>[39m
            [36m<div[39m
              [33mclass[39m=[32m"flex justify-between h-16"[39m
            [36m>[39m
              [36m<div[39m
                [33mclass[39m=[32m"flex items-center"[39m
              [36m>[39m
                [36m<a[39m
                  [33mclass[39m=[32m"flex items-center space-x-2"[39m
                  [33mdata-discover[39m=[32m"true"[39m
                  [33mhref[39m=[32m"/"[39m
                [36m>[39m
                  [36m<span[39m
                    [33mclass[39m=[32m"text-2xl"[39m
                  [36m>[39m
                    [0m🏡[0m
                  [36m</span>[39m
                  [36m<span[39m
                    [33mclass[39m=[32m"text-xl font-bold text-gray-900 hidden sm:block"[39m
                  [36m>[39m
                    [0mHousehold Management[0m
                  [36m</span>[39m
                  [36m<span[39m
                    [33mclass[39m=[32m"text-xl font-bold text-gray-900 sm:hidden"[39m
                  [36m>[39m
                    [0mHome[0m
                  [36m</span>[39m
                [36m</a>[39m
              [36m</div>[39m
              [36m<div[39m
                [33mclass[39m=[32m"hidden md:flex items-center space-x-8"[39m
              [36m>[39m
                [36m<a[39m
                  [33mclass[39m=[32m"flex items-center space-x-1 px-3 py-2 rounded-md text-sm font-medium transition-colors bg-blue-100 text-blue-700"[39m
                  [33mdata-discover[39m=[32m"true"[39m
                  [33mhref[39m=[32m"/"[39m
                [36m>[39m
                  [36m<span[39m
                    [33mclass[39m=[32m"text-lg"[39m
                  [36m>[39m
                    [0m🏠[0m
                  [36m</span>[39m
                  [36m<span>[39m
                    [0mDashboard[0m
                  [36m</span>[39m
                [36m</a>[39m
                [36m<a[39m
                  [33mclass[39m=[32m"flex items-center space-x-1 px-3 py-2 rounded-md text-sm font-medium transition-colors text-gray-600 hover:text-gray-900 hover:bg-gray-100"[39m
                  [33mdata-discover[39m=[32m"true"[39m
                  [33mhref[39m=[32m"/plants"[39m
                [36m>[39m
                  [36m<span[39m
                    [33mclass[39m=[32m"text-lg"[39m
                  [36m>[39m
                    [0m🌱[0m
                  [36m</span>[39m
                  [36m<span>[39m
                    [0mPlant Codex[0m
                  [36m</span>[39m
                [36m</a>[39m
                [36m<a[39m
                  [33mclass[39m=[32m"flex items-center space-x-1 px-3 py-2 rounded-md text-sm font-medium transition-colors text-gray-600 hover:text-gray-900 hover:bg-gray-100"[39m
                  [33mdata-discover[39m=[32m"true"[39m
                  [33mhref[39m=[32m"/projects"[39m
                [36m>[39m
                  [36m<span[39m
                    [33mclass[39m=[32m"text-lg"[39m
                  [36m>[39m
                    [0m🔨[0m
                  [36m</span>[39m
                  [36m<span>[39m
                    [0mProjects[0m
                  [36m</span>[39m
                [36m</a>[39m
                [36m<a[39m
                  [33mclass[39m=[32m"flex items-center space-x-1 px-3 py-2 rounded-md text-sm font-medium transition-colors text-gray-600 hover:text-gray-900 hover:bg-gray-100"[39m
                  [33mdata-discover[39m=[32m"true"[39m
                  [33mhref[39m=[32m"/tasks"[39m
                [36m>[39m
                  [36m<span[39m
                    [33mclass[39m=[32m"text-lg"[39m
                  [36m>[39m
                    [0m✅[0m
                  [36m</span>[39m
                  [36m<span>[39m
                    [0mTasks[0m
                  [36m</span>[39m
                [36m</a>[39m
                [36m<a[39m
                  [33mclass[39m=[32m"flex items-center space-x-1 px-3 py-2 rounded-md text-sm font-medium transition-colors text-gray-600 hover:text-gray-900 hover:bg-gray-100"[39m
                  [33mdata-discover[39m=[32m"true"[39m
                  [33mhref[39m=[32m"/calendar"[39m
                [36m>[39m
                  [36m<span[39m
                    [33mclass[39m=[32m"text-lg"[39m
                  [36m>[39m
                    [0m📅[0m
                  [36m</span>[39m
                  [36m<span>[39m
                    [0mCalendar[0m
                  [36m</span>[39m
                [36m</a>[39m
              [36m</div>[39m
              [36m<div[39m
                [33mclass[39m=[32m"flex items-center space-x-4"[39m
              [36m>[39m
                [36m<div[39m
                  [33mclass[39m=[32m"relative "[39m
                [36m>[39m
                  [36m<div[39m
                    [33mclass[39m=[32m"flex items-center space-x-2"[39m
                  [36m>[39m
                    [36m<div[39m
                      [33mclass[39m=[32m"w-3 h-3 rounded-full bg-green-500 "[39m
                      [33mtitle[39m=[32m"Online"[39m
                    [36m/>[39m
                    [36m<button[39m
                      [33mclass[39m=[32m"text-sm text-gray-600 hover:text-gray-800 focus:outline-none"[39m
                    [36m>[39m
                      [0mOnline[0m
                    [36m</button>[39m
                  [36m</div>[39m
                [36m</div>[39m
                [36m<div[39m
                  [33mclass[39m=[32m"hidden md:block lg:hidden"[39m
                [36m>[39m
                  [36m<div[39m
                    [33mclass[39m=[32m"relative inline-block text-left"[39m
                  [36m>[39m
                    [36m<button[39m
                      [33maria-expanded[39m=[32m"false"[39m
                      [33maria-haspopup[39m=[32m"listbox"[39m
                      [33maria-label[39m=[32m"Common.select Language"[39m
                      [33mclass[39m=[32m"inline-flex items-center justify-between
    px-2 py-1 text-xs 
    font-medium text-gray-700 bg-white border border-gray-300 rounded-md
    hover:bg-gray-50 focus:outline-none focus:ring-2 focus:ring-offset-2 focus:ring-blue-500
    active:bg-gray-100 disabled:opacity-50 disabled:cursor-not-allowed
    transition-all durat...

stdout | src/test/integration/responsiveDesign.test.tsx > Responsive Design Integration Tests > should handle data tables responsively
[36m<body>[39m
  [36m<div>[39m
    [36m<div[39m
      [33mclass[39m=[32m"min-h-screen bg-gray-50"[39m
    [36m>[39m
      [36m<div[39m
        [33mclass[39m=[32m"lg:hidden"[39m
      [36m>[39m
        [36m<nav[39m
          [33mclass[39m=[32m"bg-white shadow-lg border-b border-gray-200"[39m
        [36m>[39m
          [36m<div[39m
            [33mclass[39m=[32m"max-w-7xl mx-auto px-4 sm:px-6 lg:px-8"[39m
          [36m>[39m
            [36m<div[39m
              [33mclass[39m=[32m"flex justify-between h-16"[39m
            [36m>[39m
              [36m<div[39m
                [33mclass[39m=[32m"flex items-center"[39m
              [36m>[39m
                [36m<a[39m
                  [33mclass[39m=[32m"flex items-center space-x-2"[39m
                  [33mdata-discover[39m=[32m"true"[39m
                  [33mhref[39m=[32m"/"[39m
                [36m>[39m
                  [36m<span[39m
                    [33mclass[39m=[32m"text-2xl"[39m
                  [36m>[39m
                    [0m🏡[0m
                  [36m</span>[39m
                  [36m<span[39m
                    [33mclass[39m=[32m"text-xl font-bold text-gray-900 hidden sm:block"[39m
                  [36m>[39m
                    [0mHousehold Management[0m
                  [36m</span>[39m
                  [36m<span[39m
                    [33mclass[39m=[32m"text-xl font-bold text-gray-900 sm:hidden"[39m
                  [36m>[39m
                    [0mHome[0m
                  [36m</span>[39m
                [36m</a>[39m
              [36m</div>[39m
              [36m<div[39m
                [33mclass[39m=[32m"hidden md:flex items-center space-x-8"[39m
              [36m>[39m
                [36m<a[39m
                  [33mclass[39m=[32m"flex items-center space-x-1 px-3 py-2 rounded-md text-sm font-medium transition-colors bg-blue-100 text-blue-700"[39m
                  [33mdata-discover[39m=[32m"true"[39m
                  [33mhref[39m=[32m"/"[39m
                [36m>[39m
                  [36m<span[39m
                    [33mclass[39m=[32m"text-lg"[39m
                  [36m>[39m
                    [0m🏠[0m
                  [36m</span>[39m
                  [36m<span>[39m
                    [0mDashboard[0m
                  [36m</span>[39m
                [36m</a>[39m
                [36m<a[39m
                  [33mclass[39m=[32m"flex items-center space-x-1 px-3 py-2 rounded-md text-sm font-medium transition-colors text-gray-600 hover:text-gray-900 hover:bg-gray-100"[39m
                  [33mdata-discover[39m=[32m"true"[39m
                  [33mhref[39m=[32m"/plants"[39m
                [36m>[39m
                  [36m<span[39m
                    [33mclass[39m=[32m"text-lg"[39m
                  [36m>[39m
                    [0m🌱[0m
                  [36m</span>[39m
                  [36m<span>[39m
                    [0mPlant Codex[0m
                  [36m</span>[39m
                [36m</a>[39m
                [36m<a[39m
                  [33mclass[39m=[32m"flex items-center space-x-1 px-3 py-2 rounded-md text-sm font-medium transition-colors text-gray-600 hover:text-gray-900 hover:bg-gray-100"[39m
                  [33mdata-discover[39m=[32m"true"[39m
                  [33mhref[39m=[32m"/projects"[39m
                [36m>[39m
                  [36m<span[39m
                    [33mclass[39m=[32m"text-lg"[39m
                  [36m>[39m
                    [0m🔨[0m
                  [36m</span>[39m
                  [36m<span>[39m
                    [0mProjects[0m
                  [36m</span>[39m
                [36m</a>[39m
                [36m<a[39m
                  [33mclass[39m=[32m"flex items-center space-x-1 px-3 py-2 rounded-md text-sm font-medium transition-colors text-gray-600 hover:text-gray-900 hover:bg-gray-100"[39m
                  [33mdata-discover[39m=[32m"true"[39m
                  [33mhref[39m=[32m"/tasks"[39m
                [36m>[39m
                  [36m<span[39m
                    [33mclass[39m=[32m"text-lg"[39m
                  [36m>[39m
                    [0m✅[0m
                  [36m</span>[39m
                  [36m<span>[39m
                    [0mTasks[0m
                  [36m</span>[39m
                [36m</a>[39m
                [36m<a[39m
                  [33mclass[39m=[32m"flex items-center space-x-1 px-3 py-2 rounded-md text-sm font-medium transition-colors text-gray-600 hover:text-gray-900 hover:bg-gray-100"[39m
                  [33mdata-discover[39m=[32m"true"[39m
                  [33mhref[39m=[32m"/calendar"[39m
                [36m>[39m
                  [36m<span[39m
                    [33mclass[39m=[32m"text-lg"[39m
                  [36m>[39m
                    [0m📅[0m
                  [36m</span>[39m
                  [36m<span>[39m
                    [0mCalendar[0m
                  [36m</span>[39m
                [36m</a>[39m
              [36m</div>[39m
              [36m<div[39m
                [33mclass[39m=[32m"flex items-center space-x-4"[39m
              [36m>[39m
                [36m<div[39m
                  [33mclass[39m=[32m"relative "[39m
                [36m>[39m
                  [36m<div[39m
                    [33mclass[39m=[32m"flex items-center space-x-2"[39m
                  [36m>[39m
                    [36m<div[39m
                      [33mclass[39m=[32m"w-3 h-3 rounded-full bg-green-500 "[39m
                      [33mtitle[39m=[32m"Online"[39m
                    [36m/>[39m
                    [36m<button[39m
                      [33mclass[39m=[32m"text-sm text-gray-600 hover:text-gray-800 focus:outline-none"[39m
                    [36m>[39m
                      [0mOnline[0m
                    [36m</button>[39m
                  [36m</div>[39m
                [36m</div>[39m
                [36m<div[39m
                  [33mclass[39m=[32m"hidden md:block lg:hidden"[39m
                [36m>[39m
                  [36m<div[39m
                    [33mclass[39m=[32m"relative inline-block text-left"[39m
                  [36m>[39m
                    [36m<button[39m
                      [33maria-expanded[39m=[32m"false"[39m
                      [33maria-haspopup[39m=[32m"listbox"[39m
                      [33maria-label[39m=[32m"Common.select Language"[39m
                      [33mclass[39m=[32m"inline-flex items-center justify-between
    px-2 py-1 text-xs 
    font-medium text-gray-700 bg-white border border-gray-300 rounded-md
    hover:bg-gray-50 focus:outline-none focus:ring-2 focus:ring-offset-2 focus:ring-blue-500
    active:bg-gray-100 disabled:opacity-50 disabled:cursor-not-allowed
    transition-all durat...

stdout | src/test/integration/responsiveDesign.test.tsx > Responsive Design Integration Tests > should handle data tables responsively
[36m<body>[39m
  [36m<div>[39m
    [36m<div[39m
      [33mclass[39m=[32m"min-h-screen bg-gray-50"[39m
    [36m>[39m
      [36m<div[39m
        [33mclass[39m=[32m"lg:hidden"[39m
      [36m>[39m
        [36m<nav[39m
          [33mclass[39m=[32m"bg-white shadow-lg border-b border-gray-200"[39m
        [36m>[39m
          [36m<div[39m
            [33mclass[39m=[32m"max-w-7xl mx-auto px-4 sm:px-6 lg:px-8"[39m
          [36m>[39m
            [36m<div[39m
              [33mclass[39m=[32m"flex justify-between h-16"[39m
            [36m>[39m
              [36m<div[39m
                [33mclass[39m=[32m"flex items-center"[39m
              [36m>[39m
                [36m<a[39m
                  [33mclass[39m=[32m"flex items-center space-x-2"[39m
                  [33mdata-discover[39m=[32m"true"[39m
                  [33mhref[39m=[32m"/"[39m
                [36m>[39m
                  [36m<span[39m
                    [33mclass[39m=[32m"text-2xl"[39m
                  [36m>[39m
                    [0m🏡[0m
                  [36m</span>[39m
                  [36m<span[39m
                    [33mclass[39m=[32m"text-xl font-bold text-gray-900 hidden sm:block"[39m
                  [36m>[39m
                    [0mHousehold Management[0m
                  [36m</span>[39m
                  [36m<span[39m
                    [33mclass[39m=[32m"text-xl font-bold text-gray-900 sm:hidden"[39m
                  [36m>[39m
                    [0mHome[0m
                  [36m</span>[39m
                [36m</a>[39m
              [36m</div>[39m
              [36m<div[39m
                [33mclass[39m=[32m"hidden md:flex items-center space-x-8"[39m
              [36m>[39m
                [36m<a[39m
                  [33mclass[39m=[32m"flex items-center space-x-1 px-3 py-2 rounded-md text-sm font-medium transition-colors bg-blue-100 text-blue-700"[39m
                  [33mdata-discover[39m=[32m"true"[39m
                  [33mhref[39m=[32m"/"[39m
                [36m>[39m
                  [36m<span[39m
                    [33mclass[39m=[32m"text-lg"[39m
                  [36m>[39m
                    [0m🏠[0m
                  [36m</span>[39m
                  [36m<span>[39m
                    [0mDashboard[0m
                  [36m</span>[39m
                [36m</a>[39m
                [36m<a[39m
                  [33mclass[39m=[32m"flex items-center space-x-1 px-3 py-2 rounded-md text-sm font-medium transition-colors text-gray-600 hover:text-gray-900 hover:bg-gray-100"[39m
                  [33mdata-discover[39m=[32m"true"[39m
                  [33mhref[39m=[32m"/plants"[39m
                [36m>[39m
                  [36m<span[39m
                    [33mclass[39m=[32m"text-lg"[39m
                  [36m>[39m
                    [0m🌱[0m
                  [36m</span>[39m
                  [36m<span>[39m
                    [0mPlant Codex[0m
                  [36m</span>[39m
                [36m</a>[39m
                [36m<a[39m
                  [33mclass[39m=[32m"flex items-center space-x-1 px-3 py-2 rounded-md text-sm font-medium transition-colors text-gray-600 hover:text-gray-900 hover:bg-gray-100"[39m
                  [33mdata-discover[39m=[32m"true"[39m
                  [33mhref[39m=[32m"/projects"[39m
                [36m>[39m
                  [36m<span[39m
                    [33mclass[39m=[32m"text-lg"[39m
                  [36m>[39m
                    [0m🔨[0m
                  [36m</span>[39m
                  [36m<span>[39m
                    [0mProjects[0m
                  [36m</span>[39m
                [36m</a>[39m
                [36m<a[39m
                  [33mclass[39m=[32m"flex items-center space-x-1 px-3 py-2 rounded-md text-sm font-medium transition-colors text-gray-600 hover:text-gray-900 hover:bg-gray-100"[39m
                  [33mdata-discover[39m=[32m"true"[39m
                  [33mhref[39m=[32m"/tasks"[39m
                [36m>[39m
                  [36m<span[39m
                    [33mclass[39m=[32m"text-lg"[39m
                  [36m>[39m
                    [0m✅[0m
                  [36m</span>[39m
                  [36m<span>[39m
                    [0mTasks[0m
                  [36m</span>[39m
                [36m</a>[39m
                [36m<a[39m
                  [33mclass[39m=[32m"flex items-center space-x-1 px-3 py-2 rounded-md text-sm font-medium transition-colors text-gray-600 hover:text-gray-900 hover:bg-gray-100"[39m
                  [33mdata-discover[39m=[32m"true"[39m
                  [33mhref[39m=[32m"/calendar"[39m
                [36m>[39m
                  [36m<span[39m
                    [33mclass[39m=[32m"text-lg"[39m
                  [36m>[39m
                    [0m📅[0m
                  [36m</span>[39m
                  [36m<span>[39m
                    [0mCalendar[0m
                  [36m</span>[39m
                [36m</a>[39m
              [36m</div>[39m
              [36m<div[39m
                [33mclass[39m=[32m"flex items-center space-x-4"[39m
              [36m>[39m
                [36m<div[39m
                  [33mclass[39m=[32m"relative "[39m
                [36m>[39m
                  [36m<div[39m
                    [33mclass[39m=[32m"flex items-center space-x-2"[39m
                  [36m>[39m
                    [36m<div[39m
                      [33mclass[39m=[32m"w-3 h-3 rounded-full bg-green-500 "[39m
                      [33mtitle[39m=[32m"Online"[39m
                    [36m/>[39m
                    [36m<button[39m
                      [33mclass[39m=[32m"text-sm text-gray-600 hover:text-gray-800 focus:outline-none"[39m
                    [36m>[39m
                      [0mOnline[0m
                    [36m</button>[39m
                  [36m</div>[39m
                [36m</div>[39m
                [36m<div[39m
                  [33mclass[39m=[32m"hidden md:block lg:hidden"[39m
                [36m>[39m
                  [36m<div[39m
                    [33mclass[39m=[32m"relative inline-block text-left"[39m
                  [36m>[39m
                    [36m<button[39m
                      [33maria-expanded[39m=[32m"false"[39m
                      [33maria-haspopup[39m=[32m"listbox"[39m
                      [33maria-label[39m=[32m"Common.select Language"[39m
                      [33mclass[39m=[32m"inline-flex items-center justify-between
    px-2 py-1 text-xs 
    font-medium text-gray-700 bg-white border border-gray-300 rounded-md
    hover:bg-gray-50 focus:outline-none focus:ring-2 focus:ring-offset-2 focus:ring-blue-500
    active:bg-gray-100 disabled:opacity-50 disabled:cursor-not-allowed
    transition-all durat...

stdout | src/test/integration/responsiveDesign.test.tsx > Responsive Design Integration Tests > should handle data tables responsively
[36m<body>[39m
  [36m<div>[39m
    [36m<div[39m
      [33mclass[39m=[32m"min-h-screen bg-gray-50"[39m
    [36m>[39m
      [36m<div[39m
        [33mclass[39m=[32m"lg:hidden"[39m
      [36m>[39m
        [36m<nav[39m
          [33mclass[39m=[32m"bg-white shadow-lg border-b border-gray-200"[39m
        [36m>[39m
          [36m<div[39m
            [33mclass[39m=[32m"max-w-7xl mx-auto px-4 sm:px-6 lg:px-8"[39m
          [36m>[39m
            [36m<div[39m
              [33mclass[39m=[32m"flex justify-between h-16"[39m
            [36m>[39m
              [36m<div[39m
                [33mclass[39m=[32m"flex items-center"[39m
              [36m>[39m
                [36m<a[39m
                  [33mclass[39m=[32m"flex items-center space-x-2"[39m
                  [33mdata-discover[39m=[32m"true"[39m
                  [33mhref[39m=[32m"/"[39m
                [36m>[39m
                  [36m<span[39m
                    [33mclass[39m=[32m"text-2xl"[39m
                  [36m>[39m
                    [0m🏡[0m
                  [36m</span>[39m
                  [36m<span[39m
                    [33mclass[39m=[32m"text-xl font-bold text-gray-900 hidden sm:block"[39m
                  [36m>[39m
                    [0mHousehold Management[0m
                  [36m</span>[39m
                  [36m<span[39m
                    [33mclass[39m=[32m"text-xl font-bold text-gray-900 sm:hidden"[39m
                  [36m>[39m
                    [0mHome[0m
                  [36m</span>[39m
                [36m</a>[39m
              [36m</div>[39m
              [36m<div[39m
                [33mclass[39m=[32m"hidden md:flex items-center space-x-8"[39m
              [36m>[39m
                [36m<a[39m
                  [33mclass[39m=[32m"flex items-center space-x-1 px-3 py-2 rounded-md text-sm font-medium transition-colors bg-blue-100 text-blue-700"[39m
                  [33mdata-discover[39m=[32m"true"[39m
                  [33mhref[39m=[32m"/"[39m
                [36m>[39m
                  [36m<span[39m
                    [33mclass[39m=[32m"text-lg"[39m
                  [36m>[39m
                    [0m🏠[0m
                  [36m</span>[39m
                  [36m<span>[39m
                    [0mDashboard[0m
                  [36m</span>[39m
                [36m</a>[39m
                [36m<a[39m
                  [33mclass[39m=[32m"flex items-center space-x-1 px-3 py-2 rounded-md text-sm font-medium transition-colors text-gray-600 hover:text-gray-900 hover:bg-gray-100"[39m
                  [33mdata-discover[39m=[32m"true"[39m
                  [33mhref[39m=[32m"/plants"[39m
                [36m>[39m
                  [36m<span[39m
                    [33mclass[39m=[32m"text-lg"[39m
                  [36m>[39m
                    [0m🌱[0m
                  [36m</span>[39m
                  [36m<span>[39m
                    [0mPlant Codex[0m
                  [36m</span>[39m
                [36m</a>[39m
                [36m<a[39m
                  [33mclass[39m=[32m"flex items-center space-x-1 px-3 py-2 rounded-md text-sm font-medium transition-colors text-gray-600 hover:text-gray-900 hover:bg-gray-100"[39m
                  [33mdata-discover[39m=[32m"true"[39m
                  [33mhref[39m=[32m"/projects"[39m
                [36m>[39m
                  [36m<span[39m
                    [33mclass[39m=[32m"text-lg"[39m
                  [36m>[39m
                    [0m🔨[0m
                  [36m</span>[39m
                  [36m<span>[39m
                    [0mProjects[0m
                  [36m</span>[39m
                [36m</a>[39m
                [36m<a[39m
                  [33mclass[39m=[32m"flex items-center space-x-1 px-3 py-2 rounded-md text-sm font-medium transition-colors text-gray-600 hover:text-gray-900 hover:bg-gray-100"[39m
                  [33mdata-discover[39m=[32m"true"[39m
                  [33mhref[39m=[32m"/tasks"[39m
                [36m>[39m
                  [36m<span[39m
                    [33mclass[39m=[32m"text-lg"[39m
                  [36m>[39m
                    [0m✅[0m
                  [36m</span>[39m
                  [36m<span>[39m
                    [0mTasks[0m
                  [36m</span>[39m
                [36m</a>[39m
                [36m<a[39m
                  [33mclass[39m=[32m"flex items-center space-x-1 px-3 py-2 rounded-md text-sm font-medium transition-colors text-gray-600 hover:text-gray-900 hover:bg-gray-100"[39m
                  [33mdata-discover[39m=[32m"true"[39m
                  [33mhref[39m=[32m"/calendar"[39m
                [36m>[39m
                  [36m<span[39m
                    [33mclass[39m=[32m"text-lg"[39m
                  [36m>[39m
                    [0m📅[0m
                  [36m</span>[39m
                  [36m<span>[39m
                    [0mCalendar[0m
                  [36m</span>[39m
                [36m</a>[39m
              [36m</div>[39m
              [36m<div[39m
                [33mclass[39m=[32m"flex items-center space-x-4"[39m
              [36m>[39m
                [36m<div[39m
                  [33mclass[39m=[32m"relative "[39m
                [36m>[39m
                  [36m<div[39m
                    [33mclass[39m=[32m"flex items-center space-x-2"[39m
                  [36m>[39m
                    [36m<div[39m
                      [33mclass[39m=[32m"w-3 h-3 rounded-full bg-green-500 "[39m
                      [33mtitle[39m=[32m"Online"[39m
                    [36m/>[39m
                    [36m<button[39m
                      [33mclass[39m=[32m"text-sm text-gray-600 hover:text-gray-800 focus:outline-none"[39m
                    [36m>[39m
                      [0mOnline[0m
                    [36m</button>[39m
                  [36m</div>[39m
                [36m</div>[39m
                [36m<div[39m
                  [33mclass[39m=[32m"hidden md:block lg:hidden"[39m
                [36m>[39m
                  [36m<div[39m
                    [33mclass[39m=[32m"relative inline-block text-left"[39m
                  [36m>[39m
                    [36m<button[39m
                      [33maria-expanded[39m=[32m"false"[39m
                      [33maria-haspopup[39m=[32m"listbox"[39m
                      [33maria-label[39m=[32m"Common.select Language"[39m
                      [33mclass[39m=[32m"inline-flex items-center justify-between
    px-2 py-1 text-xs 
    font-medium text-gray-700 bg-white border border-gray-300 rounded-md
    hover:bg-gray-50 focus:outline-none focus:ring-2 focus:ring-offset-2 focus:ring-blue-500
    active:bg-gray-100 disabled:opacity-50 disabled:cursor-not-allowed
    transition-all durat...

stdout | src/test/integration/responsiveDesign.test.tsx > Responsive Design Integration Tests > should handle data tables responsively
[36m<body>[39m
  [36m<div>[39m
    [36m<div[39m
      [33mclass[39m=[32m"min-h-screen bg-gray-50"[39m
    [36m>[39m
      [36m<div[39m
        [33mclass[39m=[32m"lg:hidden"[39m
      [36m>[39m
        [36m<nav[39m
          [33mclass[39m=[32m"bg-white shadow-lg border-b border-gray-200"[39m
        [36m>[39m
          [36m<div[39m
            [33mclass[39m=[32m"max-w-7xl mx-auto px-4 sm:px-6 lg:px-8"[39m
          [36m>[39m
            [36m<div[39m
              [33mclass[39m=[32m"flex justify-between h-16"[39m
            [36m>[39m
              [36m<div[39m
                [33mclass[39m=[32m"flex items-center"[39m
              [36m>[39m
                [36m<a[39m
                  [33mclass[39m=[32m"flex items-center space-x-2"[39m
                  [33mdata-discover[39m=[32m"true"[39m
                  [33mhref[39m=[32m"/"[39m
                [36m>[39m
                  [36m<span[39m
                    [33mclass[39m=[32m"text-2xl"[39m
                  [36m>[39m
                    [0m🏡[0m
                  [36m</span>[39m
                  [36m<span[39m
                    [33mclass[39m=[32m"text-xl font-bold text-gray-900 hidden sm:block"[39m
                  [36m>[39m
                    [0mHousehold Management[0m
                  [36m</span>[39m
                  [36m<span[39m
                    [33mclass[39m=[32m"text-xl font-bold text-gray-900 sm:hidden"[39m
                  [36m>[39m
                    [0mHome[0m
                  [36m</span>[39m
                [36m</a>[39m
              [36m</div>[39m
              [36m<div[39m
                [33mclass[39m=[32m"hidden md:flex items-center space-x-8"[39m
              [36m>[39m
                [36m<a[39m
                  [33mclass[39m=[32m"flex items-center space-x-1 px-3 py-2 rounded-md text-sm font-medium transition-colors bg-blue-100 text-blue-700"[39m
                  [33mdata-discover[39m=[32m"true"[39m
                  [33mhref[39m=[32m"/"[39m
                [36m>[39m
                  [36m<span[39m
                    [33mclass[39m=[32m"text-lg"[39m
                  [36m>[39m
                    [0m🏠[0m
                  [36m</span>[39m
                  [36m<span>[39m
                    [0mDashboard[0m
                  [36m</span>[39m
                [36m</a>[39m
                [36m<a[39m
                  [33mclass[39m=[32m"flex items-center space-x-1 px-3 py-2 rounded-md text-sm font-medium transition-colors text-gray-600 hover:text-gray-900 hover:bg-gray-100"[39m
                  [33mdata-discover[39m=[32m"true"[39m
                  [33mhref[39m=[32m"/plants"[39m
                [36m>[39m
                  [36m<span[39m
                    [33mclass[39m=[32m"text-lg"[39m
                  [36m>[39m
                    [0m🌱[0m
                  [36m</span>[39m
                  [36m<span>[39m
                    [0mPlant Codex[0m
                  [36m</span>[39m
                [36m</a>[39m
                [36m<a[39m
                  [33mclass[39m=[32m"flex items-center space-x-1 px-3 py-2 rounded-md text-sm font-medium transition-colors text-gray-600 hover:text-gray-900 hover:bg-gray-100"[39m
                  [33mdata-discover[39m=[32m"true"[39m
                  [33mhref[39m=[32m"/projects"[39m
                [36m>[39m
                  [36m<span[39m
                    [33mclass[39m=[32m"text-lg"[39m
                  [36m>[39m
                    [0m🔨[0m
                  [36m</span>[39m
                  [36m<span>[39m
                    [0mProjects[0m
                  [36m</span>[39m
                [36m</a>[39m
                [36m<a[39m
                  [33mclass[39m=[32m"flex items-center space-x-1 px-3 py-2 rounded-md text-sm font-medium transition-colors text-gray-600 hover:text-gray-900 hover:bg-gray-100"[39m
                  [33mdata-discover[39m=[32m"true"[39m
                  [33mhref[39m=[32m"/tasks"[39m
                [36m>[39m
                  [36m<span[39m
                    [33mclass[39m=[32m"text-lg"[39m
                  [36m>[39m
                    [0m✅[0m
                  [36m</span>[39m
                  [36m<span>[39m
                    [0mTasks[0m
                  [36m</span>[39m
                [36m</a>[39m
                [36m<a[39m
                  [33mclass[39m=[32m"flex items-center space-x-1 px-3 py-2 rounded-md text-sm font-medium transition-colors text-gray-600 hover:text-gray-900 hover:bg-gray-100"[39m
                  [33mdata-discover[39m=[32m"true"[39m
                  [33mhref[39m=[32m"/calendar"[39m
                [36m>[39m
                  [36m<span[39m
                    [33mclass[39m=[32m"text-lg"[39m
                  [36m>[39m
                    [0m📅[0m
                  [36m</span>[39m
                  [36m<span>[39m
                    [0mCalendar[0m
                  [36m</span>[39m
                [36m</a>[39m
              [36m</div>[39m
              [36m<div[39m
                [33mclass[39m=[32m"flex items-center space-x-4"[39m
              [36m>[39m
                [36m<div[39m
                  [33mclass[39m=[32m"relative "[39m
                [36m>[39m
                  [36m<div[39m
                    [33mclass[39m=[32m"flex items-center space-x-2"[39m
                  [36m>[39m
                    [36m<div[39m
                      [33mclass[39m=[32m"w-3 h-3 rounded-full bg-green-500 "[39m
                      [33mtitle[39m=[32m"Online"[39m
                    [36m/>[39m
                    [36m<button[39m
                      [33mclass[39m=[32m"text-sm text-gray-600 hover:text-gray-800 focus:outline-none"[39m
                    [36m>[39m
                      [0mOnline[0m
                    [36m</button>[39m
                  [36m</div>[39m
                [36m</div>[39m
                [36m<div[39m
                  [33mclass[39m=[32m"hidden md:block lg:hidden"[39m
                [36m>[39m
                  [36m<div[39m
                    [33mclass[39m=[32m"relative inline-block text-left"[39m
                  [36m>[39m
                    [36m<button[39m
                      [33maria-expanded[39m=[32m"false"[39m
                      [33maria-haspopup[39m=[32m"listbox"[39m
                      [33maria-label[39m=[32m"Common.select Language"[39m
                      [33mclass[39m=[32m"inline-flex items-center justify-between
    px-2 py-1 text-xs 
    font-medium text-gray-700 bg-white border border-gray-300 rounded-md
    hover:bg-gray-50 focus:outline-none focus:ring-2 focus:ring-offset-2 focus:ring-blue-500
    active:bg-gray-100 disabled:opacity-50 disabled:cursor-not-allowed
    transition-all durat...

stdout | src/test/integration/responsiveDesign.test.tsx > Responsive Design Integration Tests > should handle data tables responsively
[36m<body>[39m
  [36m<div>[39m
    [36m<div[39m
      [33mclass[39m=[32m"min-h-screen bg-gray-50"[39m
    [36m>[39m
      [36m<div[39m
        [33mclass[39m=[32m"lg:hidden"[39m
      [36m>[39m
        [36m<nav[39m
          [33mclass[39m=[32m"bg-white shadow-lg border-b border-gray-200"[39m
        [36m>[39m
          [36m<div[39m
            [33mclass[39m=[32m"max-w-7xl mx-auto px-4 sm:px-6 lg:px-8"[39m
          [36m>[39m
            [36m<div[39m
              [33mclass[39m=[32m"flex justify-between h-16"[39m
            [36m>[39m
              [36m<div[39m
                [33mclass[39m=[32m"flex items-center"[39m
              [36m>[39m
                [36m<a[39m
                  [33mclass[39m=[32m"flex items-center space-x-2"[39m
                  [33mdata-discover[39m=[32m"true"[39m
                  [33mhref[39m=[32m"/"[39m
                [36m>[39m
                  [36m<span[39m
                    [33mclass[39m=[32m"text-2xl"[39m
                  [36m>[39m
                    [0m🏡[0m
                  [36m</span>[39m
                  [36m<span[39m
                    [33mclass[39m=[32m"text-xl font-bold text-gray-900 hidden sm:block"[39m
                  [36m>[39m
                    [0mHousehold Management[0m
                  [36m</span>[39m
                  [36m<span[39m
                    [33mclass[39m=[32m"text-xl font-bold text-gray-900 sm:hidden"[39m
                  [36m>[39m
                    [0mHome[0m
                  [36m</span>[39m
                [36m</a>[39m
              [36m</div>[39m
              [36m<div[39m
                [33mclass[39m=[32m"hidden md:flex items-center space-x-8"[39m
              [36m>[39m
                [36m<a[39m
                  [33mclass[39m=[32m"flex items-center space-x-1 px-3 py-2 rounded-md text-sm font-medium transition-colors bg-blue-100 text-blue-700"[39m
                  [33mdata-discover[39m=[32m"true"[39m
                  [33mhref[39m=[32m"/"[39m
                [36m>[39m
                  [36m<span[39m
                    [33mclass[39m=[32m"text-lg"[39m
                  [36m>[39m
                    [0m🏠[0m
                  [36m</span>[39m
                  [36m<span>[39m
                    [0mDashboard[0m
                  [36m</span>[39m
                [36m</a>[39m
                [36m<a[39m
                  [33mclass[39m=[32m"flex items-center space-x-1 px-3 py-2 rounded-md text-sm font-medium transition-colors text-gray-600 hover:text-gray-900 hover:bg-gray-100"[39m
                  [33mdata-discover[39m=[32m"true"[39m
                  [33mhref[39m=[32m"/plants"[39m
                [36m>[39m
                  [36m<span[39m
                    [33mclass[39m=[32m"text-lg"[39m
                  [36m>[39m
                    [0m🌱[0m
                  [36m</span>[39m
                  [36m<span>[39m
                    [0mPlant Codex[0m
                  [36m</span>[39m
                [36m</a>[39m
                [36m<a[39m
                  [33mclass[39m=[32m"flex items-center space-x-1 px-3 py-2 rounded-md text-sm font-medium transition-colors text-gray-600 hover:text-gray-900 hover:bg-gray-100"[39m
                  [33mdata-discover[39m=[32m"true"[39m
                  [33mhref[39m=[32m"/projects"[39m
                [36m>[39m
                  [36m<span[39m
                    [33mclass[39m=[32m"text-lg"[39m
                  [36m>[39m
                    [0m🔨[0m
                  [36m</span>[39m
                  [36m<span>[39m
                    [0mProjects[0m
                  [36m</span>[39m
                [36m</a>[39m
                [36m<a[39m
                  [33mclass[39m=[32m"flex items-center space-x-1 px-3 py-2 rounded-md text-sm font-medium transition-colors text-gray-600 hover:text-gray-900 hover:bg-gray-100"[39m
                  [33mdata-discover[39m=[32m"true"[39m
                  [33mhref[39m=[32m"/tasks"[39m
                [36m>[39m
                  [36m<span[39m
                    [33mclass[39m=[32m"text-lg"[39m
                  [36m>[39m
                    [0m✅[0m
                  [36m</span>[39m
                  [36m<span>[39m
                    [0mTasks[0m
                  [36m</span>[39m
                [36m</a>[39m
                [36m<a[39m
                  [33mclass[39m=[32m"flex items-center space-x-1 px-3 py-2 rounded-md text-sm font-medium transition-colors text-gray-600 hover:text-gray-900 hover:bg-gray-100"[39m
                  [33mdata-discover[39m=[32m"true"[39m
                  [33mhref[39m=[32m"/calendar"[39m
                [36m>[39m
                  [36m<span[39m
                    [33mclass[39m=[32m"text-lg"[39m
                  [36m>[39m
                    [0m📅[0m
                  [36m</span>[39m
                  [36m<span>[39m
                    [0mCalendar[0m
                  [36m</span>[39m
                [36m</a>[39m
              [36m</div>[39m
              [36m<div[39m
                [33mclass[39m=[32m"flex items-center space-x-4"[39m
              [36m>[39m
                [36m<div[39m
                  [33mclass[39m=[32m"relative "[39m
                [36m>[39m
                  [36m<div[39m
                    [33mclass[39m=[32m"flex items-center space-x-2"[39m
                  [36m>[39m
                    [36m<div[39m
                      [33mclass[39m=[32m"w-3 h-3 rounded-full bg-green-500 "[39m
                      [33mtitle[39m=[32m"Online"[39m
                    [36m/>[39m
                    [36m<button[39m
                      [33mclass[39m=[32m"text-sm text-gray-600 hover:text-gray-800 focus:outline-none"[39m
                    [36m>[39m
                      [0mOnline[0m
                    [36m</button>[39m
                  [36m</div>[39m
                [36m</div>[39m
                [36m<div[39m
                  [33mclass[39m=[32m"hidden md:block lg:hidden"[39m
                [36m>[39m
                  [36m<div[39m
                    [33mclass[39m=[32m"relative inline-block text-left"[39m
                  [36m>[39m
                    [36m<button[39m
                      [33maria-expanded[39m=[32m"false"[39m
                      [33maria-haspopup[39m=[32m"listbox"[39m
                      [33maria-label[39m=[32m"Common.select Language"[39m
                      [33mclass[39m=[32m"inline-flex items-center justify-between
    px-2 py-1 text-xs 
    font-medium text-gray-700 bg-white border border-gray-300 rounded-md
    hover:bg-gray-50 focus:outline-none focus:ring-2 focus:ring-offset-2 focus:ring-blue-500
    active:bg-gray-100 disabled:opacity-50 disabled:cursor-not-allowed
    transition-all durat...

stdout | src/test/integration/responsiveDesign.test.tsx > Responsive Design Integration Tests > should handle data tables responsively
[36m<body>[39m
  [36m<div>[39m
    [36m<div[39m
      [33mclass[39m=[32m"min-h-screen bg-gray-50"[39m
    [36m>[39m
      [36m<div[39m
        [33mclass[39m=[32m"lg:hidden"[39m
      [36m>[39m
        [36m<nav[39m
          [33mclass[39m=[32m"bg-white shadow-lg border-b border-gray-200"[39m
        [36m>[39m
          [36m<div[39m
            [33mclass[39m=[32m"max-w-7xl mx-auto px-4 sm:px-6 lg:px-8"[39m
          [36m>[39m
            [36m<div[39m
              [33mclass[39m=[32m"flex justify-between h-16"[39m
            [36m>[39m
              [36m<div[39m
                [33mclass[39m=[32m"flex items-center"[39m
              [36m>[39m
                [36m<a[39m
                  [33mclass[39m=[32m"flex items-center space-x-2"[39m
                  [33mdata-discover[39m=[32m"true"[39m
                  [33mhref[39m=[32m"/"[39m
                [36m>[39m
                  [36m<span[39m
                    [33mclass[39m=[32m"text-2xl"[39m
                  [36m>[39m
                    [0m🏡[0m
                  [36m</span>[39m
                  [36m<span[39m
                    [33mclass[39m=[32m"text-xl font-bold text-gray-900 hidden sm:block"[39m
                  [36m>[39m
                    [0mHousehold Management[0m
                  [36m</span>[39m
                  [36m<span[39m
                    [33mclass[39m=[32m"text-xl font-bold text-gray-900 sm:hidden"[39m
                  [36m>[39m
                    [0mHome[0m
                  [36m</span>[39m
                [36m</a>[39m
              [36m</div>[39m
              [36m<div[39m
                [33mclass[39m=[32m"hidden md:flex items-center space-x-8"[39m
              [36m>[39m
                [36m<a[39m
                  [33mclass[39m=[32m"flex items-center space-x-1 px-3 py-2 rounded-md text-sm font-medium transition-colors bg-blue-100 text-blue-700"[39m
                  [33mdata-discover[39m=[32m"true"[39m
                  [33mhref[39m=[32m"/"[39m
                [36m>[39m
                  [36m<span[39m
                    [33mclass[39m=[32m"text-lg"[39m
                  [36m>[39m
                    [0m🏠[0m
                  [36m</span>[39m
                  [36m<span>[39m
                    [0mDashboard[0m
                  [36m</span>[39m
                [36m</a>[39m
                [36m<a[39m
                  [33mclass[39m=[32m"flex items-center space-x-1 px-3 py-2 rounded-md text-sm font-medium transition-colors text-gray-600 hover:text-gray-900 hover:bg-gray-100"[39m
                  [33mdata-discover[39m=[32m"true"[39m
                  [33mhref[39m=[32m"/plants"[39m
                [36m>[39m
                  [36m<span[39m
                    [33mclass[39m=[32m"text-lg"[39m
                  [36m>[39m
                    [0m🌱[0m
                  [36m</span>[39m
                  [36m<span>[39m
                    [0mPlant Codex[0m
                  [36m</span>[39m
                [36m</a>[39m
                [36m<a[39m
                  [33mclass[39m=[32m"flex items-center space-x-1 px-3 py-2 rounded-md text-sm font-medium transition-colors text-gray-600 hover:text-gray-900 hover:bg-gray-100"[39m
                  [33mdata-discover[39m=[32m"true"[39m
                  [33mhref[39m=[32m"/projects"[39m
                [36m>[39m
                  [36m<span[39m
                    [33mclass[39m=[32m"text-lg"[39m
                  [36m>[39m
                    [0m🔨[0m
                  [36m</span>[39m
                  [36m<span>[39m
                    [0mProjects[0m
                  [36m</span>[39m
                [36m</a>[39m
                [36m<a[39m
                  [33mclass[39m=[32m"flex items-center space-x-1 px-3 py-2 rounded-md text-sm font-medium transition-colors text-gray-600 hover:text-gray-900 hover:bg-gray-100"[39m
                  [33mdata-discover[39m=[32m"true"[39m
                  [33mhref[39m=[32m"/tasks"[39m
                [36m>[39m
                  [36m<span[39m
                    [33mclass[39m=[32m"text-lg"[39m
                  [36m>[39m
                    [0m✅[0m
                  [36m</span>[39m
                  [36m<span>[39m
                    [0mTasks[0m
                  [36m</span>[39m
                [36m</a>[39m
                [36m<a[39m
                  [33mclass[39m=[32m"flex items-center space-x-1 px-3 py-2 rounded-md text-sm font-medium transition-colors text-gray-600 hover:text-gray-900 hover:bg-gray-100"[39m
                  [33mdata-discover[39m=[32m"true"[39m
                  [33mhref[39m=[32m"/calendar"[39m
                [36m>[39m
                  [36m<span[39m
                    [33mclass[39m=[32m"text-lg"[39m
                  [36m>[39m
                    [0m📅[0m
                  [36m</span>[39m
                  [36m<span>[39m
                    [0mCalendar[0m
                  [36m</span>[39m
                [36m</a>[39m
              [36m</div>[39m
              [36m<div[39m
                [33mclass[39m=[32m"flex items-center space-x-4"[39m
              [36m>[39m
                [36m<div[39m
                  [33mclass[39m=[32m"relative "[39m
                [36m>[39m
                  [36m<div[39m
                    [33mclass[39m=[32m"flex items-center space-x-2"[39m
                  [36m>[39m
                    [36m<div[39m
                      [33mclass[39m=[32m"w-3 h-3 rounded-full bg-green-500 "[39m
                      [33mtitle[39m=[32m"Online"[39m
                    [36m/>[39m
                    [36m<button[39m
                      [33mclass[39m=[32m"text-sm text-gray-600 hover:text-gray-800 focus:outline-none"[39m
                    [36m>[39m
                      [0mOnline[0m
                    [36m</button>[39m
                  [36m</div>[39m
                [36m</div>[39m
                [36m<div[39m
                  [33mclass[39m=[32m"hidden md:block lg:hidden"[39m
                [36m>[39m
                  [36m<div[39m
                    [33mclass[39m=[32m"relative inline-block text-left"[39m
                  [36m>[39m
                    [36m<button[39m
                      [33maria-expanded[39m=[32m"false"[39m
                      [33maria-haspopup[39m=[32m"listbox"[39m
                      [33maria-label[39m=[32m"Common.select Language"[39m
                      [33mclass[39m=[32m"inline-flex items-center justify-between
    px-2 py-1 text-xs 
    font-medium text-gray-700 bg-white border border-gray-300 rounded-md
    hover:bg-gray-50 focus:outline-none focus:ring-2 focus:ring-offset-2 focus:ring-blue-500
    active:bg-gray-100 disabled:opacity-50 disabled:cursor-not-allowed
    transition-all durat...

stdout | src/test/integration/responsiveDesign.test.tsx > Responsive Design Integration Tests > should handle data tables responsively
[36m<body>[39m
  [36m<div>[39m
    [36m<div[39m
      [33mclass[39m=[32m"min-h-screen bg-gray-50"[39m
    [36m>[39m
      [36m<div[39m
        [33mclass[39m=[32m"lg:hidden"[39m
      [36m>[39m
        [36m<nav[39m
          [33mclass[39m=[32m"bg-white shadow-lg border-b border-gray-200"[39m
        [36m>[39m
          [36m<div[39m
            [33mclass[39m=[32m"max-w-7xl mx-auto px-4 sm:px-6 lg:px-8"[39m
          [36m>[39m
            [36m<div[39m
              [33mclass[39m=[32m"flex justify-between h-16"[39m
            [36m>[39m
              [36m<div[39m
                [33mclass[39m=[32m"flex items-center"[39m
              [36m>[39m
                [36m<a[39m
                  [33mclass[39m=[32m"flex items-center space-x-2"[39m
                  [33mdata-discover[39m=[32m"true"[39m
                  [33mhref[39m=[32m"/"[39m
                [36m>[39m
                  [36m<span[39m
                    [33mclass[39m=[32m"text-2xl"[39m
                  [36m>[39m
                    [0m🏡[0m
                  [36m</span>[39m
                  [36m<span[39m
                    [33mclass[39m=[32m"text-xl font-bold text-gray-900 hidden sm:block"[39m
                  [36m>[39m
                    [0mHousehold Management[0m
                  [36m</span>[39m
                  [36m<span[39m
                    [33mclass[39m=[32m"text-xl font-bold text-gray-900 sm:hidden"[39m
                  [36m>[39m
                    [0mHome[0m
                  [36m</span>[39m
                [36m</a>[39m
              [36m</div>[39m
              [36m<div[39m
                [33mclass[39m=[32m"hidden md:flex items-center space-x-8"[39m
              [36m>[39m
                [36m<a[39m
                  [33mclass[39m=[32m"flex items-center space-x-1 px-3 py-2 rounded-md text-sm font-medium transition-colors bg-blue-100 text-blue-700"[39m
                  [33mdata-discover[39m=[32m"true"[39m
                  [33mhref[39m=[32m"/"[39m
                [36m>[39m
                  [36m<span[39m
                    [33mclass[39m=[32m"text-lg"[39m
                  [36m>[39m
                    [0m🏠[0m
                  [36m</span>[39m
                  [36m<span>[39m
                    [0mDashboard[0m
                  [36m</span>[39m
                [36m</a>[39m
                [36m<a[39m
                  [33mclass[39m=[32m"flex items-center space-x-1 px-3 py-2 rounded-md text-sm font-medium transition-colors text-gray-600 hover:text-gray-900 hover:bg-gray-100"[39m
                  [33mdata-discover[39m=[32m"true"[39m
                  [33mhref[39m=[32m"/plants"[39m
                [36m>[39m
                  [36m<span[39m
                    [33mclass[39m=[32m"text-lg"[39m
                  [36m>[39m
                    [0m🌱[0m
                  [36m</span>[39m
                  [36m<span>[39m
                    [0mPlant Codex[0m
                  [36m</span>[39m
                [36m</a>[39m
                [36m<a[39m
                  [33mclass[39m=[32m"flex items-center space-x-1 px-3 py-2 rounded-md text-sm font-medium transition-colors text-gray-600 hover:text-gray-900 hover:bg-gray-100"[39m
                  [33mdata-discover[39m=[32m"true"[39m
                  [33mhref[39m=[32m"/projects"[39m
                [36m>[39m
                  [36m<span[39m
                    [33mclass[39m=[32m"text-lg"[39m
                  [36m>[39m
                    [0m🔨[0m
                  [36m</span>[39m
                  [36m<span>[39m
                    [0mProjects[0m
                  [36m</span>[39m
                [36m</a>[39m
                [36m<a[39m
                  [33mclass[39m=[32m"flex items-center space-x-1 px-3 py-2 rounded-md text-sm font-medium transition-colors text-gray-600 hover:text-gray-900 hover:bg-gray-100"[39m
                  [33mdata-discover[39m=[32m"true"[39m
                  [33mhref[39m=[32m"/tasks"[39m
                [36m>[39m
                  [36m<span[39m
                    [33mclass[39m=[32m"text-lg"[39m
                  [36m>[39m
                    [0m✅[0m
                  [36m</span>[39m
                  [36m<span>[39m
                    [0mTasks[0m
                  [36m</span>[39m
                [36m</a>[39m
                [36m<a[39m
                  [33mclass[39m=[32m"flex items-center space-x-1 px-3 py-2 rounded-md text-sm font-medium transition-colors text-gray-600 hover:text-gray-900 hover:bg-gray-100"[39m
                  [33mdata-discover[39m=[32m"true"[39m
                  [33mhref[39m=[32m"/calendar"[39m
                [36m>[39m
                  [36m<span[39m
                    [33mclass[39m=[32m"text-lg"[39m
                  [36m>[39m
                    [0m📅[0m
                  [36m</span>[39m
                  [36m<span>[39m
                    [0mCalendar[0m
                  [36m</span>[39m
                [36m</a>[39m
              [36m</div>[39m
              [36m<div[39m
                [33mclass[39m=[32m"flex items-center space-x-4"[39m
              [36m>[39m
                [36m<div[39m
                  [33mclass[39m=[32m"relative "[39m
                [36m>[39m
                  [36m<div[39m
                    [33mclass[39m=[32m"flex items-center space-x-2"[39m
                  [36m>[39m
                    [36m<div[39m
                      [33mclass[39m=[32m"w-3 h-3 rounded-full bg-green-500 "[39m
                      [33mtitle[39m=[32m"Online"[39m
                    [36m/>[39m
                    [36m<button[39m
                      [33mclass[39m=[32m"text-sm text-gray-600 hover:text-gray-800 focus:outline-none"[39m
                    [36m>[39m
                      [0mOnline[0m
                    [36m</button>[39m
                  [36m</div>[39m
                [36m</div>[39m
                [36m<div[39m
                  [33mclass[39m=[32m"hidden md:block lg:hidden"[39m
                [36m>[39m
                  [36m<div[39m
                    [33mclass[39m=[32m"relative inline-block text-left"[39m
                  [36m>[39m
                    [36m<button[39m
                      [33maria-expanded[39m=[32m"false"[39m
                      [33maria-haspopup[39m=[32m"listbox"[39m
                      [33maria-label[39m=[32m"Common.select Language"[39m
                      [33mclass[39m=[32m"inline-flex items-center justify-between
    px-2 py-1 text-xs 
    font-medium text-gray-700 bg-white border border-gray-300 rounded-md
    hover:bg-gray-50 focus:outline-none focus:ring-2 focus:ring-offset-2 focus:ring-blue-500
    active:bg-gray-100 disabled:opacity-50 disabled:cursor-not-allowed
    transition-all durat...

stdout | src/test/integration/responsiveDesign.test.tsx > Responsive Design Integration Tests > should handle data tables responsively
[36m<body>[39m
  [36m<div>[39m
    [36m<div[39m
      [33mclass[39m=[32m"min-h-screen bg-gray-50"[39m
    [36m>[39m
      [36m<div[39m
        [33mclass[39m=[32m"lg:hidden"[39m
      [36m>[39m
        [36m<nav[39m
          [33mclass[39m=[32m"bg-white shadow-lg border-b border-gray-200"[39m
        [36m>[39m
          [36m<div[39m
            [33mclass[39m=[32m"max-w-7xl mx-auto px-4 sm:px-6 lg:px-8"[39m
          [36m>[39m
            [36m<div[39m
              [33mclass[39m=[32m"flex justify-between h-16"[39m
            [36m>[39m
              [36m<div[39m
                [33mclass[39m=[32m"flex items-center"[39m
              [36m>[39m
                [36m<a[39m
                  [33mclass[39m=[32m"flex items-center space-x-2"[39m
                  [33mdata-discover[39m=[32m"true"[39m
                  [33mhref[39m=[32m"/"[39m
                [36m>[39m
                  [36m<span[39m
                    [33mclass[39m=[32m"text-2xl"[39m
                  [36m>[39m
                    [0m🏡[0m
                  [36m</span>[39m
                  [36m<span[39m
                    [33mclass[39m=[32m"text-xl font-bold text-gray-900 hidden sm:block"[39m
                  [36m>[39m
                    [0mHousehold Management[0m
                  [36m</span>[39m
                  [36m<span[39m
                    [33mclass[39m=[32m"text-xl font-bold text-gray-900 sm:hidden"[39m
                  [36m>[39m
                    [0mHome[0m
                  [36m</span>[39m
                [36m</a>[39m
              [36m</div>[39m
              [36m<div[39m
                [33mclass[39m=[32m"hidden md:flex items-center space-x-8"[39m
              [36m>[39m
                [36m<a[39m
                  [33mclass[39m=[32m"flex items-center space-x-1 px-3 py-2 rounded-md text-sm font-medium transition-colors bg-blue-100 text-blue-700"[39m
                  [33mdata-discover[39m=[32m"true"[39m
                  [33mhref[39m=[32m"/"[39m
                [36m>[39m
                  [36m<span[39m
                    [33mclass[39m=[32m"text-lg"[39m
                  [36m>[39m
                    [0m🏠[0m
                  [36m</span>[39m
                  [36m<span>[39m
                    [0mDashboard[0m
                  [36m</span>[39m
                [36m</a>[39m
                [36m<a[39m
                  [33mclass[39m=[32m"flex items-center space-x-1 px-3 py-2 rounded-md text-sm font-medium transition-colors text-gray-600 hover:text-gray-900 hover:bg-gray-100"[39m
                  [33mdata-discover[39m=[32m"true"[39m
                  [33mhref[39m=[32m"/plants"[39m
                [36m>[39m
                  [36m<span[39m
                    [33mclass[39m=[32m"text-lg"[39m
                  [36m>[39m
                    [0m🌱[0m
                  [36m</span>[39m
                  [36m<span>[39m
                    [0mPlant Codex[0m
                  [36m</span>[39m
                [36m</a>[39m
                [36m<a[39m
                  [33mclass[39m=[32m"flex items-center space-x-1 px-3 py-2 rounded-md text-sm font-medium transition-colors text-gray-600 hover:text-gray-900 hover:bg-gray-100"[39m
                  [33mdata-discover[39m=[32m"true"[39m
                  [33mhref[39m=[32m"/projects"[39m
                [36m>[39m
                  [36m<span[39m
                    [33mclass[39m=[32m"text-lg"[39m
                  [36m>[39m
                    [0m🔨[0m
                  [36m</span>[39m
                  [36m<span>[39m
                    [0mProjects[0m
                  [36m</span>[39m
                [36m</a>[39m
                [36m<a[39m
                  [33mclass[39m=[32m"flex items-center space-x-1 px-3 py-2 rounded-md text-sm font-medium transition-colors text-gray-600 hover:text-gray-900 hover:bg-gray-100"[39m
                  [33mdata-discover[39m=[32m"true"[39m
                  [33mhref[39m=[32m"/tasks"[39m
                [36m>[39m
                  [36m<span[39m
                    [33mclass[39m=[32m"text-lg"[39m
                  [36m>[39m
                    [0m✅[0m
                  [36m</span>[39m
                  [36m<span>[39m
                    [0mTasks[0m
                  [36m</span>[39m
                [36m</a>[39m
                [36m<a[39m
                  [33mclass[39m=[32m"flex items-center space-x-1 px-3 py-2 rounded-md text-sm font-medium transition-colors text-gray-600 hover:text-gray-900 hover:bg-gray-100"[39m
                  [33mdata-discover[39m=[32m"true"[39m
                  [33mhref[39m=[32m"/calendar"[39m
                [36m>[39m
                  [36m<span[39m
                    [33mclass[39m=[32m"text-lg"[39m
                  [36m>[39m
                    [0m📅[0m
                  [36m</span>[39m
                  [36m<span>[39m
                    [0mCalendar[0m
                  [36m</span>[39m
                [36m</a>[39m
              [36m</div>[39m
              [36m<div[39m
                [33mclass[39m=[32m"flex items-center space-x-4"[39m
              [36m>[39m
                [36m<div[39m
                  [33mclass[39m=[32m"relative "[39m
                [36m>[39m
                  [36m<div[39m
                    [33mclass[39m=[32m"flex items-center space-x-2"[39m
                  [36m>[39m
                    [36m<div[39m
                      [33mclass[39m=[32m"w-3 h-3 rounded-full bg-green-500 "[39m
                      [33mtitle[39m=[32m"Online"[39m
                    [36m/>[39m
                    [36m<button[39m
                      [33mclass[39m=[32m"text-sm text-gray-600 hover:text-gray-800 focus:outline-none"[39m
                    [36m>[39m
                      [0mOnline[0m
                    [36m</button>[39m
                  [36m</div>[39m
                [36m</div>[39m
                [36m<div[39m
                  [33mclass[39m=[32m"hidden md:block lg:hidden"[39m
                [36m>[39m
                  [36m<div[39m
                    [33mclass[39m=[32m"relative inline-block text-left"[39m
                  [36m>[39m
                    [36m<button[39m
                      [33maria-expanded[39m=[32m"false"[39m
                      [33maria-haspopup[39m=[32m"listbox"[39m
                      [33maria-label[39m=[32m"Common.select Language"[39m
                      [33mclass[39m=[32m"inline-flex items-center justify-between
    px-2 py-1 text-xs 
    font-medium text-gray-700 bg-white border border-gray-300 rounded-md
    hover:bg-gray-50 focus:outline-none focus:ring-2 focus:ring-offset-2 focus:ring-blue-500
    active:bg-gray-100 disabled:opacity-50 disabled:cursor-not-allowed
    transition-all durat...

stdout | src/test/integration/responsiveDesign.test.tsx > Responsive Design Integration Tests > should handle data tables responsively
[36m<body>[39m
  [36m<div>[39m
    [36m<div[39m
      [33mclass[39m=[32m"min-h-screen bg-gray-50"[39m
    [36m>[39m
      [36m<div[39m
        [33mclass[39m=[32m"lg:hidden"[39m
      [36m>[39m
        [36m<nav[39m
          [33mclass[39m=[32m"bg-white shadow-lg border-b border-gray-200"[39m
        [36m>[39m
          [36m<div[39m
            [33mclass[39m=[32m"max-w-7xl mx-auto px-4 sm:px-6 lg:px-8"[39m
          [36m>[39m
            [36m<div[39m
              [33mclass[39m=[32m"flex justify-between h-16"[39m
            [36m>[39m
              [36m<div[39m
                [33mclass[39m=[32m"flex items-center"[39m
              [36m>[39m
                [36m<a[39m
                  [33mclass[39m=[32m"flex items-center space-x-2"[39m
                  [33mdata-discover[39m=[32m"true"[39m
                  [33mhref[39m=[32m"/"[39m
                [36m>[39m
                  [36m<span[39m
                    [33mclass[39m=[32m"text-2xl"[39m
                  [36m>[39m
                    [0m🏡[0m
                  [36m</span>[39m
                  [36m<span[39m
                    [33mclass[39m=[32m"text-xl font-bold text-gray-900 hidden sm:block"[39m
                  [36m>[39m
                    [0mHousehold Management[0m
                  [36m</span>[39m
                  [36m<span[39m
                    [33mclass[39m=[32m"text-xl font-bold text-gray-900 sm:hidden"[39m
                  [36m>[39m
                    [0mHome[0m
                  [36m</span>[39m
                [36m</a>[39m
              [36m</div>[39m
              [36m<div[39m
                [33mclass[39m=[32m"hidden md:flex items-center space-x-8"[39m
              [36m>[39m
                [36m<a[39m
                  [33mclass[39m=[32m"flex items-center space-x-1 px-3 py-2 rounded-md text-sm font-medium transition-colors bg-blue-100 text-blue-700"[39m
                  [33mdata-discover[39m=[32m"true"[39m
                  [33mhref[39m=[32m"/"[39m
                [36m>[39m
                  [36m<span[39m
                    [33mclass[39m=[32m"text-lg"[39m
                  [36m>[39m
                    [0m🏠[0m
                  [36m</span>[39m
                  [36m<span>[39m
                    [0mDashboard[0m
                  [36m</span>[39m
                [36m</a>[39m
                [36m<a[39m
                  [33mclass[39m=[32m"flex items-center space-x-1 px-3 py-2 rounded-md text-sm font-medium transition-colors text-gray-600 hover:text-gray-900 hover:bg-gray-100"[39m
                  [33mdata-discover[39m=[32m"true"[39m
                  [33mhref[39m=[32m"/plants"[39m
                [36m>[39m
                  [36m<span[39m
                    [33mclass[39m=[32m"text-lg"[39m
                  [36m>[39m
                    [0m🌱[0m
                  [36m</span>[39m
                  [36m<span>[39m
                    [0mPlant Codex[0m
                  [36m</span>[39m
                [36m</a>[39m
                [36m<a[39m
                  [33mclass[39m=[32m"flex items-center space-x-1 px-3 py-2 rounded-md text-sm font-medium transition-colors text-gray-600 hover:text-gray-900 hover:bg-gray-100"[39m
                  [33mdata-discover[39m=[32m"true"[39m
                  [33mhref[39m=[32m"/projects"[39m
                [36m>[39m
                  [36m<span[39m
                    [33mclass[39m=[32m"text-lg"[39m
                  [36m>[39m
                    [0m🔨[0m
                  [36m</span>[39m
                  [36m<span>[39m
                    [0mProjects[0m
                  [36m</span>[39m
                [36m</a>[39m
                [36m<a[39m
                  [33mclass[39m=[32m"flex items-center space-x-1 px-3 py-2 rounded-md text-sm font-medium transition-colors text-gray-600 hover:text-gray-900 hover:bg-gray-100"[39m
                  [33mdata-discover[39m=[32m"true"[39m
                  [33mhref[39m=[32m"/tasks"[39m
                [36m>[39m
                  [36m<span[39m
                    [33mclass[39m=[32m"text-lg"[39m
                  [36m>[39m
                    [0m✅[0m
                  [36m</span>[39m
                  [36m<span>[39m
                    [0mTasks[0m
                  [36m</span>[39m
                [36m</a>[39m
                [36m<a[39m
                  [33mclass[39m=[32m"flex items-center space-x-1 px-3 py-2 rounded-md text-sm font-medium transition-colors text-gray-600 hover:text-gray-900 hover:bg-gray-100"[39m
                  [33mdata-discover[39m=[32m"true"[39m
                  [33mhref[39m=[32m"/calendar"[39m
                [36m>[39m
                  [36m<span[39m
                    [33mclass[39m=[32m"text-lg"[39m
                  [36m>[39m
                    [0m📅[0m
                  [36m</span>[39m
                  [36m<span>[39m
                    [0mCalendar[0m
                  [36m</span>[39m
                [36m</a>[39m
              [36m</div>[39m
              [36m<div[39m
                [33mclass[39m=[32m"flex items-center space-x-4"[39m
              [36m>[39m
                [36m<div[39m
                  [33mclass[39m=[32m"relative "[39m
                [36m>[39m
                  [36m<div[39m
                    [33mclass[39m=[32m"flex items-center space-x-2"[39m
                  [36m>[39m
                    [36m<div[39m
                      [33mclass[39m=[32m"w-3 h-3 rounded-full bg-green-500 "[39m
                      [33mtitle[39m=[32m"Online"[39m
                    [36m/>[39m
                    [36m<button[39m
                      [33mclass[39m=[32m"text-sm text-gray-600 hover:text-gray-800 focus:outline-none"[39m
                    [36m>[39m
                      [0mOnline[0m
                    [36m</button>[39m
                  [36m</div>[39m
                [36m</div>[39m
                [36m<div[39m
                  [33mclass[39m=[32m"hidden md:block lg:hidden"[39m
                [36m>[39m
                  [36m<div[39m
                    [33mclass[39m=[32m"relative inline-block text-left"[39m
                  [36m>[39m
                    [36m<button[39m
                      [33maria-expanded[39m=[32m"false"[39m
                      [33maria-haspopup[39m=[32m"listbox"[39m
                      [33maria-label[39m=[32m"Common.select Language"[39m
                      [33mclass[39m=[32m"inline-flex items-center justify-between
    px-2 py-1 text-xs 
    font-medium text-gray-700 bg-white border border-gray-300 rounded-md
    hover:bg-gray-50 focus:outline-none focus:ring-2 focus:ring-offset-2 focus:ring-blue-500
    active:bg-gray-100 disabled:opacity-50 disabled:cursor-not-allowed
    transition-all durat...

stdout | src/test/integration/responsiveDesign.test.tsx > Responsive Design Integration Tests > should handle data tables responsively
[36m<body>[39m
  [36m<div>[39m
    [36m<div[39m
      [33mclass[39m=[32m"min-h-screen bg-gray-50"[39m
    [36m>[39m
      [36m<div[39m
        [33mclass[39m=[32m"lg:hidden"[39m
      [36m>[39m
        [36m<nav[39m
          [33mclass[39m=[32m"bg-white shadow-lg border-b border-gray-200"[39m
        [36m>[39m
          [36m<div[39m
            [33mclass[39m=[32m"max-w-7xl mx-auto px-4 sm:px-6 lg:px-8"[39m
          [36m>[39m
            [36m<div[39m
              [33mclass[39m=[32m"flex justify-between h-16"[39m
            [36m>[39m
              [36m<div[39m
                [33mclass[39m=[32m"flex items-center"[39m
              [36m>[39m
                [36m<a[39m
                  [33mclass[39m=[32m"flex items-center space-x-2"[39m
                  [33mdata-discover[39m=[32m"true"[39m
                  [33mhref[39m=[32m"/"[39m
                [36m>[39m
                  [36m<span[39m
                    [33mclass[39m=[32m"text-2xl"[39m
                  [36m>[39m
                    [0m🏡[0m
                  [36m</span>[39m
                  [36m<span[39m
                    [33mclass[39m=[32m"text-xl font-bold text-gray-900 hidden sm:block"[39m
                  [36m>[39m
                    [0mHousehold Management[0m
                  [36m</span>[39m
                  [36m<span[39m
                    [33mclass[39m=[32m"text-xl font-bold text-gray-900 sm:hidden"[39m
                  [36m>[39m
                    [0mHome[0m
                  [36m</span>[39m
                [36m</a>[39m
              [36m</div>[39m
              [36m<div[39m
                [33mclass[39m=[32m"hidden md:flex items-center space-x-8"[39m
              [36m>[39m
                [36m<a[39m
                  [33mclass[39m=[32m"flex items-center space-x-1 px-3 py-2 rounded-md text-sm font-medium transition-colors bg-blue-100 text-blue-700"[39m
                  [33mdata-discover[39m=[32m"true"[39m
                  [33mhref[39m=[32m"/"[39m
                [36m>[39m
                  [36m<span[39m
                    [33mclass[39m=[32m"text-lg"[39m
                  [36m>[39m
                    [0m🏠[0m
                  [36m</span>[39m
                  [36m<span>[39m
                    [0mDashboard[0m
                  [36m</span>[39m
                [36m</a>[39m
                [36m<a[39m
                  [33mclass[39m=[32m"flex items-center space-x-1 px-3 py-2 rounded-md text-sm font-medium transition-colors text-gray-600 hover:text-gray-900 hover:bg-gray-100"[39m
                  [33mdata-discover[39m=[32m"true"[39m
                  [33mhref[39m=[32m"/plants"[39m
                [36m>[39m
                  [36m<span[39m
                    [33mclass[39m=[32m"text-lg"[39m
                  [36m>[39m
                    [0m🌱[0m
                  [36m</span>[39m
                  [36m<span>[39m
                    [0mPlant Codex[0m
                  [36m</span>[39m
                [36m</a>[39m
                [36m<a[39m
                  [33mclass[39m=[32m"flex items-center space-x-1 px-3 py-2 rounded-md text-sm font-medium transition-colors text-gray-600 hover:text-gray-900 hover:bg-gray-100"[39m
                  [33mdata-discover[39m=[32m"true"[39m
                  [33mhref[39m=[32m"/projects"[39m
                [36m>[39m
                  [36m<span[39m
                    [33mclass[39m=[32m"text-lg"[39m
                  [36m>[39m
                    [0m🔨[0m
                  [36m</span>[39m
                  [36m<span>[39m
                    [0mProjects[0m
                  [36m</span>[39m
                [36m</a>[39m
                [36m<a[39m
                  [33mclass[39m=[32m"flex items-center space-x-1 px-3 py-2 rounded-md text-sm font-medium transition-colors text-gray-600 hover:text-gray-900 hover:bg-gray-100"[39m
                  [33mdata-discover[39m=[32m"true"[39m
                  [33mhref[39m=[32m"/tasks"[39m
                [36m>[39m
                  [36m<span[39m
                    [33mclass[39m=[32m"text-lg"[39m
                  [36m>[39m
                    [0m✅[0m
                  [36m</span>[39m
                  [36m<span>[39m
                    [0mTasks[0m
                  [36m</span>[39m
                [36m</a>[39m
                [36m<a[39m
                  [33mclass[39m=[32m"flex items-center space-x-1 px-3 py-2 rounded-md text-sm font-medium transition-colors text-gray-600 hover:text-gray-900 hover:bg-gray-100"[39m
                  [33mdata-discover[39m=[32m"true"[39m
                  [33mhref[39m=[32m"/calendar"[39m
                [36m>[39m
                  [36m<span[39m
                    [33mclass[39m=[32m"text-lg"[39m
                  [36m>[39m
                    [0m📅[0m
                  [36m</span>[39m
                  [36m<span>[39m
                    [0mCalendar[0m
                  [36m</span>[39m
                [36m</a>[39m
              [36m</div>[39m
              [36m<div[39m
                [33mclass[39m=[32m"flex items-center space-x-4"[39m
              [36m>[39m
                [36m<div[39m
                  [33mclass[39m=[32m"relative "[39m
                [36m>[39m
                  [36m<div[39m
                    [33mclass[39m=[32m"flex items-center space-x-2"[39m
                  [36m>[39m
                    [36m<div[39m
                      [33mclass[39m=[32m"w-3 h-3 rounded-full bg-green-500 "[39m
                      [33mtitle[39m=[32m"Online"[39m
                    [36m/>[39m
                    [36m<button[39m
                      [33mclass[39m=[32m"text-sm text-gray-600 hover:text-gray-800 focus:outline-none"[39m
                    [36m>[39m
                      [0mOnline[0m
                    [36m</button>[39m
                  [36m</div>[39m
                [36m</div>[39m
                [36m<div[39m
                  [33mclass[39m=[32m"hidden md:block lg:hidden"[39m
                [36m>[39m
                  [36m<div[39m
                    [33mclass[39m=[32m"relative inline-block text-left"[39m
                  [36m>[39m
                    [36m<button[39m
                      [33maria-expanded[39m=[32m"false"[39m
                      [33maria-haspopup[39m=[32m"listbox"[39m
                      [33maria-label[39m=[32m"Common.select Language"[39m
                      [33mclass[39m=[32m"inline-flex items-center justify-between
    px-2 py-1 text-xs 
    font-medium text-gray-700 bg-white border border-gray-300 rounded-md
    hover:bg-gray-50 focus:outline-none focus:ring-2 focus:ring-offset-2 focus:ring-blue-500
    active:bg-gray-100 disabled:opacity-50 disabled:cursor-not-allowed
    transition-all durat...

 ❯ src/test/integration/responsiveDesign.test.tsx (8 tests | 8 failed) 10457ms
   × Responsive Design Integration Tests > should display mobile layout correctly (320px - 768px) 1561ms
     → Found multiple elements with the text: /Overview/i

Here are the matching elements:

Ignored nodes: comments, script, style
[36m<span[39m
  [33mclass[39m=[32m"mt-1 text-xs ml-8 text-blue-600"[39m
[36m>[39m
  [0mOverview And Quick Access[0m
[36m</span>[39m

Ignored nodes: comments, script, style
[36m<span[39m
  [33mclass[39m=[32m"mt-1 text-xs ml-8 text-blue-600"[39m
[36m>[39m
  [0mOverview And Quick Access[0m
[36m</span>[39m

Ignored nodes: comments, script, style
[36m<div>[39m
  [0mOverview[0m
[36m</div>[39m

(If this is intentional, then use the `*AllBy*` variant of the query (like `queryAllByText`, `getAllByText`, or `findAllByText`)).

Ignored nodes: comments, script, style
[36m<body>[39m
  [36m<div>[39m
    [36m<div[39m
      [33mclass[39m=[32m"min-h-screen bg-gray-50"[39m
    [36m>[39m
      [36m<div[39m
        [33mclass[39m=[32m"lg:hidden"[39m
      [36m>[39m
        [36m<nav[39m
          [33mclass[39m=[32m"bg-white shadow-lg border-b border-gray-200"[39m
        [36m>[39m
          [36m<div[39m
            [33mclass[39m=[32m"max-w-7xl mx-auto px-4 sm:px-6 lg:px-8"[39m
          [36m>[39m
            [36m<div[39m
              [33mclass[39m=[32m"flex justify-between h-16"[39m
            [36m>[39m
              [36m<div[39m
                [33mclass[39m=[32m"flex items-center"[39m
              [36m>[39m
                [36m<a[39m
                  [33mclass[39m=[32m"flex items-center space-x-2"[39m
                  [33mdata-discover[39m=[32m"true"[39m
                  [33mhref[39m=[32m"/"[39m
                [36m>[39m
                  [36m<span[39m
                    [33mclass[39m=[32m"text-2xl"[39m
                  [36m>[39m
                    [0m🏡[0m
                  [36m</span>[39m
                  [36m<span[39m
                    [33mclass[39m=[32m"text-xl font-bold text-gray-900 hidden sm:block"[39m
                  [36m>[39m
                    [0mHousehold Management[0m
                  [36m</span>[39m
                  [36m<span[39m
                    [33mclass[39m=[32m"text-xl font-bold text-gray-900 sm:hidden"[39m
                  [36m>[39m
                    [0mHome[0m
                  [36m</span>[39m
                [36m</a>[39m
              [36m</div>[39m
              [36m<div[39m
                [33mclass[39m=[32m"hidden md:flex items-center space-x-8"[39m
              [36m>[39m
                [36m<a[39m
                  [33mclass[39m=[32m"flex items-center space-x-1 px-3 py-2 rounded-md text-sm font-medium transition-colors bg-blue-100 text-blue-700"[39m
                  [33mdata-discover[39m=[32m"true"[39m
                  [33mhref[39m=[32m"/"[39m
                [36m>[39m
                  [36m<span[39m
                    [33mclass[39m=[32m"text-lg"[39m
                  [36m>[39m
                    [0m🏠[0m
                  [36m</span>[39m
                  [36m<span>[39m
                    [0mDashboard[0m
                  [36m</span>[39m
                [36m</a>[39m
                [36m<a[39m
                  [33mclass[39m=[32m"flex items-center space-x-1 px-3 py-2 rounded-md text-sm font-medium transition-colors text-gray-600 hover:text-gray-900 hover:bg-gray-100"[39m
                  [33mdata-discover[39m=[32m"true"[39m
                  [33mhref[39m=[32m"/plants"[39m
                [36m>[39m
                  [36m<span[39m
                    [33mclass[39m=[32m"text-lg"[39m
                  [36m>[39m
                    [0m🌱[0m
                  [36m</span>[39m
                  [36m<span>[39m
                    [0mPlant Codex[0m
                  [36m</span>[39m
                [36m</a>[39m
                [36m<a[39m
                  [33mclass[39m=[32m"flex items-center space-x-1 px-3 py-2 rounded-md text-sm font-medium transition-colors text-gray-600 hover:text-gray-900 hover:bg-gray-100"[39m
                  [33mdata-discover[39m=[32m"true"[39m
                  [33mhref[39m=[32m"/projects"[39m
                [36m>[39m
                  [36m<span[39m
                    [33mclass[39m=[32m"text-lg"[39m
                  [36m>[39m
                    [0m🔨[0m
                  [36m</span>[39m
                  [36m<span>[39m
                    [0mProjects[0m
                  [36m</span>[39m
                [36m</a>[39m
                [36m<a[39m
                  [33mclass[39m=[32m"flex items-center space-x-1 px-3 py-2 rounded-md text-sm font-medium transition-colors text-gray-600 hover:text-gray-900 hover:bg-gray-100"[39m
                  [33mdata-discover[39m=[32m"true"[39m
                  [33mhref[39m=[32m"/tasks"[39m
                [36m>[39m
                  [36m<span[39m
                    [33mclass[39m=[32m"text-lg"[39m
                  [36m>[39m
                    [0m✅[0m
                  [36m</span>[39m
                  [36m<span>[39m
                    [0mTasks[0m
                  [36m</span>[39m
                [36m</a>[39m
                [36m<a[39m
                  [33mclass[39m=[32m"flex items-center space-x-1 px-3 py-2 rounded-md text-sm font-medium transition-colors text-gray-600 hover:text-gray-900 hover:bg-gray-100"[39m
                  [33mdata-discover[39m=[32m"true"[39m
                  [33mhref[39m=[32m"/calendar"[39m
                [36m>[39m
                  [36m<span[39m
                    [33mclass[39m=[32m"text-lg"[39m
                  [36m>[39m
                    [0m📅[0m
                  [36m</span>[39m
                  [36m<span>[39m
                    [0mCalendar[0m
                  [36m</span>[39m
                [36m</a>[39m
              [36m</div>[39m
              [36m<div[39m
                [33mclass[39m=[32m"flex items-center space-x-4"[39m
              [36m>[39m
                [36m<div[39m
                  [33mclass[39m=[32m"relative "[39m
                [36m>[39m
                  [36m<div[39m
                    [33mclass[39m=[32m"flex items-center space-x-2"[39m
                  [36m>[39m
                    [36m<div[39m
                      [33mclass[39m=[32m"w-3 h-3 rounded-full bg-green-500 "[39m
                      [33mtitle[39m=[32m"Online"[39m
                    [36m/>[39m
                    [36m<button[39m
                      [33mclass[39m=[32m"text-sm text-gray-600 hover:text-gray-800 focus:outline-none"[39m
                    [36m>[39m
                      [0mOnline[0m
                    [36m</button>[39m
                  [36m</div>[39m
                [36m</div>[39m
                [36m<div[39m
                  [33mclass[39m=[32m"hidden md:block lg:hidden"[39m
                [36m>[39m
                  [36m<div[39m
                    [33mclass[39m=[32m"relative inline-block text-left"[39m
                  [36m>[39m
                    [36m<button[39m
                      [33maria-expanded[39m=[32m"false"[39m
                      [33maria-haspopup[39m=[32m"listbox"[39m
                      [33maria-label[39m=[32m"Common.select Language"[39m
                      [33mclass[39m=[32m"inline-flex items-center justify-between
    px-2 py-1 text-xs 
    font-medium text-gray-700 bg-white border border-gray-300 rounded-md
    hover:bg-gray-50 focus:outline-none focus:ring-2 focus:ring-offset-2 focus:ring-blue-500
    active:bg-gray-100 disabled:opacity-50 disabled:cursor-not-allowed
    transition-all durat...

Ignored nodes: comments, script, style
[36m<html>[39m
  [36m<head />[39m
  [36m<body>[39m
    [36m<div>[39m
      [36m<div[39m
        [33mclass[39m=[32m"min-h-screen bg-gray-50"[39m
      [36m>[39m
        [36m<div[39m
          [33mclass[39m=[32m"lg:hidden"[39m
        [36m>[39m
          [36m<nav[39m
            [33mclass[39m=[32m"bg-white shadow-lg border-b border-gray-200"[39m
          [36m>[39m
            [36m<div[39m
              [33mclass[39m=[32m"max-w-7xl mx-auto px-4 sm:px-6 lg:px-8"[39m
            [36m>[39m
              [36m<div[39m
                [33mclass[39m=[32m"flex justify-between h-16"[39m
              [36m>[39m
                [36m<div[39m
                  [33mclass[39m=[32m"flex items-center"[39m
                [36m>[39m
                  [36m<a[39m
                    [33mclass[39m=[32m"flex items-center space-x-2"[39m
                    [33mdata-discover[39m=[32m"true"[39m
                    [33mhref[39m=[32m"/"[39m
                  [36m>[39m
                    [36m<span[39m
                      [33mclass[39m=[32m"text-2xl"[39m
                    [36m>[39m
                      [0m🏡[0m
                    [36m</span>[39m
                    [36m<span[39m
                      [33mclass[39m=[32m"text-xl font-bold text-gray-900 hidden sm:block"[39m
                    [36m>[39m
                      [0mHousehold Management[0m
                    [36m</span>[39m
                    [36m<span[39m
                      [33mclass[39m=[32m"text-xl font-bold text-gray-900 sm:hidden"[39m
                    [36m>[39m
                      [0mHome[0m
                    [36m</span>[39m
                  [36m</a>[39m
                [36m</div>[39m
                [36m<div[39m
                  [33mclass[39m=[32m"hidden md:flex items-center space-x-8"[39m
                [36m>[39m
                  [36m<a[39m
                    [33mclass[39m=[32m"flex items-center space-x-1 px-3 py-2 rounded-md text-sm font-medium transition-colors bg-blue-100 text-blue-700"[39m
                    [33mdata-discover[39m=[32m"true"[39m
                    [33mhref[39m=[32m"/"[39m
                  [36m>[39m
                    [36m<span[39m
                      [33mclass[39m=[32m"text-lg"[39m
                    [36m>[39m
                      [0m🏠[0m
                    [36m</span>[39m
                    [36m<span>[39m
                      [0mDashboard[0m
                    [36m</span>[39m
                  [36m</a>[39m
                  [36m<a[39m
                    [33mclass[39m=[32m"flex items-center space-x-1 px-3 py-2 rounded-md text-sm font-medium transition-colors text-gray-600 hover:text-gray-900 hover:bg-gray-100"[39m
                    [33mdata-discover[39m=[32m"true"[39m
                    [33mhref[39m=[32m"/plants"[39m
                  [36m>[39m
                    [36m<span[39m
                      [33mclass[39m=[32m"text-lg"[39m
                    [36m>[39m
                      [0m🌱[0m
                    [36m</span>[39m
                    [36m<span>[39m
                      [0mPlant Codex[0m
                    [36m</span>[39m
                  [36m</a>[39m
                  [36m<a[39m
                    [33mclass[39m=[32m"flex items-center space-x-1 px-3 py-2 rounded-md text-sm font-medium transition-colors text-gray-600 hover:text-gray-900 hover:bg-gray-100"[39m
                    [33mdata-discover[39m=[32m"true"[39m
                    [33mhref[39m=[32m"/projects"[39m
                  [36m>[39m
                    [36m<span[39m
                      [33mclass[39m=[32m"text-lg"[39m
                    [36m>[39m
                      [0m🔨[0m
                    [36m</span>[39m
                    [36m<span>[39m
                      [0mProjects[0m
                    [36m</span>[39m
                  [36m</a>[39m
                  [36m<a[39m
                    [33mclass[39m=[32m"flex items-center space-x-1 px-3 py-2 rounded-md text-sm font-medium transition-colors text-gray-600 hover:text-gray-900 hover:bg-gray-100"[39m
                    [33mdata-discover[39m=[32m"true"[39m
                    [33mhref[39m=[32m"/tasks"[39m
                  [36m>[39m
                    [36m<span[39m
                      [33mclass[39m=[32m"text-lg"[39m
                    [36m>[39m
                      [0m✅[0m
                    [36m</span>[39m
                    [36m<span>[39m
                      [0mTasks[0m
                    [36m</span>[39m
                  [36m</a>[39m
                  [36m<a[39m
                    [33mclass[39m=[32m"flex items-center space-x-1 px-3 py-2 rounded-md text-sm font-medium transition-colors text-gray-600 hover:text-gray-900 hover:bg-gray-100"[39m
                    [33mdata-discover[39m=[32m"true"[39m
                    [33mhref[39m=[32m"/calendar"[39m
                  [36m>[39m
                    [36m<span[39m
                      [33mclass[39m=[32m"text-lg"[39m
                    [36m>[39m
                      [0m📅[0m
                    [36m</span>[39m
                    [36m<span>[39m
                      [0mCalendar[0m
                    [36m</span>[39m
                  [36m</a>[39m
                [36m</div>[39m
                [36m<div[39m
                  [33mclass[39m=[32m"flex items-center space-x-4"[39m
                [36m>[39m
                  [36m<div[39m
                    [33mclass[39m=[32m"relative "[39m
                  [36m>[39m
                    [36m<div[39m
                      [33mclass[39m=[32m"flex items-center space-x-2"[39m
                    [36m>[39m
                      [36m<div[39m
                        [33mclass[39m=[32m"w-3 h-3 rounded-full bg-green-500 "[39m
                        [33mtitle[39m=[32m"Online"[39m
                      [36m/>[39m
                      [36m<button[39m
                        [33mclass[39m=[32m"text-sm text-gray-600 hover:text-gray-800 focus:outline-none"[39m
                      [36m>[39m
                        [0mOnline[0m
                      [36m</button>[39m
                    [36m</div>[39m
                  [36m</div>[39m
                  [36m<div[39m
                    [33mclass[39m=[32m"hidden md:block lg:hidden"[39m
                  [36m>[39m
                    [36m<div[39m
                      [33mclass[39m=[32m"relative inline-block text-left"[39m
                    [36m>[39m
                      [36m<button[39m
                        [33maria-expanded[39m=[32m"false"[39m
                        [33maria-haspopup[39m=[32m"listbox"[39m
                        [33maria-label[39m=[32m"Common.select Language"[39m
                        [33mclass[39m...
   × Responsive Design Integration Tests > should display tablet layout correctly (768px - 1024px) 1211ms
     → Found multiple elements with the text: /Overview/i

Here are the matching elements:

Ignored nodes: comments, script, style
[36m<span[39m
  [33mclass[39m=[32m"mt-1 text-xs ml-8 text-blue-600"[39m
[36m>[39m
  [0mOverview And Quick Access[0m
[36m</span>[39m

Ignored nodes: comments, script, style
[36m<span[39m
  [33mclass[39m=[32m"mt-1 text-xs ml-8 text-blue-600"[39m
[36m>[39m
  [0mOverview And Quick Access[0m
[36m</span>[39m

Ignored nodes: comments, script, style
[36m<div>[39m
  [0mOverview[0m
[36m</div>[39m

(If this is intentional, then use the `*AllBy*` variant of the query (like `queryAllByText`, `getAllByText`, or `findAllByText`)).

Ignored nodes: comments, script, style
[36m<body>[39m
  [36m<div>[39m
    [36m<div[39m
      [33mclass[39m=[32m"min-h-screen bg-gray-50"[39m
    [36m>[39m
      [36m<div[39m
        [33mclass[39m=[32m"lg:hidden"[39m
      [36m>[39m
        [36m<nav[39m
          [33mclass[39m=[32m"bg-white shadow-lg border-b border-gray-200"[39m
        [36m>[39m
          [36m<div[39m
            [33mclass[39m=[32m"max-w-7xl mx-auto px-4 sm:px-6 lg:px-8"[39m
          [36m>[39m
            [36m<div[39m
              [33mclass[39m=[32m"flex justify-between h-16"[39m
            [36m>[39m
              [36m<div[39m
                [33mclass[39m=[32m"flex items-center"[39m
              [36m>[39m
                [36m<a[39m
                  [33mclass[39m=[32m"flex items-center space-x-2"[39m
                  [33mdata-discover[39m=[32m"true"[39m
                  [33mhref[39m=[32m"/"[39m
                [36m>[39m
                  [36m<span[39m
                    [33mclass[39m=[32m"text-2xl"[39m
                  [36m>[39m
                    [0m🏡[0m
                  [36m</span>[39m
                  [36m<span[39m
                    [33mclass[39m=[32m"text-xl font-bold text-gray-900 hidden sm:block"[39m
                  [36m>[39m
                    [0mHousehold Management[0m
                  [36m</span>[39m
                  [36m<span[39m
                    [33mclass[39m=[32m"text-xl font-bold text-gray-900 sm:hidden"[39m
                  [36m>[39m
                    [0mHome[0m
                  [36m</span>[39m
                [36m</a>[39m
              [36m</div>[39m
              [36m<div[39m
                [33mclass[39m=[32m"hidden md:flex items-center space-x-8"[39m
              [36m>[39m
                [36m<a[39m
                  [33mclass[39m=[32m"flex items-center space-x-1 px-3 py-2 rounded-md text-sm font-medium transition-colors bg-blue-100 text-blue-700"[39m
                  [33mdata-discover[39m=[32m"true"[39m
                  [33mhref[39m=[32m"/"[39m
                [36m>[39m
                  [36m<span[39m
                    [33mclass[39m=[32m"text-lg"[39m
                  [36m>[39m
                    [0m🏠[0m
                  [36m</span>[39m
                  [36m<span>[39m
                    [0mDashboard[0m
                  [36m</span>[39m
                [36m</a>[39m
                [36m<a[39m
                  [33mclass[39m=[32m"flex items-center space-x-1 px-3 py-2 rounded-md text-sm font-medium transition-colors text-gray-600 hover:text-gray-900 hover:bg-gray-100"[39m
                  [33mdata-discover[39m=[32m"true"[39m
                  [33mhref[39m=[32m"/plants"[39m
                [36m>[39m
                  [36m<span[39m
                    [33mclass[39m=[32m"text-lg"[39m
                  [36m>[39m
                    [0m🌱[0m
                  [36m</span>[39m
                  [36m<span>[39m
                    [0mPlant Codex[0m
                  [36m</span>[39m
                [36m</a>[39m
                [36m<a[39m
                  [33mclass[39m=[32m"flex items-center space-x-1 px-3 py-2 rounded-md text-sm font-medium transition-colors text-gray-600 hover:text-gray-900 hover:bg-gray-100"[39m
                  [33mdata-discover[39m=[32m"true"[39m
                  [33mhref[39m=[32m"/projects"[39m
                [36m>[39m
                  [36m<span[39m
                    [33mclass[39m=[32m"text-lg"[39m
                  [36m>[39m
                    [0m🔨[0m
                  [36m</span>[39m
                  [36m<span>[39m
                    [0mProjects[0m
                  [36m</span>[39m
                [36m</a>[39m
                [36m<a[39m
                  [33mclass[39m=[32m"flex items-center space-x-1 px-3 py-2 rounded-md text-sm font-medium transition-colors text-gray-600 hover:text-gray-900 hover:bg-gray-100"[39m
                  [33mdata-discover[39m=[32m"true"[39m
                  [33mhref[39m=[32m"/tasks"[39m
                [36m>[39m
                  [36m<span[39m
                    [33mclass[39m=[32m"text-lg"[39m
                  [36m>[39m
                    [0m✅[0m
                  [36m</span>[39m
                  [36m<span>[39m
                    [0mTasks[0m
                  [36m</span>[39m
                [36m</a>[39m
                [36m<a[39m
                  [33mclass[39m=[32m"flex items-center space-x-1 px-3 py-2 rounded-md text-sm font-medium transition-colors text-gray-600 hover:text-gray-900 hover:bg-gray-100"[39m
                  [33mdata-discover[39m=[32m"true"[39m
                  [33mhref[39m=[32m"/calendar"[39m
                [36m>[39m
                  [36m<span[39m
                    [33mclass[39m=[32m"text-lg"[39m
                  [36m>[39m
                    [0m📅[0m
                  [36m</span>[39m
                  [36m<span>[39m
                    [0mCalendar[0m
                  [36m</span>[39m
                [36m</a>[39m
              [36m</div>[39m
              [36m<div[39m
                [33mclass[39m=[32m"flex items-center space-x-4"[39m
              [36m>[39m
                [36m<div[39m
                  [33mclass[39m=[32m"relative "[39m
                [36m>[39m
                  [36m<div[39m
                    [33mclass[39m=[32m"flex items-center space-x-2"[39m
                  [36m>[39m
                    [36m<div[39m
                      [33mclass[39m=[32m"w-3 h-3 rounded-full bg-green-500 "[39m
                      [33mtitle[39m=[32m"Online"[39m
                    [36m/>[39m
                    [36m<button[39m
                      [33mclass[39m=[32m"text-sm text-gray-600 hover:text-gray-800 focus:outline-none"[39m
                    [36m>[39m
                      [0mOnline[0m
                    [36m</button>[39m
                  [36m</div>[39m
                [36m</div>[39m
                [36m<div[39m
                  [33mclass[39m=[32m"hidden md:block lg:hidden"[39m
                [36m>[39m
                  [36m<div[39m
                    [33mclass[39m=[32m"relative inline-block text-left"[39m
                  [36m>[39m
                    [36m<button[39m
                      [33maria-expanded[39m=[32m"false"[39m
                      [33maria-haspopup[39m=[32m"listbox"[39m
                      [33maria-label[39m=[32m"Common.select Language"[39m
                      [33mclass[39m=[32m"inline-flex items-center justify-between
    px-2 py-1 text-xs 
    font-medium text-gray-700 bg-white border border-gray-300 rounded-md
    hover:bg-gray-50 focus:outline-none focus:ring-2 focus:ring-offset-2 focus:ring-blue-500
    active:bg-gray-100 disabled:opacity-50 disabled:cursor-not-allowed
    transition-all durat...

Ignored nodes: comments, script, style
[36m<html>[39m
  [36m<head />[39m
  [36m<body>[39m
    [36m<div>[39m
      [36m<div[39m
        [33mclass[39m=[32m"min-h-screen bg-gray-50"[39m
      [36m>[39m
        [36m<div[39m
          [33mclass[39m=[32m"lg:hidden"[39m
        [36m>[39m
          [36m<nav[39m
            [33mclass[39m=[32m"bg-white shadow-lg border-b border-gray-200"[39m
          [36m>[39m
            [36m<div[39m
              [33mclass[39m=[32m"max-w-7xl mx-auto px-4 sm:px-6 lg:px-8"[39m
            [36m>[39m
              [36m<div[39m
                [33mclass[39m=[32m"flex justify-between h-16"[39m
              [36m>[39m
                [36m<div[39m
                  [33mclass[39m=[32m"flex items-center"[39m
                [36m>[39m
                  [36m<a[39m
                    [33mclass[39m=[32m"flex items-center space-x-2"[39m
                    [33mdata-discover[39m=[32m"true"[39m
                    [33mhref[39m=[32m"/"[39m
                  [36m>[39m
                    [36m<span[39m
                      [33mclass[39m=[32m"text-2xl"[39m
                    [36m>[39m
                      [0m🏡[0m
                    [36m</span>[39m
                    [36m<span[39m
                      [33mclass[39m=[32m"text-xl font-bold text-gray-900 hidden sm:block"[39m
                    [36m>[39m
                      [0mHousehold Management[0m
                    [36m</span>[39m
                    [36m<span[39m
                      [33mclass[39m=[32m"text-xl font-bold text-gray-900 sm:hidden"[39m
                    [36m>[39m
                      [0mHome[0m
                    [36m</span>[39m
                  [36m</a>[39m
                [36m</div>[39m
                [36m<div[39m
                  [33mclass[39m=[32m"hidden md:flex items-center space-x-8"[39m
                [36m>[39m
                  [36m<a[39m
                    [33mclass[39m=[32m"flex items-center space-x-1 px-3 py-2 rounded-md text-sm font-medium transition-colors bg-blue-100 text-blue-700"[39m
                    [33mdata-discover[39m=[32m"true"[39m
                    [33mhref[39m=[32m"/"[39m
                  [36m>[39m
                    [36m<span[39m
                      [33mclass[39m=[32m"text-lg"[39m
                    [36m>[39m
                      [0m🏠[0m
                    [36m</span>[39m
                    [36m<span>[39m
                      [0mDashboard[0m
                    [36m</span>[39m
                  [36m</a>[39m
                  [36m<a[39m
                    [33mclass[39m=[32m"flex items-center space-x-1 px-3 py-2 rounded-md text-sm font-medium transition-colors text-gray-600 hover:text-gray-900 hover:bg-gray-100"[39m
                    [33mdata-discover[39m=[32m"true"[39m
                    [33mhref[39m=[32m"/plants"[39m
                  [36m>[39m
                    [36m<span[39m
                      [33mclass[39m=[32m"text-lg"[39m
                    [36m>[39m
                      [0m🌱[0m
                    [36m</span>[39m
                    [36m<span>[39m
                      [0mPlant Codex[0m
                    [36m</span>[39m
                  [36m</a>[39m
                  [36m<a[39m
                    [33mclass[39m=[32m"flex items-center space-x-1 px-3 py-2 rounded-md text-sm font-medium transition-colors text-gray-600 hover:text-gray-900 hover:bg-gray-100"[39m
                    [33mdata-discover[39m=[32m"true"[39m
                    [33mhref[39m=[32m"/projects"[39m
                  [36m>[39m
                    [36m<span[39m
                      [33mclass[39m=[32m"text-lg"[39m
                    [36m>[39m
                      [0m🔨[0m
                    [36m</span>[39m
                    [36m<span>[39m
                      [0mProjects[0m
                    [36m</span>[39m
                  [36m</a>[39m
                  [36m<a[39m
                    [33mclass[39m=[32m"flex items-center space-x-1 px-3 py-2 rounded-md text-sm font-medium transition-colors text-gray-600 hover:text-gray-900 hover:bg-gray-100"[39m
                    [33mdata-discover[39m=[32m"true"[39m
                    [33mhref[39m=[32m"/tasks"[39m
                  [36m>[39m
                    [36m<span[39m
                      [33mclass[39m=[32m"text-lg"[39m
                    [36m>[39m
                      [0m✅[0m
                    [36m</span>[39m
                    [36m<span>[39m
                      [0mTasks[0m
                    [36m</span>[39m
                  [36m</a>[39m
                  [36m<a[39m
                    [33mclass[39m=[32m"flex items-center space-x-1 px-3 py-2 rounded-md text-sm font-medium transition-colors text-gray-600 hover:text-gray-900 hover:bg-gray-100"[39m
                    [33mdata-discover[39m=[32m"true"[39m
                    [33mhref[39m=[32m"/calendar"[39m
                  [36m>[39m
                    [36m<span[39m
                      [33mclass[39m=[32m"text-lg"[39m
                    [36m>[39m
                      [0m📅[0m
                    [36m</span>[39m
                    [36m<span>[39m
                      [0mCalendar[0m
                    [36m</span>[39m
                  [36m</a>[39m
                [36m</div>[39m
                [36m<div[39m
                  [33mclass[39m=[32m"flex items-center space-x-4"[39m
                [36m>[39m
                  [36m<div[39m
                    [33mclass[39m=[32m"relative "[39m
                  [36m>[39m
                    [36m<div[39m
                      [33mclass[39m=[32m"flex items-center space-x-2"[39m
                    [36m>[39m
                      [36m<div[39m
                        [33mclass[39m=[32m"w-3 h-3 rounded-full bg-green-500 "[39m
                        [33mtitle[39m=[32m"Online"[39m
                      [36m/>[39m
                      [36m<button[39m
                        [33mclass[39m=[32m"text-sm text-gray-600 hover:text-gray-800 focus:outline-none"[39m
                      [36m>[39m
                        [0mOnline[0m
                      [36m</button>[39m
                    [36m</div>[39m
                  [36m</div>[39m
                  [36m<div[39m
                    [33mclass[39m=[32m"hidden md:block lg:hidden"[39m
                  [36m>[39m
                    [36m<div[39m
                      [33mclass[39m=[32m"relative inline-block text-left"[39m
                    [36m>[39m
                      [36m<button[39m
                        [33maria-expanded[39m=[32m"false"[39m
                        [33maria-haspopup[39m=[32m"listbox"[39m
                        [33maria-label[39m=[32m"Common.select Language"[39m
                        [33mclass[39m...
   × Responsive Design Integration Tests > should display desktop layout correctly (1024px+) 1305ms
     → Found multiple elements with the text: /Overview/i

Here are the matching elements:

Ignored nodes: comments, script, style
[36m<span[39m
  [33mclass[39m=[32m"mt-1 text-xs ml-8 text-blue-600"[39m
[36m>[39m
  [0mOverview And Quick Access[0m
[36m</span>[39m

Ignored nodes: comments, script, style
[36m<span[39m
  [33mclass[39m=[32m"mt-1 text-xs ml-8 text-blue-600"[39m
[36m>[39m
  [0mOverview And Quick Access[0m
[36m</span>[39m

Ignored nodes: comments, script, style
[36m<div>[39m
  [0mOverview[0m
[36m</div>[39m

(If this is intentional, then use the `*AllBy*` variant of the query (like `queryAllByText`, `getAllByText`, or `findAllByText`)).

Ignored nodes: comments, script, style
[36m<body>[39m
  [36m<div>[39m
    [36m<div[39m
      [33mclass[39m=[32m"min-h-screen bg-gray-50"[39m
    [36m>[39m
      [36m<div[39m
        [33mclass[39m=[32m"lg:hidden"[39m
      [36m>[39m
        [36m<nav[39m
          [33mclass[39m=[32m"bg-white shadow-lg border-b border-gray-200"[39m
        [36m>[39m
          [36m<div[39m
            [33mclass[39m=[32m"max-w-7xl mx-auto px-4 sm:px-6 lg:px-8"[39m
          [36m>[39m
            [36m<div[39m
              [33mclass[39m=[32m"flex justify-between h-16"[39m
            [36m>[39m
              [36m<div[39m
                [33mclass[39m=[32m"flex items-center"[39m
              [36m>[39m
                [36m<a[39m
                  [33mclass[39m=[32m"flex items-center space-x-2"[39m
                  [33mdata-discover[39m=[32m"true"[39m
                  [33mhref[39m=[32m"/"[39m
                [36m>[39m
                  [36m<span[39m
                    [33mclass[39m=[32m"text-2xl"[39m
                  [36m>[39m
                    [0m🏡[0m
                  [36m</span>[39m
                  [36m<span[39m
                    [33mclass[39m=[32m"text-xl font-bold text-gray-900 hidden sm:block"[39m
                  [36m>[39m
                    [0mHousehold Management[0m
                  [36m</span>[39m
                  [36m<span[39m
                    [33mclass[39m=[32m"text-xl font-bold text-gray-900 sm:hidden"[39m
                  [36m>[39m
                    [0mHome[0m
                  [36m</span>[39m
                [36m</a>[39m
              [36m</div>[39m
              [36m<div[39m
                [33mclass[39m=[32m"hidden md:flex items-center space-x-8"[39m
              [36m>[39m
                [36m<a[39m
                  [33mclass[39m=[32m"flex items-center space-x-1 px-3 py-2 rounded-md text-sm font-medium transition-colors bg-blue-100 text-blue-700"[39m
                  [33mdata-discover[39m=[32m"true"[39m
                  [33mhref[39m=[32m"/"[39m
                [36m>[39m
                  [36m<span[39m
                    [33mclass[39m=[32m"text-lg"[39m
                  [36m>[39m
                    [0m🏠[0m
                  [36m</span>[39m
                  [36m<span>[39m
                    [0mDashboard[0m
                  [36m</span>[39m
                [36m</a>[39m
                [36m<a[39m
                  [33mclass[39m=[32m"flex items-center space-x-1 px-3 py-2 rounded-md text-sm font-medium transition-colors text-gray-600 hover:text-gray-900 hover:bg-gray-100"[39m
                  [33mdata-discover[39m=[32m"true"[39m
                  [33mhref[39m=[32m"/plants"[39m
                [36m>[39m
                  [36m<span[39m
                    [33mclass[39m=[32m"text-lg"[39m
                  [36m>[39m
                    [0m🌱[0m
                  [36m</span>[39m
                  [36m<span>[39m
                    [0mPlant Codex[0m
                  [36m</span>[39m
                [36m</a>[39m
                [36m<a[39m
                  [33mclass[39m=[32m"flex items-center space-x-1 px-3 py-2 rounded-md text-sm font-medium transition-colors text-gray-600 hover:text-gray-900 hover:bg-gray-100"[39m
                  [33mdata-discover[39m=[32m"true"[39m
                  [33mhref[39m=[32m"/projects"[39m
                [36m>[39m
                  [36m<span[39m
                    [33mclass[39m=[32m"text-lg"[39m
                  [36m>[39m
                    [0m🔨[0m
                  [36m</span>[39m
                  [36m<span>[39m
                    [0mProjects[0m
                  [36m</span>[39m
                [36m</a>[39m
                [36m<a[39m
                  [33mclass[39m=[32m"flex items-center space-x-1 px-3 py-2 rounded-md text-sm font-medium transition-colors text-gray-600 hover:text-gray-900 hover:bg-gray-100"[39m
                  [33mdata-discover[39m=[32m"true"[39m
                  [33mhref[39m=[32m"/tasks"[39m
                [36m>[39m
                  [36m<span[39m
                    [33mclass[39m=[32m"text-lg"[39m
                  [36m>[39m
                    [0m✅[0m
                  [36m</span>[39m
                  [36m<span>[39m
                    [0mTasks[0m
                  [36m</span>[39m
                [36m</a>[39m
                [36m<a[39m
                  [33mclass[39m=[32m"flex items-center space-x-1 px-3 py-2 rounded-md text-sm font-medium transition-colors text-gray-600 hover:text-gray-900 hover:bg-gray-100"[39m
                  [33mdata-discover[39m=[32m"true"[39m
                  [33mhref[39m=[32m"/calendar"[39m
                [36m>[39m
                  [36m<span[39m
                    [33mclass[39m=[32m"text-lg"[39m
                  [36m>[39m
                    [0m📅[0m
                  [36m</span>[39m
                  [36m<span>[39m
                    [0mCalendar[0m
                  [36m</span>[39m
                [36m</a>[39m
              [36m</div>[39m
              [36m<div[39m
                [33mclass[39m=[32m"flex items-center space-x-4"[39m
              [36m>[39m
                [36m<div[39m
                  [33mclass[39m=[32m"relative "[39m
                [36m>[39m
                  [36m<div[39m
                    [33mclass[39m=[32m"flex items-center space-x-2"[39m
                  [36m>[39m
                    [36m<div[39m
                      [33mclass[39m=[32m"w-3 h-3 rounded-full bg-green-500 "[39m
                      [33mtitle[39m=[32m"Online"[39m
                    [36m/>[39m
                    [36m<button[39m
                      [33mclass[39m=[32m"text-sm text-gray-600 hover:text-gray-800 focus:outline-none"[39m
                    [36m>[39m
                      [0mOnline[0m
                    [36m</button>[39m
                  [36m</div>[39m
                [36m</div>[39m
                [36m<div[39m
                  [33mclass[39m=[32m"hidden md:block lg:hidden"[39m
                [36m>[39m
                  [36m<div[39m
                    [33mclass[39m=[32m"relative inline-block text-left"[39m
                  [36m>[39m
                    [36m<button[39m
                      [33maria-expanded[39m=[32m"false"[39m
                      [33maria-haspopup[39m=[32m"listbox"[39m
                      [33maria-label[39m=[32m"Common.select Language"[39m
                      [33mclass[39m=[32m"inline-flex items-center justify-between
    px-2 py-1 text-xs 
    font-medium text-gray-700 bg-white border border-gray-300 rounded-md
    hover:bg-gray-50 focus:outline-none focus:ring-2 focus:ring-offset-2 focus:ring-blue-500
    active:bg-gray-100 disabled:opacity-50 disabled:cursor-not-allowed
    transition-all durat...

Ignored nodes: comments, script, style
[36m<html>[39m
  [36m<head />[39m
  [36m<body>[39m
    [36m<div>[39m
      [36m<div[39m
        [33mclass[39m=[32m"min-h-screen bg-gray-50"[39m
      [36m>[39m
        [36m<div[39m
          [33mclass[39m=[32m"lg:hidden"[39m
        [36m>[39m
          [36m<nav[39m
            [33mclass[39m=[32m"bg-white shadow-lg border-b border-gray-200"[39m
          [36m>[39m
            [36m<div[39m
              [33mclass[39m=[32m"max-w-7xl mx-auto px-4 sm:px-6 lg:px-8"[39m
            [36m>[39m
              [36m<div[39m
                [33mclass[39m=[32m"flex justify-between h-16"[39m
              [36m>[39m
                [36m<div[39m
                  [33mclass[39m=[32m"flex items-center"[39m
                [36m>[39m
                  [36m<a[39m
                    [33mclass[39m=[32m"flex items-center space-x-2"[39m
                    [33mdata-discover[39m=[32m"true"[39m
                    [33mhref[39m=[32m"/"[39m
                  [36m>[39m
                    [36m<span[39m
                      [33mclass[39m=[32m"text-2xl"[39m
                    [36m>[39m
                      [0m🏡[0m
                    [36m</span>[39m
                    [36m<span[39m
                      [33mclass[39m=[32m"text-xl font-bold text-gray-900 hidden sm:block"[39m
                    [36m>[39m
                      [0mHousehold Management[0m
                    [36m</span>[39m
                    [36m<span[39m
                      [33mclass[39m=[32m"text-xl font-bold text-gray-900 sm:hidden"[39m
                    [36m>[39m
                      [0mHome[0m
                    [36m</span>[39m
                  [36m</a>[39m
                [36m</div>[39m
                [36m<div[39m
                  [33mclass[39m=[32m"hidden md:flex items-center space-x-8"[39m
                [36m>[39m
                  [36m<a[39m
                    [33mclass[39m=[32m"flex items-center space-x-1 px-3 py-2 rounded-md text-sm font-medium transition-colors bg-blue-100 text-blue-700"[39m
                    [33mdata-discover[39m=[32m"true"[39m
                    [33mhref[39m=[32m"/"[39m
                  [36m>[39m
                    [36m<span[39m
                      [33mclass[39m=[32m"text-lg"[39m
                    [36m>[39m
                      [0m🏠[0m
                    [36m</span>[39m
                    [36m<span>[39m
                      [0mDashboard[0m
                    [36m</span>[39m
                  [36m</a>[39m
                  [36m<a[39m
                    [33mclass[39m=[32m"flex items-center space-x-1 px-3 py-2 rounded-md text-sm font-medium transition-colors text-gray-600 hover:text-gray-900 hover:bg-gray-100"[39m
                    [33mdata-discover[39m=[32m"true"[39m
                    [33mhref[39m=[32m"/plants"[39m
                  [36m>[39m
                    [36m<span[39m
                      [33mclass[39m=[32m"text-lg"[39m
                    [36m>[39m
                      [0m🌱[0m
                    [36m</span>[39m
                    [36m<span>[39m
                      [0mPlant Codex[0m
                    [36m</span>[39m
                  [36m</a>[39m
                  [36m<a[39m
                    [33mclass[39m=[32m"flex items-center space-x-1 px-3 py-2 rounded-md text-sm font-medium transition-colors text-gray-600 hover:text-gray-900 hover:bg-gray-100"[39m
                    [33mdata-discover[39m=[32m"true"[39m
                    [33mhref[39m=[32m"/projects"[39m
                  [36m>[39m
                    [36m<span[39m
                      [33mclass[39m=[32m"text-lg"[39m
                    [36m>[39m
                      [0m🔨[0m
                    [36m</span>[39m
                    [36m<span>[39m
                      [0mProjects[0m
                    [36m</span>[39m
                  [36m</a>[39m
                  [36m<a[39m
                    [33mclass[39m=[32m"flex items-center space-x-1 px-3 py-2 rounded-md text-sm font-medium transition-colors text-gray-600 hover:text-gray-900 hover:bg-gray-100"[39m
                    [33mdata-discover[39m=[32m"true"[39m
                    [33mhref[39m=[32m"/tasks"[39m
                  [36m>[39m
                    [36m<span[39m
                      [33mclass[39m=[32m"text-lg"[39m
                    [36m>[39m
                      [0m✅[0m
                    [36m</span>[39m
                    [36m<span>[39m
                      [0mTasks[0m
                    [36m</span>[39m
                  [36m</a>[39m
                  [36m<a[39m
                    [33mclass[39m=[32m"flex items-center space-x-1 px-3 py-2 rounded-md text-sm font-medium transition-colors text-gray-600 hover:text-gray-900 hover:bg-gray-100"[39m
                    [33mdata-discover[39m=[32m"true"[39m
                    [33mhref[39m=[32m"/calendar"[39m
                  [36m>[39m
                    [36m<span[39m
                      [33mclass[39m=[32m"text-lg"[39m
                    [36m>[39m
                      [0m📅[0m
                    [36m</span>[39m
                    [36m<span>[39m
                      [0mCalendar[0m
                    [36m</span>[39m
                  [36m</a>[39m
                [36m</div>[39m
                [36m<div[39m
                  [33mclass[39m=[32m"flex items-center space-x-4"[39m
                [36m>[39m
                  [36m<div[39m
                    [33mclass[39m=[32m"relative "[39m
                  [36m>[39m
                    [36m<div[39m
                      [33mclass[39m=[32m"flex items-center space-x-2"[39m
                    [36m>[39m
                      [36m<div[39m
                        [33mclass[39m=[32m"w-3 h-3 rounded-full bg-green-500 "[39m
                        [33mtitle[39m=[32m"Online"[39m
                      [36m/>[39m
                      [36m<button[39m
                        [33mclass[39m=[32m"text-sm text-gray-600 hover:text-gray-800 focus:outline-none"[39m
                      [36m>[39m
                        [0mOnline[0m
                      [36m</button>[39m
                    [36m</div>[39m
                  [36m</div>[39m
                  [36m<div[39m
                    [33mclass[39m=[32m"hidden md:block lg:hidden"[39m
                  [36m>[39m
                    [36m<div[39m
                      [33mclass[39m=[32m"relative inline-block text-left"[39m
                    [36m>[39m
                      [36m<button[39m
                        [33maria-expanded[39m=[32m"false"[39m
                        [33maria-haspopup[39m=[32m"listbox"[39m
                        [33maria-label[39m=[32m"Common.select Language"[39m
                        [33mclass[39m...
   × Responsive Design Integration Tests > should handle touch interactions on mobile devices 1304ms
     → Found multiple elements with the text: /Overview/i

Here are the matching elements:

Ignored nodes: comments, script, style
[36m<span[39m
  [33mclass[39m=[32m"mt-1 text-xs ml-8 text-blue-600"[39m
[36m>[39m
  [0mOverview And Quick Access[0m
[36m</span>[39m

Ignored nodes: comments, script, style
[36m<span[39m
  [33mclass[39m=[32m"mt-1 text-xs ml-8 text-blue-600"[39m
[36m>[39m
  [0mOverview And Quick Access[0m
[36m</span>[39m

Ignored nodes: comments, script, style
[36m<div>[39m
  [0mOverview[0m
[36m</div>[39m

(If this is intentional, then use the `*AllBy*` variant of the query (like `queryAllByText`, `getAllByText`, or `findAllByText`)).

Ignored nodes: comments, script, style
[36m<body>[39m
  [36m<div>[39m
    [36m<div[39m
      [33mclass[39m=[32m"min-h-screen bg-gray-50"[39m
    [36m>[39m
      [36m<div[39m
        [33mclass[39m=[32m"lg:hidden"[39m
      [36m>[39m
        [36m<nav[39m
          [33mclass[39m=[32m"bg-white shadow-lg border-b border-gray-200"[39m
        [36m>[39m
          [36m<div[39m
            [33mclass[39m=[32m"max-w-7xl mx-auto px-4 sm:px-6 lg:px-8"[39m
          [36m>[39m
            [36m<div[39m
              [33mclass[39m=[32m"flex justify-between h-16"[39m
            [36m>[39m
              [36m<div[39m
                [33mclass[39m=[32m"flex items-center"[39m
              [36m>[39m
                [36m<a[39m
                  [33mclass[39m=[32m"flex items-center space-x-2"[39m
                  [33mdata-discover[39m=[32m"true"[39m
                  [33mhref[39m=[32m"/"[39m
                [36m>[39m
                  [36m<span[39m
                    [33mclass[39m=[32m"text-2xl"[39m
                  [36m>[39m
                    [0m🏡[0m
                  [36m</span>[39m
                  [36m<span[39m
                    [33mclass[39m=[32m"text-xl font-bold text-gray-900 hidden sm:block"[39m
                  [36m>[39m
                    [0mHousehold Management[0m
                  [36m</span>[39m
                  [36m<span[39m
                    [33mclass[39m=[32m"text-xl font-bold text-gray-900 sm:hidden"[39m
                  [36m>[39m
                    [0mHome[0m
                  [36m</span>[39m
                [36m</a>[39m
              [36m</div>[39m
              [36m<div[39m
                [33mclass[39m=[32m"hidden md:flex items-center space-x-8"[39m
              [36m>[39m
                [36m<a[39m
                  [33mclass[39m=[32m"flex items-center space-x-1 px-3 py-2 rounded-md text-sm font-medium transition-colors bg-blue-100 text-blue-700"[39m
                  [33mdata-discover[39m=[32m"true"[39m
                  [33mhref[39m=[32m"/"[39m
                [36m>[39m
                  [36m<span[39m
                    [33mclass[39m=[32m"text-lg"[39m
                  [36m>[39m
                    [0m🏠[0m
                  [36m</span>[39m
                  [36m<span>[39m
                    [0mDashboard[0m
                  [36m</span>[39m
                [36m</a>[39m
                [36m<a[39m
                  [33mclass[39m=[32m"flex items-center space-x-1 px-3 py-2 rounded-md text-sm font-medium transition-colors text-gray-600 hover:text-gray-900 hover:bg-gray-100"[39m
                  [33mdata-discover[39m=[32m"true"[39m
                  [33mhref[39m=[32m"/plants"[39m
                [36m>[39m
                  [36m<span[39m
                    [33mclass[39m=[32m"text-lg"[39m
                  [36m>[39m
                    [0m🌱[0m
                  [36m</span>[39m
                  [36m<span>[39m
                    [0mPlant Codex[0m
                  [36m</span>[39m
                [36m</a>[39m
                [36m<a[39m
                  [33mclass[39m=[32m"flex items-center space-x-1 px-3 py-2 rounded-md text-sm font-medium transition-colors text-gray-600 hover:text-gray-900 hover:bg-gray-100"[39m
                  [33mdata-discover[39m=[32m"true"[39m
                  [33mhref[39m=[32m"/projects"[39m
                [36m>[39m
                  [36m<span[39m
                    [33mclass[39m=[32m"text-lg"[39m
                  [36m>[39m
                    [0m🔨[0m
                  [36m</span>[39m
                  [36m<span>[39m
                    [0mProjects[0m
                  [36m</span>[39m
                [36m</a>[39m
                [36m<a[39m
                  [33mclass[39m=[32m"flex items-center space-x-1 px-3 py-2 rounded-md text-sm font-medium transition-colors text-gray-600 hover:text-gray-900 hover:bg-gray-100"[39m
                  [33mdata-discover[39m=[32m"true"[39m
                  [33mhref[39m=[32m"/tasks"[39m
                [36m>[39m
                  [36m<span[39m
                    [33mclass[39m=[32m"text-lg"[39m
                  [36m>[39m
                    [0m✅[0m
                  [36m</span>[39m
                  [36m<span>[39m
                    [0mTasks[0m
                  [36m</span>[39m
                [36m</a>[39m
                [36m<a[39m
                  [33mclass[39m=[32m"flex items-center space-x-1 px-3 py-2 rounded-md text-sm font-medium transition-colors text-gray-600 hover:text-gray-900 hover:bg-gray-100"[39m
                  [33mdata-discover[39m=[32m"true"[39m
                  [33mhref[39m=[32m"/calendar"[39m
                [36m>[39m
                  [36m<span[39m
                    [33mclass[39m=[32m"text-lg"[39m
                  [36m>[39m
                    [0m📅[0m
                  [36m</span>[39m
                  [36m<span>[39m
                    [0mCalendar[0m
                  [36m</span>[39m
                [36m</a>[39m
              [36m</div>[39m
              [36m<div[39m
                [33mclass[39m=[32m"flex items-center space-x-4"[39m
              [36m>[39m
                [36m<div[39m
                  [33mclass[39m=[32m"relative "[39m
                [36m>[39m
                  [36m<div[39m
                    [33mclass[39m=[32m"flex items-center space-x-2"[39m
                  [36m>[39m
                    [36m<div[39m
                      [33mclass[39m=[32m"w-3 h-3 rounded-full bg-green-500 "[39m
                      [33mtitle[39m=[32m"Online"[39m
                    [36m/>[39m
                    [36m<button[39m
                      [33mclass[39m=[32m"text-sm text-gray-600 hover:text-gray-800 focus:outline-none"[39m
                    [36m>[39m
                      [0mOnline[0m
                    [36m</button>[39m
                  [36m</div>[39m
                [36m</div>[39m
                [36m<div[39m
                  [33mclass[39m=[32m"hidden md:block lg:hidden"[39m
                [36m>[39m
                  [36m<div[39m
                    [33mclass[39m=[32m"relative inline-block text-left"[39m
                  [36m>[39m
                    [36m<button[39m
                      [33maria-expanded[39m=[32m"false"[39m
                      [33maria-haspopup[39m=[32m"listbox"[39m
                      [33maria-label[39m=[32m"Common.select Language"[39m
                      [33mclass[39m=[32m"inline-flex items-center justify-between
    px-2 py-1 text-xs 
    font-medium text-gray-700 bg-white border border-gray-300 rounded-md
    hover:bg-gray-50 focus:outline-none focus:ring-2 focus:ring-offset-2 focus:ring-blue-500
    active:bg-gray-100 disabled:opacity-50 disabled:cursor-not-allowed
    transition-all durat...

Ignored nodes: comments, script, style
[36m<html>[39m
  [36m<head />[39m
  [36m<body>[39m
    [36m<div>[39m
      [36m<div[39m
        [33mclass[39m=[32m"min-h-screen bg-gray-50"[39m
      [36m>[39m
        [36m<div[39m
          [33mclass[39m=[32m"lg:hidden"[39m
        [36m>[39m
          [36m<nav[39m
            [33mclass[39m=[32m"bg-white shadow-lg border-b border-gray-200"[39m
          [36m>[39m
            [36m<div[39m
              [33mclass[39m=[32m"max-w-7xl mx-auto px-4 sm:px-6 lg:px-8"[39m
            [36m>[39m
              [36m<div[39m
                [33mclass[39m=[32m"flex justify-between h-16"[39m
              [36m>[39m
                [36m<div[39m
                  [33mclass[39m=[32m"flex items-center"[39m
                [36m>[39m
                  [36m<a[39m
                    [33mclass[39m=[32m"flex items-center space-x-2"[39m
                    [33mdata-discover[39m=[32m"true"[39m
                    [33mhref[39m=[32m"/"[39m
                  [36m>[39m
                    [36m<span[39m
                      [33mclass[39m=[32m"text-2xl"[39m
                    [36m>[39m
                      [0m🏡[0m
                    [36m</span>[39m
                    [36m<span[39m
                      [33mclass[39m=[32m"text-xl font-bold text-gray-900 hidden sm:block"[39m
                    [36m>[39m
                      [0mHousehold Management[0m
                    [36m</span>[39m
                    [36m<span[39m
                      [33mclass[39m=[32m"text-xl font-bold text-gray-900 sm:hidden"[39m
                    [36m>[39m
                      [0mHome[0m
                    [36m</span>[39m
                  [36m</a>[39m
                [36m</div>[39m
                [36m<div[39m
                  [33mclass[39m=[32m"hidden md:flex items-center space-x-8"[39m
                [36m>[39m
                  [36m<a[39m
                    [33mclass[39m=[32m"flex items-center space-x-1 px-3 py-2 rounded-md text-sm font-medium transition-colors bg-blue-100 text-blue-700"[39m
                    [33mdata-discover[39m=[32m"true"[39m
                    [33mhref[39m=[32m"/"[39m
                  [36m>[39m
                    [36m<span[39m
                      [33mclass[39m=[32m"text-lg"[39m
                    [36m>[39m
                      [0m🏠[0m
                    [36m</span>[39m
                    [36m<span>[39m
                      [0mDashboard[0m
                    [36m</span>[39m
                  [36m</a>[39m
                  [36m<a[39m
                    [33mclass[39m=[32m"flex items-center space-x-1 px-3 py-2 rounded-md text-sm font-medium transition-colors text-gray-600 hover:text-gray-900 hover:bg-gray-100"[39m
                    [33mdata-discover[39m=[32m"true"[39m
                    [33mhref[39m=[32m"/plants"[39m
                  [36m>[39m
                    [36m<span[39m
                      [33mclass[39m=[32m"text-lg"[39m
                    [36m>[39m
                      [0m🌱[0m
                    [36m</span>[39m
                    [36m<span>[39m
                      [0mPlant Codex[0m
                    [36m</span>[39m
                  [36m</a>[39m
                  [36m<a[39m
                    [33mclass[39m=[32m"flex items-center space-x-1 px-3 py-2 rounded-md text-sm font-medium transition-colors text-gray-600 hover:text-gray-900 hover:bg-gray-100"[39m
                    [33mdata-discover[39m=[32m"true"[39m
                    [33mhref[39m=[32m"/projects"[39m
                  [36m>[39m
                    [36m<span[39m
                      [33mclass[39m=[32m"text-lg"[39m
                    [36m>[39m
                      [0m🔨[0m
                    [36m</span>[39m
                    [36m<span>[39m
                      [0mProjects[0m
                    [36m</span>[39m
                  [36m</a>[39m
                  [36m<a[39m
                    [33mclass[39m=[32m"flex items-center space-x-1 px-3 py-2 rounded-md text-sm font-medium transition-colors text-gray-600 hover:text-gray-900 hover:bg-gray-100"[39m
                    [33mdata-discover[39m=[32m"true"[39m
                    [33mhref[39m=[32m"/tasks"[39m
                  [36m>[39m
                    [36m<span[39m
                      [33mclass[39m=[32m"text-lg"[39m
                    [36m>[39m
                      [0m✅[0m
                    [36m</span>[39m
                    [36m<span>[39m
                      [0mTasks[0m
                    [36m</span>[39m
                  [36m</a>[39m
                  [36m<a[39m
                    [33mclass[39m=[32m"flex items-center space-x-1 px-3 py-2 rounded-md text-sm font-medium transition-colors text-gray-600 hover:text-gray-900 hover:bg-gray-100"[39m
                    [33mdata-discover[39m=[32m"true"[39m
                    [33mhref[39m=[32m"/calendar"[39m
                  [36m>[39m
                    [36m<span[39m
                      [33mclass[39m=[32m"text-lg"[39m
                    [36m>[39m
                      [0m📅[0m
                    [36m</span>[39m
                    [36m<span>[39m
                      [0mCalendar[0m
                    [36m</span>[39m
                  [36m</a>[39m
                [36m</div>[39m
                [36m<div[39m
                  [33mclass[39m=[32m"flex items-center space-x-4"[39m
                [36m>[39m
                  [36m<div[39m
                    [33mclass[39m=[32m"relative "[39m
                  [36m>[39m
                    [36m<div[39m
                      [33mclass[39m=[32m"flex items-center space-x-2"[39m
                    [36m>[39m
                      [36m<div[39m
                        [33mclass[39m=[32m"w-3 h-3 rounded-full bg-green-500 "[39m
                        [33mtitle[39m=[32m"Online"[39m
                      [36m/>[39m
                      [36m<button[39m
                        [33mclass[39m=[32m"text-sm text-gray-600 hover:text-gray-800 focus:outline-none"[39m
                      [36m>[39m
                        [0mOnline[0m
                      [36m</button>[39m
                    [36m</div>[39m
                  [36m</div>[39m
                  [36m<div[39m
                    [33mclass[39m=[32m"hidden md:block lg:hidden"[39m
                  [36m>[39m
                    [36m<div[39m
                      [33mclass[39m=[32m"relative inline-block text-left"[39m
                    [36m>[39m
                      [36m<button[39m
                        [33maria-expanded[39m=[32m"false"[39m
                        [33maria-haspopup[39m=[32m"listbox"[39m
                        [33maria-label[39m=[32m"Common.select Language"[39m
                        [33mclass[39m...
   × Responsive Design Integration Tests > should adapt form layouts for different screen sizes 1292ms
     → Found multiple elements with the text: /Overview/i

Here are the matching elements:

Ignored nodes: comments, script, style
[36m<span[39m
  [33mclass[39m=[32m"mt-1 text-xs ml-8 text-blue-600"[39m
[36m>[39m
  [0mOverview And Quick Access[0m
[36m</span>[39m

Ignored nodes: comments, script, style
[36m<span[39m
  [33mclass[39m=[32m"mt-1 text-xs ml-8 text-blue-600"[39m
[36m>[39m
  [0mOverview And Quick Access[0m
[36m</span>[39m

Ignored nodes: comments, script, style
[36m<div>[39m
  [0mOverview[0m
[36m</div>[39m

(If this is intentional, then use the `*AllBy*` variant of the query (like `queryAllByText`, `getAllByText`, or `findAllByText`)).

Ignored nodes: comments, script, style
[36m<body>[39m
  [36m<div>[39m
    [36m<div[39m
      [33mclass[39m=[32m"min-h-screen bg-gray-50"[39m
    [36m>[39m
      [36m<div[39m
        [33mclass[39m=[32m"lg:hidden"[39m
      [36m>[39m
        [36m<nav[39m
          [33mclass[39m=[32m"bg-white shadow-lg border-b border-gray-200"[39m
        [36m>[39m
          [36m<div[39m
            [33mclass[39m=[32m"max-w-7xl mx-auto px-4 sm:px-6 lg:px-8"[39m
          [36m>[39m
            [36m<div[39m
              [33mclass[39m=[32m"flex justify-between h-16"[39m
            [36m>[39m
              [36m<div[39m
                [33mclass[39m=[32m"flex items-center"[39m
              [36m>[39m
                [36m<a[39m
                  [33mclass[39m=[32m"flex items-center space-x-2"[39m
                  [33mdata-discover[39m=[32m"true"[39m
                  [33mhref[39m=[32m"/"[39m
                [36m>[39m
                  [36m<span[39m
                    [33mclass[39m=[32m"text-2xl"[39m
                  [36m>[39m
                    [0m🏡[0m
                  [36m</span>[39m
                  [36m<span[39m
                    [33mclass[39m=[32m"text-xl font-bold text-gray-900 hidden sm:block"[39m
                  [36m>[39m
                    [0mHousehold Management[0m
                  [36m</span>[39m
                  [36m<span[39m
                    [33mclass[39m=[32m"text-xl font-bold text-gray-900 sm:hidden"[39m
                  [36m>[39m
                    [0mHome[0m
                  [36m</span>[39m
                [36m</a>[39m
              [36m</div>[39m
              [36m<div[39m
                [33mclass[39m=[32m"hidden md:flex items-center space-x-8"[39m
              [36m>[39m
                [36m<a[39m
                  [33mclass[39m=[32m"flex items-center space-x-1 px-3 py-2 rounded-md text-sm font-medium transition-colors bg-blue-100 text-blue-700"[39m
                  [33mdata-discover[39m=[32m"true"[39m
                  [33mhref[39m=[32m"/"[39m
                [36m>[39m
                  [36m<span[39m
                    [33mclass[39m=[32m"text-lg"[39m
                  [36m>[39m
                    [0m🏠[0m
                  [36m</span>[39m
                  [36m<span>[39m
                    [0mDashboard[0m
                  [36m</span>[39m
                [36m</a>[39m
                [36m<a[39m
                  [33mclass[39m=[32m"flex items-center space-x-1 px-3 py-2 rounded-md text-sm font-medium transition-colors text-gray-600 hover:text-gray-900 hover:bg-gray-100"[39m
                  [33mdata-discover[39m=[32m"true"[39m
                  [33mhref[39m=[32m"/plants"[39m
                [36m>[39m
                  [36m<span[39m
                    [33mclass[39m=[32m"text-lg"[39m
                  [36m>[39m
                    [0m🌱[0m
                  [36m</span>[39m
                  [36m<span>[39m
                    [0mPlant Codex[0m
                  [36m</span>[39m
                [36m</a>[39m
                [36m<a[39m
                  [33mclass[39m=[32m"flex items-center space-x-1 px-3 py-2 rounded-md text-sm font-medium transition-colors text-gray-600 hover:text-gray-900 hover:bg-gray-100"[39m
                  [33mdata-discover[39m=[32m"true"[39m
                  [33mhref[39m=[32m"/projects"[39m
                [36m>[39m
                  [36m<span[39m
                    [33mclass[39m=[32m"text-lg"[39m
                  [36m>[39m
                    [0m🔨[0m
                  [36m</span>[39m
                  [36m<span>[39m
                    [0mProjects[0m
                  [36m</span>[39m
                [36m</a>[39m
                [36m<a[39m
                  [33mclass[39m=[32m"flex items-center space-x-1 px-3 py-2 rounded-md text-sm font-medium transition-colors text-gray-600 hover:text-gray-900 hover:bg-gray-100"[39m
                  [33mdata-discover[39m=[32m"true"[39m
                  [33mhref[39m=[32m"/tasks"[39m
                [36m>[39m
                  [36m<span[39m
                    [33mclass[39m=[32m"text-lg"[39m
                  [36m>[39m
                    [0m✅[0m
                  [36m</span>[39m
                  [36m<span>[39m
                    [0mTasks[0m
                  [36m</span>[39m
                [36m</a>[39m
                [36m<a[39m
                  [33mclass[39m=[32m"flex items-center space-x-1 px-3 py-2 rounded-md text-sm font-medium transition-colors text-gray-600 hover:text-gray-900 hover:bg-gray-100"[39m
                  [33mdata-discover[39m=[32m"true"[39m
                  [33mhref[39m=[32m"/calendar"[39m
                [36m>[39m
                  [36m<span[39m
                    [33mclass[39m=[32m"text-lg"[39m
                  [36m>[39m
                    [0m📅[0m
                  [36m</span>[39m
                  [36m<span>[39m
                    [0mCalendar[0m
                  [36m</span>[39m
                [36m</a>[39m
              [36m</div>[39m
              [36m<div[39m
                [33mclass[39m=[32m"flex items-center space-x-4"[39m
              [36m>[39m
                [36m<div[39m
                  [33mclass[39m=[32m"relative "[39m
                [36m>[39m
                  [36m<div[39m
                    [33mclass[39m=[32m"flex items-center space-x-2"[39m
                  [36m>[39m
                    [36m<div[39m
                      [33mclass[39m=[32m"w-3 h-3 rounded-full bg-green-500 "[39m
                      [33mtitle[39m=[32m"Online"[39m
                    [36m/>[39m
                    [36m<button[39m
                      [33mclass[39m=[32m"text-sm text-gray-600 hover:text-gray-800 focus:outline-none"[39m
                    [36m>[39m
                      [0mOnline[0m
                    [36m</button>[39m
                  [36m</div>[39m
                [36m</div>[39m
                [36m<div[39m
                  [33mclass[39m=[32m"hidden md:block lg:hidden"[39m
                [36m>[39m
                  [36m<div[39m
                    [33mclass[39m=[32m"relative inline-block text-left"[39m
                  [36m>[39m
                    [36m<button[39m
                      [33maria-expanded[39m=[32m"false"[39m
                      [33maria-haspopup[39m=[32m"listbox"[39m
                      [33maria-label[39m=[32m"Common.select Language"[39m
                      [33mclass[39m=[32m"inline-flex items-center justify-between
    px-2 py-1 text-xs 
    font-medium text-gray-700 bg-white border border-gray-300 rounded-md
    hover:bg-gray-50 focus:outline-none focus:ring-2 focus:ring-offset-2 focus:ring-blue-500
    active:bg-gray-100 disabled:opacity-50 disabled:cursor-not-allowed
    transition-all durat...

Ignored nodes: comments, script, style
[36m<html>[39m
  [36m<head />[39m
  [36m<body>[39m
    [36m<div>[39m
      [36m<div[39m
        [33mclass[39m=[32m"min-h-screen bg-gray-50"[39m
      [36m>[39m
        [36m<div[39m
          [33mclass[39m=[32m"lg:hidden"[39m
        [36m>[39m
          [36m<nav[39m
            [33mclass[39m=[32m"bg-white shadow-lg border-b border-gray-200"[39m
          [36m>[39m
            [36m<div[39m
              [33mclass[39m=[32m"max-w-7xl mx-auto px-4 sm:px-6 lg:px-8"[39m
            [36m>[39m
              [36m<div[39m
                [33mclass[39m=[32m"flex justify-between h-16"[39m
              [36m>[39m
                [36m<div[39m
                  [33mclass[39m=[32m"flex items-center"[39m
                [36m>[39m
                  [36m<a[39m
                    [33mclass[39m=[32m"flex items-center space-x-2"[39m
                    [33mdata-discover[39m=[32m"true"[39m
                    [33mhref[39m=[32m"/"[39m
                  [36m>[39m
                    [36m<span[39m
                      [33mclass[39m=[32m"text-2xl"[39m
                    [36m>[39m
                      [0m🏡[0m
                    [36m</span>[39m
                    [36m<span[39m
                      [33mclass[39m=[32m"text-xl font-bold text-gray-900 hidden sm:block"[39m
                    [36m>[39m
                      [0mHousehold Management[0m
                    [36m</span>[39m
                    [36m<span[39m
                      [33mclass[39m=[32m"text-xl font-bold text-gray-900 sm:hidden"[39m
                    [36m>[39m
                      [0mHome[0m
                    [36m</span>[39m
                  [36m</a>[39m
                [36m</div>[39m
                [36m<div[39m
                  [33mclass[39m=[32m"hidden md:flex items-center space-x-8"[39m
                [36m>[39m
                  [36m<a[39m
                    [33mclass[39m=[32m"flex items-center space-x-1 px-3 py-2 rounded-md text-sm font-medium transition-colors bg-blue-100 text-blue-700"[39m
                    [33mdata-discover[39m=[32m"true"[39m
                    [33mhref[39m=[32m"/"[39m
                  [36m>[39m
                    [36m<span[39m
                      [33mclass[39m=[32m"text-lg"[39m
                    [36m>[39m
                      [0m🏠[0m
                    [36m</span>[39m
                    [36m<span>[39m
                      [0mDashboard[0m
                    [36m</span>[39m
                  [36m</a>[39m
                  [36m<a[39m
                    [33mclass[39m=[32m"flex items-center space-x-1 px-3 py-2 rounded-md text-sm font-medium transition-colors text-gray-600 hover:text-gray-900 hover:bg-gray-100"[39m
                    [33mdata-discover[39m=[32m"true"[39m
                    [33mhref[39m=[32m"/plants"[39m
                  [36m>[39m
                    [36m<span[39m
                      [33mclass[39m=[32m"text-lg"[39m
                    [36m>[39m
                      [0m🌱[0m
                    [36m</span>[39m
                    [36m<span>[39m
                      [0mPlant Codex[0m
                    [36m</span>[39m
                  [36m</a>[39m
                  [36m<a[39m
                    [33mclass[39m=[32m"flex items-center space-x-1 px-3 py-2 rounded-md text-sm font-medium transition-colors text-gray-600 hover:text-gray-900 hover:bg-gray-100"[39m
                    [33mdata-discover[39m=[32m"true"[39m
                    [33mhref[39m=[32m"/projects"[39m
                  [36m>[39m
                    [36m<span[39m
                      [33mclass[39m=[32m"text-lg"[39m
                    [36m>[39m
                      [0m🔨[0m
                    [36m</span>[39m
                    [36m<span>[39m
                      [0mProjects[0m
                    [36m</span>[39m
                  [36m</a>[39m
                  [36m<a[39m
                    [33mclass[39m=[32m"flex items-center space-x-1 px-3 py-2 rounded-md text-sm font-medium transition-colors text-gray-600 hover:text-gray-900 hover:bg-gray-100"[39m
                    [33mdata-discover[39m=[32m"true"[39m
                    [33mhref[39m=[32m"/tasks"[39m
                  [36m>[39m
                    [36m<span[39m
                      [33mclass[39m=[32m"text-lg"[39m
                    [36m>[39m
                      [0m✅[0m
                    [36m</span>[39m
                    [36m<span>[39m
                      [0mTasks[0m
                    [36m</span>[39m
                  [36m</a>[39m
                  [36m<a[39m
                    [33mclass[39m=[32m"flex items-center space-x-1 px-3 py-2 rounded-md text-sm font-medium transition-colors text-gray-600 hover:text-gray-900 hover:bg-gray-100"[39m
                    [33mdata-discover[39m=[32m"true"[39m
                    [33mhref[39m=[32m"/calendar"[39m
                  [36m>[39m
                    [36m<span[39m
                      [33mclass[39m=[32m"text-lg"[39m
                    [36m>[39m
                      [0m📅[0m
                    [36m</span>[39m
                    [36m<span>[39m
                      [0mCalendar[0m
                    [36m</span>[39m
                  [36m</a>[39m
                [36m</div>[39m
                [36m<div[39m
                  [33mclass[39m=[32m"flex items-center space-x-4"[39m
                [36m>[39m
                  [36m<div[39m
                    [33mclass[39m=[32m"relative "[39m
                  [36m>[39m
                    [36m<div[39m
                      [33mclass[39m=[32m"flex items-center space-x-2"[39m
                    [36m>[39m
                      [36m<div[39m
                        [33mclass[39m=[32m"w-3 h-3 rounded-full bg-green-500 "[39m
                        [33mtitle[39m=[32m"Online"[39m
                      [36m/>[39m
                      [36m<button[39m
                        [33mclass[39m=[32m"text-sm text-gray-600 hover:text-gray-800 focus:outline-none"[39m
                      [36m>[39m
                        [0mOnline[0m
                      [36m</button>[39m
                    [36m</div>[39m
                  [36m</div>[39m
                  [36m<div[39m
                    [33mclass[39m=[32m"hidden md:block lg:hidden"[39m
                  [36m>[39m
                    [36m<div[39m
                      [33mclass[39m=[32m"relative inline-block text-left"[39m
                    [36m>[39m
                      [36m<button[39m
                        [33maria-expanded[39m=[32m"false"[39m
                        [33maria-haspopup[39m=[32m"listbox"[39m
                        [33maria-label[39m=[32m"Common.select Language"[39m
                        [33mclass[39m...
   × Responsive Design Integration Tests > should handle image display responsively 1345ms
     → Found multiple elements with the text: /Overview/i

Here are the matching elements:

Ignored nodes: comments, script, style
[36m<span[39m
  [33mclass[39m=[32m"mt-1 text-xs ml-8 text-blue-600"[39m
[36m>[39m
  [0mOverview And Quick Access[0m
[36m</span>[39m

Ignored nodes: comments, script, style
[36m<span[39m
  [33mclass[39m=[32m"mt-1 text-xs ml-8 text-blue-600"[39m
[36m>[39m
  [0mOverview And Quick Access[0m
[36m</span>[39m

Ignored nodes: comments, script, style
[36m<div>[39m
  [0mOverview[0m
[36m</div>[39m

(If this is intentional, then use the `*AllBy*` variant of the query (like `queryAllByText`, `getAllByText`, or `findAllByText`)).

Ignored nodes: comments, script, style
[36m<body>[39m
  [36m<div>[39m
    [36m<div[39m
      [33mclass[39m=[32m"min-h-screen bg-gray-50"[39m
    [36m>[39m
      [36m<div[39m
        [33mclass[39m=[32m"lg:hidden"[39m
      [36m>[39m
        [36m<nav[39m
          [33mclass[39m=[32m"bg-white shadow-lg border-b border-gray-200"[39m
        [36m>[39m
          [36m<div[39m
            [33mclass[39m=[32m"max-w-7xl mx-auto px-4 sm:px-6 lg:px-8"[39m
          [36m>[39m
            [36m<div[39m
              [33mclass[39m=[32m"flex justify-between h-16"[39m
            [36m>[39m
              [36m<div[39m
                [33mclass[39m=[32m"flex items-center"[39m
              [36m>[39m
                [36m<a[39m
                  [33mclass[39m=[32m"flex items-center space-x-2"[39m
                  [33mdata-discover[39m=[32m"true"[39m
                  [33mhref[39m=[32m"/"[39m
                [36m>[39m
                  [36m<span[39m
                    [33mclass[39m=[32m"text-2xl"[39m
                  [36m>[39m
                    [0m🏡[0m
                  [36m</span>[39m
                  [36m<span[39m
                    [33mclass[39m=[32m"text-xl font-bold text-gray-900 hidden sm:block"[39m
                  [36m>[39m
                    [0mHousehold Management[0m
                  [36m</span>[39m
                  [36m<span[39m
                    [33mclass[39m=[32m"text-xl font-bold text-gray-900 sm:hidden"[39m
                  [36m>[39m
                    [0mHome[0m
                  [36m</span>[39m
                [36m</a>[39m
              [36m</div>[39m
              [36m<div[39m
                [33mclass[39m=[32m"hidden md:flex items-center space-x-8"[39m
              [36m>[39m
                [36m<a[39m
                  [33mclass[39m=[32m"flex items-center space-x-1 px-3 py-2 rounded-md text-sm font-medium transition-colors bg-blue-100 text-blue-700"[39m
                  [33mdata-discover[39m=[32m"true"[39m
                  [33mhref[39m=[32m"/"[39m
                [36m>[39m
                  [36m<span[39m
                    [33mclass[39m=[32m"text-lg"[39m
                  [36m>[39m
                    [0m🏠[0m
                  [36m</span>[39m
                  [36m<span>[39m
                    [0mDashboard[0m
                  [36m</span>[39m
                [36m</a>[39m
                [36m<a[39m
                  [33mclass[39m=[32m"flex items-center space-x-1 px-3 py-2 rounded-md text-sm font-medium transition-colors text-gray-600 hover:text-gray-900 hover:bg-gray-100"[39m
                  [33mdata-discover[39m=[32m"true"[39m
                  [33mhref[39m=[32m"/plants"[39m
                [36m>[39m
                  [36m<span[39m
                    [33mclass[39m=[32m"text-lg"[39m
                  [36m>[39m
                    [0m🌱[0m
                  [36m</span>[39m
                  [36m<span>[39m
                    [0mPlant Codex[0m
                  [36m</span>[39m
                [36m</a>[39m
                [36m<a[39m
                  [33mclass[39m=[32m"flex items-center space-x-1 px-3 py-2 rounded-md text-sm font-medium transition-colors text-gray-600 hover:text-gray-900 hover:bg-gray-100"[39m
                  [33mdata-discover[39m=[32m"true"[39m
                  [33mhref[39m=[32m"/projects"[39m
                [36m>[39m
                  [36m<span[39m
                    [33mclass[39m=[32m"text-lg"[39m
                  [36m>[39m
                    [0m🔨[0m
                  [36m</span>[39m
                  [36m<span>[39m
                    [0mProjects[0m
                  [36m</span>[39m
                [36m</a>[39m
                [36m<a[39m
                  [33mclass[39m=[32m"flex items-center space-x-1 px-3 py-2 rounded-md text-sm font-medium transition-colors text-gray-600 hover:text-gray-900 hover:bg-gray-100"[39m
                  [33mdata-discover[39m=[32m"true"[39m
                  [33mhref[39m=[32m"/tasks"[39m
                [36m>[39m
                  [36m<span[39m
                    [33mclass[39m=[32m"text-lg"[39m
                  [36m>[39m
                    [0m✅[0m
                  [36m</span>[39m
                  [36m<span>[39m
                    [0mTasks[0m
                  [36m</span>[39m
                [36m</a>[39m
                [36m<a[39m
                  [33mclass[39m=[32m"flex items-center space-x-1 px-3 py-2 rounded-md text-sm font-medium transition-colors text-gray-600 hover:text-gray-900 hover:bg-gray-100"[39m
                  [33mdata-discover[39m=[32m"true"[39m
                  [33mhref[39m=[32m"/calendar"[39m
                [36m>[39m
                  [36m<span[39m
                    [33mclass[39m=[32m"text-lg"[39m
                  [36m>[39m
                    [0m📅[0m
                  [36m</span>[39m
                  [36m<span>[39m
                    [0mCalendar[0m
                  [36m</span>[39m
                [36m</a>[39m
              [36m</div>[39m
              [36m<div[39m
                [33mclass[39m=[32m"flex items-center space-x-4"[39m
              [36m>[39m
                [36m<div[39m
                  [33mclass[39m=[32m"relative "[39m
                [36m>[39m
                  [36m<div[39m
                    [33mclass[39m=[32m"flex items-center space-x-2"[39m
                  [36m>[39m
                    [36m<div[39m
                      [33mclass[39m=[32m"w-3 h-3 rounded-full bg-green-500 "[39m
                      [33mtitle[39m=[32m"Online"[39m
                    [36m/>[39m
                    [36m<button[39m
                      [33mclass[39m=[32m"text-sm text-gray-600 hover:text-gray-800 focus:outline-none"[39m
                    [36m>[39m
                      [0mOnline[0m
                    [36m</button>[39m
                  [36m</div>[39m
                [36m</div>[39m
                [36m<div[39m
                  [33mclass[39m=[32m"hidden md:block lg:hidden"[39m
                [36m>[39m
                  [36m<div[39m
                    [33mclass[39m=[32m"relative inline-block text-left"[39m
                  [36m>[39m
                    [36m<button[39m
                      [33maria-expanded[39m=[32m"false"[39m
                      [33maria-haspopup[39m=[32m"listbox"[39m
                      [33maria-label[39m=[32m"Common.select Language"[39m
                      [33mclass[39m=[32m"inline-flex items-center justify-between
    px-2 py-1 text-xs 
    font-medium text-gray-700 bg-white border border-gray-300 rounded-md
    hover:bg-gray-50 focus:outline-none focus:ring-2 focus:ring-offset-2 focus:ring-blue-500
    active:bg-gray-100 disabled:opacity-50 disabled:cursor-not-allowed
    transition-all durat...

Ignored nodes: comments, script, style
[36m<html>[39m
  [36m<head />[39m
  [36m<body>[39m
    [36m<div>[39m
      [36m<div[39m
        [33mclass[39m=[32m"min-h-screen bg-gray-50"[39m
      [36m>[39m
        [36m<div[39m
          [33mclass[39m=[32m"lg:hidden"[39m
        [36m>[39m
          [36m<nav[39m
            [33mclass[39m=[32m"bg-white shadow-lg border-b border-gray-200"[39m
          [36m>[39m
            [36m<div[39m
              [33mclass[39m=[32m"max-w-7xl mx-auto px-4 sm:px-6 lg:px-8"[39m
            [36m>[39m
              [36m<div[39m
                [33mclass[39m=[32m"flex justify-between h-16"[39m
              [36m>[39m
                [36m<div[39m
                  [33mclass[39m=[32m"flex items-center"[39m
                [36m>[39m
                  [36m<a[39m
                    [33mclass[39m=[32m"flex items-center space-x-2"[39m
                    [33mdata-discover[39m=[32m"true"[39m
                    [33mhref[39m=[32m"/"[39m
                  [36m>[39m
                    [36m<span[39m
                      [33mclass[39m=[32m"text-2xl"[39m
                    [36m>[39m
                      [0m🏡[0m
                    [36m</span>[39m
                    [36m<span[39m
                      [33mclass[39m=[32m"text-xl font-bold text-gray-900 hidden sm:block"[39m
                    [36m>[39m
                      [0mHousehold Management[0m
                    [36m</span>[39m
                    [36m<span[39m
                      [33mclass[39m=[32m"text-xl font-bold text-gray-900 sm:hidden"[39m
                    [36m>[39m
                      [0mHome[0m
                    [36m</span>[39m
                  [36m</a>[39m
                [36m</div>[39m
                [36m<div[39m
                  [33mclass[39m=[32m"hidden md:flex items-center space-x-8"[39m
                [36m>[39m
                  [36m<a[39m
                    [33mclass[39m=[32m"flex items-center space-x-1 px-3 py-2 rounded-md text-sm font-medium transition-colors bg-blue-100 text-blue-700"[39m
                    [33mdata-discover[39m=[32m"true"[39m
                    [33mhref[39m=[32m"/"[39m
                  [36m>[39m
                    [36m<span[39m
                      [33mclass[39m=[32m"text-lg"[39m
                    [36m>[39m
                      [0m🏠[0m
                    [36m</span>[39m
                    [36m<span>[39m
                      [0mDashboard[0m
                    [36m</span>[39m
                  [36m</a>[39m
                  [36m<a[39m
                    [33mclass[39m=[32m"flex items-center space-x-1 px-3 py-2 rounded-md text-sm font-medium transition-colors text-gray-600 hover:text-gray-900 hover:bg-gray-100"[39m
                    [33mdata-discover[39m=[32m"true"[39m
                    [33mhref[39m=[32m"/plants"[39m
                  [36m>[39m
                    [36m<span[39m
                      [33mclass[39m=[32m"text-lg"[39m
                    [36m>[39m
                      [0m🌱[0m
                    [36m</span>[39m
                    [36m<span>[39m
                      [0mPlant Codex[0m
                    [36m</span>[39m
                  [36m</a>[39m
                  [36m<a[39m
                    [33mclass[39m=[32m"flex items-center space-x-1 px-3 py-2 rounded-md text-sm font-medium transition-colors text-gray-600 hover:text-gray-900 hover:bg-gray-100"[39m
                    [33mdata-discover[39m=[32m"true"[39m
                    [33mhref[39m=[32m"/projects"[39m
                  [36m>[39m
                    [36m<span[39m
                      [33mclass[39m=[32m"text-lg"[39m
                    [36m>[39m
                      [0m🔨[0m
                    [36m</span>[39m
                    [36m<span>[39m
                      [0mProjects[0m
                    [36m</span>[39m
                  [36m</a>[39m
                  [36m<a[39m
                    [33mclass[39m=[32m"flex items-center space-x-1 px-3 py-2 rounded-md text-sm font-medium transition-colors text-gray-600 hover:text-gray-900 hover:bg-gray-100"[39m
                    [33mdata-discover[39m=[32m"true"[39m
                    [33mhref[39m=[32m"/tasks"[39m
                  [36m>[39m
                    [36m<span[39m
                      [33mclass[39m=[32m"text-lg"[39m
                    [36m>[39m
                      [0m✅[0m
                    [36m</span>[39m
                    [36m<span>[39m
                      [0mTasks[0m
                    [36m</span>[39m
                  [36m</a>[39m
                  [36m<a[39m
                    [33mclass[39m=[32m"flex items-center space-x-1 px-3 py-2 rounded-md text-sm font-medium transition-colors text-gray-600 hover:text-gray-900 hover:bg-gray-100"[39m
                    [33mdata-discover[39m=[32m"true"[39m
                    [33mhref[39m=[32m"/calendar"[39m
                  [36m>[39m
                    [36m<span[39m
                      [33mclass[39m=[32m"text-lg"[39m
                    [36m>[39m
                      [0m📅[0m
                    [36m</span>[39m
                    [36m<span>[39m
                      [0mCalendar[0m
                    [36m</span>[39m
                  [36m</a>[39m
                [36m</div>[39m
                [36m<div[39m
                  [33mclass[39m=[32m"flex items-center space-x-4"[39m
                [36m>[39m
                  [36m<div[39m
                    [33mclass[39m=[32m"relative "[39m
                  [36m>[39m
                    [36m<div[39m
                      [33mclass[39m=[32m"flex items-center space-x-2"[39m
                    [36m>[39m
                      [36m<div[39m
                        [33mclass[39m=[32m"w-3 h-3 rounded-full bg-green-500 "[39m
                        [33mtitle[39m=[32m"Online"[39m
                      [36m/>[39m
                      [36m<button[39m
                        [33mclass[39m=[32m"text-sm text-gray-600 hover:text-gray-800 focus:outline-none"[39m
                      [36m>[39m
                        [0mOnline[0m
                      [36m</button>[39m
                    [36m</div>[39m
                  [36m</div>[39m
                  [36m<div[39m
                    [33mclass[39m=[32m"hidden md:block lg:hidden"[39m
                  [36m>[39m
                    [36m<div[39m
                      [33mclass[39m=[32m"relative inline-block text-left"[39m
                    [36m>[39m
                      [36m<button[39m
                        [33maria-expanded[39m=[32m"false"[39m
                        [33maria-haspopup[39m=[32m"listbox"[39m
                        [33maria-label[39m=[32m"Common.select Language"[39m
                        [33mclass[39m...
   × Responsive Design Integration Tests > should handle navigation menu responsively 1228ms
     → Found multiple elements with the text: /Overview/i

Here are the matching elements:

Ignored nodes: comments, script, style
[36m<span[39m
  [33mclass[39m=[32m"mt-1 text-xs ml-8 text-blue-600"[39m
[36m>[39m
  [0mOverview And Quick Access[0m
[36m</span>[39m

Ignored nodes: comments, script, style
[36m<span[39m
  [33mclass[39m=[32m"mt-1 text-xs ml-8 text-blue-600"[39m
[36m>[39m
  [0mOverview And Quick Access[0m
[36m</span>[39m

Ignored nodes: comments, script, style
[36m<div>[39m
  [0mOverview[0m
[36m</div>[39m

(If this is intentional, then use the `*AllBy*` variant of the query (like `queryAllByText`, `getAllByText`, or `findAllByText`)).

Ignored nodes: comments, script, style
[36m<body>[39m
  [36m<div>[39m
    [36m<div[39m
      [33mclass[39m=[32m"min-h-screen bg-gray-50"[39m
    [36m>[39m
      [36m<div[39m
        [33mclass[39m=[32m"lg:hidden"[39m
      [36m>[39m
        [36m<nav[39m
          [33mclass[39m=[32m"bg-white shadow-lg border-b border-gray-200"[39m
        [36m>[39m
          [36m<div[39m
            [33mclass[39m=[32m"max-w-7xl mx-auto px-4 sm:px-6 lg:px-8"[39m
          [36m>[39m
            [36m<div[39m
              [33mclass[39m=[32m"flex justify-between h-16"[39m
            [36m>[39m
              [36m<div[39m
                [33mclass[39m=[32m"flex items-center"[39m
              [36m>[39m
                [36m<a[39m
                  [33mclass[39m=[32m"flex items-center space-x-2"[39m
                  [33mdata-discover[39m=[32m"true"[39m
                  [33mhref[39m=[32m"/"[39m
                [36m>[39m
                  [36m<span[39m
                    [33mclass[39m=[32m"text-2xl"[39m
                  [36m>[39m
                    [0m🏡[0m
                  [36m</span>[39m
                  [36m<span[39m
                    [33mclass[39m=[32m"text-xl font-bold text-gray-900 hidden sm:block"[39m
                  [36m>[39m
                    [0mHousehold Management[0m
                  [36m</span>[39m
                  [36m<span[39m
                    [33mclass[39m=[32m"text-xl font-bold text-gray-900 sm:hidden"[39m
                  [36m>[39m
                    [0mHome[0m
                  [36m</span>[39m
                [36m</a>[39m
              [36m</div>[39m
              [36m<div[39m
                [33mclass[39m=[32m"hidden md:flex items-center space-x-8"[39m
              [36m>[39m
                [36m<a[39m
                  [33mclass[39m=[32m"flex items-center space-x-1 px-3 py-2 rounded-md text-sm font-medium transition-colors bg-blue-100 text-blue-700"[39m
                  [33mdata-discover[39m=[32m"true"[39m
                  [33mhref[39m=[32m"/"[39m
                [36m>[39m
                  [36m<span[39m
                    [33mclass[39m=[32m"text-lg"[39m
                  [36m>[39m
                    [0m🏠[0m
                  [36m</span>[39m
                  [36m<span>[39m
                    [0mDashboard[0m
                  [36m</span>[39m
                [36m</a>[39m
                [36m<a[39m
                  [33mclass[39m=[32m"flex items-center space-x-1 px-3 py-2 rounded-md text-sm font-medium transition-colors text-gray-600 hover:text-gray-900 hover:bg-gray-100"[39m
                  [33mdata-discover[39m=[32m"true"[39m
                  [33mhref[39m=[32m"/plants"[39m
                [36m>[39m
                  [36m<span[39m
                    [33mclass[39m=[32m"text-lg"[39m
                  [36m>[39m
                    [0m🌱[0m
                  [36m</span>[39m
                  [36m<span>[39m
                    [0mPlant Codex[0m
                  [36m</span>[39m
                [36m</a>[39m
                [36m<a[39m
                  [33mclass[39m=[32m"flex items-center space-x-1 px-3 py-2 rounded-md text-sm font-medium transition-colors text-gray-600 hover:text-gray-900 hover:bg-gray-100"[39m
                  [33mdata-discover[39m=[32m"true"[39m
                  [33mhref[39m=[32m"/projects"[39m
                [36m>[39m
                  [36m<span[39m
                    [33mclass[39m=[32m"text-lg"[39m
                  [36m>[39m
                    [0m🔨[0m
                  [36m</span>[39m
                  [36m<span>[39m
                    [0mProjects[0m
                  [36m</span>[39m
                [36m</a>[39m
                [36m<a[39m
                  [33mclass[39m=[32m"flex items-center space-x-1 px-3 py-2 rounded-md text-sm font-medium transition-colors text-gray-600 hover:text-gray-900 hover:bg-gray-100"[39m
                  [33mdata-discover[39m=[32m"true"[39m
                  [33mhref[39m=[32m"/tasks"[39m
                [36m>[39m
                  [36m<span[39m
                    [33mclass[39m=[32m"text-lg"[39m
                  [36m>[39m
                    [0m✅[0m
                  [36m</span>[39m
                  [36m<span>[39m
                    [0mTasks[0m
                  [36m</span>[39m
                [36m</a>[39m
                [36m<a[39m
                  [33mclass[39m=[32m"flex items-center space-x-1 px-3 py-2 rounded-md text-sm font-medium transition-colors text-gray-600 hover:text-gray-900 hover:bg-gray-100"[39m
                  [33mdata-discover[39m=[32m"true"[39m
                  [33mhref[39m=[32m"/calendar"[39m
                [36m>[39m
                  [36m<span[39m
                    [33mclass[39m=[32m"text-lg"[39m
                  [36m>[39m
                    [0m📅[0m
                  [36m</span>[39m
                  [36m<span>[39m
                    [0mCalendar[0m
                  [36m</span>[39m
                [36m</a>[39m
              [36m</div>[39m
              [36m<div[39m
                [33mclass[39m=[32m"flex items-center space-x-4"[39m
              [36m>[39m
                [36m<div[39m
                  [33mclass[39m=[32m"relative "[39m
                [36m>[39m
                  [36m<div[39m
                    [33mclass[39m=[32m"flex items-center space-x-2"[39m
                  [36m>[39m
                    [36m<div[39m
                      [33mclass[39m=[32m"w-3 h-3 rounded-full bg-green-500 "[39m
                      [33mtitle[39m=[32m"Online"[39m
                    [36m/>[39m
                    [36m<button[39m
                      [33mclass[39m=[32m"text-sm text-gray-600 hover:text-gray-800 focus:outline-none"[39m
                    [36m>[39m
                      [0mOnline[0m
                    [36m</button>[39m
                  [36m</div>[39m
                [36m</div>[39m
                [36m<div[39m
                  [33mclass[39m=[32m"hidden md:block lg:hidden"[39m
                [36m>[39m
                  [36m<div[39m
                    [33mclass[39m=[32m"relative inline-block text-left"[39m
                  [36m>[39m
                    [36m<button[39m
                      [33maria-expanded[39m=[32m"false"[39m
                      [33maria-haspopup[39m=[32m"listbox"[39m
                      [33maria-label[39m=[32m"Common.select Language"[39m
                      [33mclass[39m=[32m"inline-flex items-center justify-between
    px-2 py-1 text-xs 
    font-medium text-gray-700 bg-white border border-gray-300 rounded-md
    hover:bg-gray-50 focus:outline-none focus:ring-2 focus:ring-offset-2 focus:ring-blue-500
    active:bg-gray-100 disabled:opacity-50 disabled:cursor-not-allowed
    transition-all durat...

Ignored nodes: comments, script, style
[36m<html>[39m
  [36m<head />[39m
  [36m<body>[39m
    [36m<div>[39m
      [36m<div[39m
        [33mclass[39m=[32m"min-h-screen bg-gray-50"[39m
      [36m>[39m
        [36m<div[39m
          [33mclass[39m=[32m"lg:hidden"[39m
        [36m>[39m
          [36m<nav[39m
            [33mclass[39m=[32m"bg-white shadow-lg border-b border-gray-200"[39m
          [36m>[39m
            [36m<div[39m
              [33mclass[39m=[32m"max-w-7xl mx-auto px-4 sm:px-6 lg:px-8"[39m
            [36m>[39m
              [36m<div[39m
                [33mclass[39m=[32m"flex justify-between h-16"[39m
              [36m>[39m
                [36m<div[39m
                  [33mclass[39m=[32m"flex items-center"[39m
                [36m>[39m
                  [36m<a[39m
                    [33mclass[39m=[32m"flex items-center space-x-2"[39m
                    [33mdata-discover[39m=[32m"true"[39m
                    [33mhref[39m=[32m"/"[39m
                  [36m>[39m
                    [36m<span[39m
                      [33mclass[39m=[32m"text-2xl"[39m
                    [36m>[39m
                      [0m🏡[0m
                    [36m</span>[39m
                    [36m<span[39m
                      [33mclass[39m=[32m"text-xl font-bold text-gray-900 hidden sm:block"[39m
                    [36m>[39m
                      [0mHousehold Management[0m
                    [36m</span>[39m
                    [36m<span[39m
                      [33mclass[39m=[32m"text-xl font-bold text-gray-900 sm:hidden"[39m
                    [36m>[39m
                      [0mHome[0m
                    [36m</span>[39m
                  [36m</a>[39m
                [36m</div>[39m
                [36m<div[39m
                  [33mclass[39m=[32m"hidden md:flex items-center space-x-8"[39m
                [36m>[39m
                  [36m<a[39m
                    [33mclass[39m=[32m"flex items-center space-x-1 px-3 py-2 rounded-md text-sm font-medium transition-colors bg-blue-100 text-blue-700"[39m
                    [33mdata-discover[39m=[32m"true"[39m
                    [33mhref[39m=[32m"/"[39m
                  [36m>[39m
                    [36m<span[39m
                      [33mclass[39m=[32m"text-lg"[39m
                    [36m>[39m
                      [0m🏠[0m
                    [36m</span>[39m
                    [36m<span>[39m
                      [0mDashboard[0m
                    [36m</span>[39m
                  [36m</a>[39m
                  [36m<a[39m
                    [33mclass[39m=[32m"flex items-center space-x-1 px-3 py-2 rounded-md text-sm font-medium transition-colors text-gray-600 hover:text-gray-900 hover:bg-gray-100"[39m
                    [33mdata-discover[39m=[32m"true"[39m
                    [33mhref[39m=[32m"/plants"[39m
                  [36m>[39m
                    [36m<span[39m
                      [33mclass[39m=[32m"text-lg"[39m
                    [36m>[39m
                      [0m🌱[0m
                    [36m</span>[39m
                    [36m<span>[39m
                      [0mPlant Codex[0m
                    [36m</span>[39m
                  [36m</a>[39m
                  [36m<a[39m
                    [33mclass[39m=[32m"flex items-center space-x-1 px-3 py-2 rounded-md text-sm font-medium transition-colors text-gray-600 hover:text-gray-900 hover:bg-gray-100"[39m
                    [33mdata-discover[39m=[32m"true"[39m
                    [33mhref[39m=[32m"/projects"[39m
                  [36m>[39m
                    [36m<span[39m
                      [33mclass[39m=[32m"text-lg"[39m
                    [36m>[39m
                      [0m🔨[0m
                    [36m</span>[39m
                    [36m<span>[39m
                      [0mProjects[0m
                    [36m</span>[39m
                  [36m</a>[39m
                  [36m<a[39m
                    [33mclass[39m=[32m"flex items-center space-x-1 px-3 py-2 rounded-md text-sm font-medium transition-colors text-gray-600 hover:text-gray-900 hover:bg-gray-100"[39m
                    [33mdata-discover[39m=[32m"true"[39m
                    [33mhref[39m=[32m"/tasks"[39m
                  [36m>[39m
                    [36m<span[39m
                      [33mclass[39m=[32m"text-lg"[39m
                    [36m>[39m
                      [0m✅[0m
                    [36m</span>[39m
                    [36m<span>[39m
                      [0mTasks[0m
                    [36m</span>[39m
                  [36m</a>[39m
                  [36m<a[39m
                    [33mclass[39m=[32m"flex items-center space-x-1 px-3 py-2 rounded-md text-sm font-medium transition-colors text-gray-600 hover:text-gray-900 hover:bg-gray-100"[39m
                    [33mdata-discover[39m=[32m"true"[39m
                    [33mhref[39m=[32m"/calendar"[39m
                  [36m>[39m
                    [36m<span[39m
                      [33mclass[39m=[32m"text-lg"[39m
                    [36m>[39m
                      [0m📅[0m
                    [36m</span>[39m
                    [36m<span>[39m
                      [0mCalendar[0m
                    [36m</span>[39m
                  [36m</a>[39m
                [36m</div>[39m
                [36m<div[39m
                  [33mclass[39m=[32m"flex items-center space-x-4"[39m
                [36m>[39m
                  [36m<div[39m
                    [33mclass[39m=[32m"relative "[39m
                  [36m>[39m
                    [36m<div[39m
                      [33mclass[39m=[32m"flex items-center space-x-2"[39m
                    [36m>[39m
                      [36m<div[39m
                        [33mclass[39m=[32m"w-3 h-3 rounded-full bg-green-500 "[39m
                        [33mtitle[39m=[32m"Online"[39m
                      [36m/>[39m
                      [36m<button[39m
                        [33mclass[39m=[32m"text-sm text-gray-600 hover:text-gray-800 focus:outline-none"[39m
                      [36m>[39m
                        [0mOnline[0m
                      [36m</button>[39m
                    [36m</div>[39m
                  [36m</div>[39m
                  [36m<div[39m
                    [33mclass[39m=[32m"hidden md:block lg:hidden"[39m
                  [36m>[39m
                    [36m<div[39m
                      [33mclass[39m=[32m"relative inline-block text-left"[39m
                    [36m>[39m
                      [36m<button[39m
                        [33maria-expanded[39m=[32m"false"[39m
                        [33maria-haspopup[39m=[32m"listbox"[39m
                        [33maria-label[39m=[32m"Common.select Language"[39m
                        [33mclass[39m...
   × Responsive Design Integration Tests > should handle data tables responsively 1200ms
     → Found multiple elements with the text: /Overview/i

Here are the matching elements:

Ignored nodes: comments, script, style
[36m<span[39m
  [33mclass[39m=[32m"mt-1 text-xs ml-8 text-blue-600"[39m
[36m>[39m
  [0mOverview And Quick Access[0m
[36m</span>[39m

Ignored nodes: comments, script, style
[36m<span[39m
  [33mclass[39m=[32m"mt-1 text-xs ml-8 text-blue-600"[39m
[36m>[39m
  [0mOverview And Quick Access[0m
[36m</span>[39m

Ignored nodes: comments, script, style
[36m<div>[39m
  [0mOverview[0m
[36m</div>[39m

(If this is intentional, then use the `*AllBy*` variant of the query (like `queryAllByText`, `getAllByText`, or `findAllByText`)).

Ignored nodes: comments, script, style
[36m<body>[39m
  [36m<div>[39m
    [36m<div[39m
      [33mclass[39m=[32m"min-h-screen bg-gray-50"[39m
    [36m>[39m
      [36m<div[39m
        [33mclass[39m=[32m"lg:hidden"[39m
      [36m>[39m
        [36m<nav[39m
          [33mclass[39m=[32m"bg-white shadow-lg border-b border-gray-200"[39m
        [36m>[39m
          [36m<div[39m
            [33mclass[39m=[32m"max-w-7xl mx-auto px-4 sm:px-6 lg:px-8"[39m
          [36m>[39m
            [36m<div[39m
              [33mclass[39m=[32m"flex justify-between h-16"[39m
            [36m>[39m
              [36m<div[39m
                [33mclass[39m=[32m"flex items-center"[39m
              [36m>[39m
                [36m<a[39m
                  [33mclass[39m=[32m"flex items-center space-x-2"[39m
                  [33mdata-discover[39m=[32m"true"[39m
                  [33mhref[39m=[32m"/"[39m
                [36m>[39m
                  [36m<span[39m
                    [33mclass[39m=[32m"text-2xl"[39m
                  [36m>[39m
                    [0m🏡[0m
                  [36m</span>[39m
                  [36m<span[39m
                    [33mclass[39m=[32m"text-xl font-bold text-gray-900 hidden sm:block"[39m
                  [36m>[39m
                    [0mHousehold Management[0m
                  [36m</span>[39m
                  [36m<span[39m
                    [33mclass[39m=[32m"text-xl font-bold text-gray-900 sm:hidden"[39m
                  [36m>[39m
                    [0mHome[0m
                  [36m</span>[39m
                [36m</a>[39m
              [36m</div>[39m
              [36m<div[39m
                [33mclass[39m=[32m"hidden md:flex items-center space-x-8"[39m
              [36m>[39m
                [36m<a[39m
                  [33mclass[39m=[32m"flex items-center space-x-1 px-3 py-2 rounded-md text-sm font-medium transition-colors bg-blue-100 text-blue-700"[39m
                  [33mdata-discover[39m=[32m"true"[39m
                  [33mhref[39m=[32m"/"[39m
                [36m>[39m
                  [36m<span[39m
                    [33mclass[39m=[32m"text-lg"[39m
                  [36m>[39m
                    [0m🏠[0m
                  [36m</span>[39m
                  [36m<span>[39m
                    [0mDashboard[0m
                  [36m</span>[39m
                [36m</a>[39m
                [36m<a[39m
                  [33mclass[39m=[32m"flex items-center space-x-1 px-3 py-2 rounded-md text-sm font-medium transition-colors text-gray-600 hover:text-gray-900 hover:bg-gray-100"[39m
                  [33mdata-discover[39m=[32m"true"[39m
                  [33mhref[39m=[32m"/plants"[39m
                [36m>[39m
                  [36m<span[39m
                    [33mclass[39m=[32m"text-lg"[39m
                  [36m>[39m
                    [0m🌱[0m
                  [36m</span>[39m
                  [36m<span>[39m
                    [0mPlant Codex[0m
                  [36m</span>[39m
                [36m</a>[39m
                [36m<a[39m
                  [33mclass[39m=[32m"flex items-center space-x-1 px-3 py-2 rounded-md text-sm font-medium transition-colors text-gray-600 hover:text-gray-900 hover:bg-gray-100"[39m
                  [33mdata-discover[39m=[32m"true"[39m
                  [33mhref[39m=[32m"/projects"[39m
                [36m>[39m
                  [36m<span[39m
                    [33mclass[39m=[32m"text-lg"[39m
                  [36m>[39m
                    [0m🔨[0m
                  [36m</span>[39m
                  [36m<span>[39m
                    [0mProjects[0m
                  [36m</span>[39m
                [36m</a>[39m
                [36m<a[39m
                  [33mclass[39m=[32m"flex items-center space-x-1 px-3 py-2 rounded-md text-sm font-medium transition-colors text-gray-600 hover:text-gray-900 hover:bg-gray-100"[39m
                  [33mdata-discover[39m=[32m"true"[39m
                  [33mhref[39m=[32m"/tasks"[39m
                [36m>[39m
                  [36m<span[39m
                    [33mclass[39m=[32m"text-lg"[39m
                  [36m>[39m
                    [0m✅[0m
                  [36m</span>[39m
                  [36m<span>[39m
                    [0mTasks[0m
                  [36m</span>[39m
                [36m</a>[39m
                [36m<a[39m
                  [33mclass[39m=[32m"flex items-center space-x-1 px-3 py-2 rounded-md text-sm font-medium transition-colors text-gray-600 hover:text-gray-900 hover:bg-gray-100"[39m
                  [33mdata-discover[39m=[32m"true"[39m
                  [33mhref[39m=[32m"/calendar"[39m
                [36m>[39m
                  [36m<span[39m
                    [33mclass[39m=[32m"text-lg"[39m
                  [36m>[39m
                    [0m📅[0m
                  [36m</span>[39m
                  [36m<span>[39m
                    [0mCalendar[0m
                  [36m</span>[39m
                [36m</a>[39m
              [36m</div>[39m
              [36m<div[39m
                [33mclass[39m=[32m"flex items-center space-x-4"[39m
              [36m>[39m
                [36m<div[39m
                  [33mclass[39m=[32m"relative "[39m
                [36m>[39m
                  [36m<div[39m
                    [33mclass[39m=[32m"flex items-center space-x-2"[39m
                  [36m>[39m
                    [36m<div[39m
                      [33mclass[39m=[32m"w-3 h-3 rounded-full bg-green-500 "[39m
                      [33mtitle[39m=[32m"Online"[39m
                    [36m/>[39m
                    [36m<button[39m
                      [33mclass[39m=[32m"text-sm text-gray-600 hover:text-gray-800 focus:outline-none"[39m
                    [36m>[39m
                      [0mOnline[0m
                    [36m</button>[39m
                  [36m</div>[39m
                [36m</div>[39m
                [36m<div[39m
                  [33mclass[39m=[32m"hidden md:block lg:hidden"[39m
                [36m>[39m
                  [36m<div[39m
                    [33mclass[39m=[32m"relative inline-block text-left"[39m
                  [36m>[39m
                    [36m<button[39m
                      [33maria-expanded[39m=[32m"false"[39m
                      [33maria-haspopup[39m=[32m"listbox"[39m
                      [33maria-label[39m=[32m"Common.select Language"[39m
                      [33mclass[39m=[32m"inline-flex items-center justify-between
    px-2 py-1 text-xs 
    font-medium text-gray-700 bg-white border border-gray-300 rounded-md
    hover:bg-gray-50 focus:outline-none focus:ring-2 focus:ring-offset-2 focus:ring-blue-500
    active:bg-gray-100 disabled:opacity-50 disabled:cursor-not-allowed
    transition-all durat...

Ignored nodes: comments, script, style
[36m<html>[39m
  [36m<head />[39m
  [36m<body>[39m
    [36m<div>[39m
      [36m<div[39m
        [33mclass[39m=[32m"min-h-screen bg-gray-50"[39m
      [36m>[39m
        [36m<div[39m
          [33mclass[39m=[32m"lg:hidden"[39m
        [36m>[39m
          [36m<nav[39m
            [33mclass[39m=[32m"bg-white shadow-lg border-b border-gray-200"[39m
          [36m>[39m
            [36m<div[39m
              [33mclass[39m=[32m"max-w-7xl mx-auto px-4 sm:px-6 lg:px-8"[39m
            [36m>[39m
              [36m<div[39m
                [33mclass[39m=[32m"flex justify-between h-16"[39m
              [36m>[39m
                [36m<div[39m
                  [33mclass[39m=[32m"flex items-center"[39m
                [36m>[39m
                  [36m<a[39m
                    [33mclass[39m=[32m"flex items-center space-x-2"[39m
                    [33mdata-discover[39m=[32m"true"[39m
                    [33mhref[39m=[32m"/"[39m
                  [36m>[39m
                    [36m<span[39m
                      [33mclass[39m=[32m"text-2xl"[39m
                    [36m>[39m
                      [0m🏡[0m
                    [36m</span>[39m
                    [36m<span[39m
                      [33mclass[39m=[32m"text-xl font-bold text-gray-900 hidden sm:block"[39m
                    [36m>[39m
                      [0mHousehold Management[0m
                    [36m</span>[39m
                    [36m<span[39m
                      [33mclass[39m=[32m"text-xl font-bold text-gray-900 sm:hidden"[39m
                    [36m>[39m
                      [0mHome[0m
                    [36m</span>[39m
                  [36m</a>[39m
                [36m</div>[39m
                [36m<div[39m
                  [33mclass[39m=[32m"hidden md:flex items-center space-x-8"[39m
                [36m>[39m
                  [36m<a[39m
                    [33mclass[39m=[32m"flex items-center space-x-1 px-3 py-2 rounded-md text-sm font-medium transition-colors bg-blue-100 text-blue-700"[39m
                    [33mdata-discover[39m=[32m"true"[39m
                    [33mhref[39m=[32m"/"[39m
                  [36m>[39m
                    [36m<span[39m
                      [33mclass[39m=[32m"text-lg"[39m
                    [36m>[39m
                      [0m🏠[0m
                    [36m</span>[39m
                    [36m<span>[39m
                      [0mDashboard[0m
                    [36m</span>[39m
                  [36m</a>[39m
                  [36m<a[39m
                    [33mclass[39m=[32m"flex items-center space-x-1 px-3 py-2 rounded-md text-sm font-medium transition-colors text-gray-600 hover:text-gray-900 hover:bg-gray-100"[39m
                    [33mdata-discover[39m=[32m"true"[39m
                    [33mhref[39m=[32m"/plants"[39m
                  [36m>[39m
                    [36m<span[39m
                      [33mclass[39m=[32m"text-lg"[39m
                    [36m>[39m
                      [0m🌱[0m
                    [36m</span>[39m
                    [36m<span>[39m
                      [0mPlant Codex[0m
                    [36m</span>[39m
                  [36m</a>[39m
                  [36m<a[39m
                    [33mclass[39m=[32m"flex items-center space-x-1 px-3 py-2 rounded-md text-sm font-medium transition-colors text-gray-600 hover:text-gray-900 hover:bg-gray-100"[39m
                    [33mdata-discover[39m=[32m"true"[39m
                    [33mhref[39m=[32m"/projects"[39m
                  [36m>[39m
                    [36m<span[39m
                      [33mclass[39m=[32m"text-lg"[39m
                    [36m>[39m
                      [0m🔨[0m
                    [36m</span>[39m
                    [36m<span>[39m
                      [0mProjects[0m
                    [36m</span>[39m
                  [36m</a>[39m
                  [36m<a[39m
                    [33mclass[39m=[32m"flex items-center space-x-1 px-3 py-2 rounded-md text-sm font-medium transition-colors text-gray-600 hover:text-gray-900 hover:bg-gray-100"[39m
                    [33mdata-discover[39m=[32m"true"[39m
                    [33mhref[39m=[32m"/tasks"[39m
                  [36m>[39m
                    [36m<span[39m
                      [33mclass[39m=[32m"text-lg"[39m
                    [36m>[39m
                      [0m✅[0m
                    [36m</span>[39m
                    [36m<span>[39m
                      [0mTasks[0m
                    [36m</span>[39m
                  [36m</a>[39m
                  [36m<a[39m
                    [33mclass[39m=[32m"flex items-center space-x-1 px-3 py-2 rounded-md text-sm font-medium transition-colors text-gray-600 hover:text-gray-900 hover:bg-gray-100"[39m
                    [33mdata-discover[39m=[32m"true"[39m
                    [33mhref[39m=[32m"/calendar"[39m
                  [36m>[39m
                    [36m<span[39m
                      [33mclass[39m=[32m"text-lg"[39m
                    [36m>[39m
                      [0m📅[0m
                    [36m</span>[39m
                    [36m<span>[39m
                      [0mCalendar[0m
                    [36m</span>[39m
                  [36m</a>[39m
                [36m</div>[39m
                [36m<div[39m
                  [33mclass[39m=[32m"flex items-center space-x-4"[39m
                [36m>[39m
                  [36m<div[39m
                    [33mclass[39m=[32m"relative "[39m
                  [36m>[39m
                    [36m<div[39m
                      [33mclass[39m=[32m"flex items-center space-x-2"[39m
                    [36m>[39m
                      [36m<div[39m
                        [33mclass[39m=[32m"w-3 h-3 rounded-full bg-green-500 "[39m
                        [33mtitle[39m=[32m"Online"[39m
                      [36m/>[39m
                      [36m<button[39m
                        [33mclass[39m=[32m"text-sm text-gray-600 hover:text-gray-800 focus:outline-none"[39m
                      [36m>[39m
                        [0mOnline[0m
                      [36m</button>[39m
                    [36m</div>[39m
                  [36m</div>[39m
                  [36m<div[39m
                    [33mclass[39m=[32m"hidden md:block lg:hidden"[39m
                  [36m>[39m
                    [36m<div[39m
                      [33mclass[39m=[32m"relative inline-block text-left"[39m
                    [36m>[39m
                      [36m<button[39m
                        [33maria-expanded[39m=[32m"false"[39m
                        [33maria-haspopup[39m=[32m"listbox"[39m
                        [33maria-label[39m=[32m"Common.select Language"[39m
                        [33mclass[39m...

⎯⎯⎯⎯⎯⎯⎯ Failed Tests 8 ⎯⎯⎯⎯⎯⎯⎯

 FAIL  src/test/integration/responsiveDesign.test.tsx > Responsive Design Integration Tests > should display mobile layout correctly (320px - 768px)
TestingLibraryElementError: Found multiple elements with the text: /Overview/i

Here are the matching elements:

Ignored nodes: comments, script, style
[36m<span[39m
  [33mclass[39m=[32m"mt-1 text-xs ml-8 text-blue-600"[39m
[36m>[39m
  [0mOverview And Quick Access[0m
[36m</span>[39m

Ignored nodes: comments, script, style
[36m<span[39m
  [33mclass[39m=[32m"mt-1 text-xs ml-8 text-blue-600"[39m
[36m>[39m
  [0mOverview And Quick Access[0m
[36m</span>[39m

Ignored nodes: comments, script, style
[36m<div>[39m
  [0mOverview[0m
[36m</div>[39m

(If this is intentional, then use the `*AllBy*` variant of the query (like `queryAllByText`, `getAllByText`, or `findAllByText`)).

Ignored nodes: comments, script, style
[36m<body>[39m
  [36m<div>[39m
    [36m<div[39m
      [33mclass[39m=[32m"min-h-screen bg-gray-50"[39m
    [36m>[39m
      [36m<div[39m
        [33mclass[39m=[32m"lg:hidden"[39m
      [36m>[39m
        [36m<nav[39m
          [33mclass[39m=[32m"bg-white shadow-lg border-b border-gray-200"[39m
        [36m>[39m
          [36m<div[39m
            [33mclass[39m=[32m"max-w-7xl mx-auto px-4 sm:px-6 lg:px-8"[39m
          [36m>[39m
            [36m<div[39m
              [33mclass[39m=[32m"flex justify-between h-16"[39m
            [36m>[39m
              [36m<div[39m
                [33mclass[39m=[32m"flex items-center"[39m
              [36m>[39m
                [36m<a[39m
                  [33mclass[39m=[32m"flex items-center space-x-2"[39m
                  [33mdata-discover[39m=[32m"true"[39m
                  [33mhref[39m=[32m"/"[39m
                [36m>[39m
                  [36m<span[39m
                    [33mclass[39m=[32m"text-2xl"[39m
                  [36m>[39m
                    [0m🏡[0m
                  [36m</span>[39m
                  [36m<span[39m
                    [33mclass[39m=[32m"text-xl font-bold text-gray-900 hidden sm:block"[39m
                  [36m>[39m
                    [0mHousehold Management[0m
                  [36m</span>[39m
                  [36m<span[39m
                    [33mclass[39m=[32m"text-xl font-bold text-gray-900 sm:hidden"[39m
                  [36m>[39m
                    [0mHome[0m
                  [36m</span>[39m
                [36m</a>[39m
              [36m</div>[39m
              [36m<div[39m
                [33mclass[39m=[32m"hidden md:flex items-center space-x-8"[39m
              [36m>[39m
                [36m<a[39m
                  [33mclass[39m=[32m"flex items-center space-x-1 px-3 py-2 rounded-md text-sm font-medium transition-colors bg-blue-100 text-blue-700"[39m
                  [33mdata-discover[39m=[32m"true"[39m
                  [33mhref[39m=[32m"/"[39m
                [36m>[39m
                  [36m<span[39m
                    [33mclass[39m=[32m"text-lg"[39m
                  [36m>[39m
                    [0m🏠[0m
                  [36m</span>[39m
                  [36m<span>[39m
                    [0mDashboard[0m
                  [36m</span>[39m
                [36m</a>[39m
                [36m<a[39m
                  [33mclass[39m=[32m"flex items-center space-x-1 px-3 py-2 rounded-md text-sm font-medium transition-colors text-gray-600 hover:text-gray-900 hover:bg-gray-100"[39m
                  [33mdata-discover[39m=[32m"true"[39m
                  [33mhref[39m=[32m"/plants"[39m
                [36m>[39m
                  [36m<span[39m
                    [33mclass[39m=[32m"text-lg"[39m
                  [36m>[39m
                    [0m🌱[0m
                  [36m</span>[39m
                  [36m<span>[39m
                    [0mPlant Codex[0m
                  [36m</span>[39m
                [36m</a>[39m
                [36m<a[39m
                  [33mclass[39m=[32m"flex items-center space-x-1 px-3 py-2 rounded-md text-sm font-medium transition-colors text-gray-600 hover:text-gray-900 hover:bg-gray-100"[39m
                  [33mdata-discover[39m=[32m"true"[39m
                  [33mhref[39m=[32m"/projects"[39m
                [36m>[39m
                  [36m<span[39m
                    [33mclass[39m=[32m"text-lg"[39m
                  [36m>[39m
                    [0m🔨[0m
                  [36m</span>[39m
                  [36m<span>[39m
                    [0mProjects[0m
                  [36m</span>[39m
                [36m</a>[39m
                [36m<a[39m
                  [33mclass[39m=[32m"flex items-center space-x-1 px-3 py-2 rounded-md text-sm font-medium transition-colors text-gray-600 hover:text-gray-900 hover:bg-gray-100"[39m
                  [33mdata-discover[39m=[32m"true"[39m
                  [33mhref[39m=[32m"/tasks"[39m
                [36m>[39m
                  [36m<span[39m
                    [33mclass[39m=[32m"text-lg"[39m
                  [36m>[39m
                    [0m✅[0m
                  [36m</span>[39m
                  [36m<span>[39m
                    [0mTasks[0m
                  [36m</span>[39m
                [36m</a>[39m
                [36m<a[39m
                  [33mclass[39m=[32m"flex items-center space-x-1 px-3 py-2 rounded-md text-sm font-medium transition-colors text-gray-600 hover:text-gray-900 hover:bg-gray-100"[39m
                  [33mdata-discover[39m=[32m"true"[39m
                  [33mhref[39m=[32m"/calendar"[39m
                [36m>[39m
                  [36m<span[39m
                    [33mclass[39m=[32m"text-lg"[39m
                  [36m>[39m
                    [0m📅[0m
                  [36m</span>[39m
                  [36m<span>[39m
                    [0mCalendar[0m
                  [36m</span>[39m
                [36m</a>[39m
              [36m</div>[39m
              [36m<div[39m
                [33mclass[39m=[32m"flex items-center space-x-4"[39m
              [36m>[39m
                [36m<div[39m
                  [33mclass[39m=[32m"relative "[39m
                [36m>[39m
                  [36m<div[39m
                    [33mclass[39m=[32m"flex items-center space-x-2"[39m
                  [36m>[39m
                    [36m<div[39m
                      [33mclass[39m=[32m"w-3 h-3 rounded-full bg-green-500 "[39m
                      [33mtitle[39m=[32m"Online"[39m
                    [36m/>[39m
                    [36m<button[39m
                      [33mclass[39m=[32m"text-sm text-gray-600 hover:text-gray-800 focus:outline-none"[39m
                    [36m>[39m
                      [0mOnline[0m
                    [36m</button>[39m
                  [36m</div>[39m
                [36m</div>[39m
                [36m<div[39m
                  [33mclass[39m=[32m"hidden md:block lg:hidden"[39m
                [36m>[39m
                  [36m<div[39m
                    [33mclass[39m=[32m"relative inline-block text-left"[39m
                  [36m>[39m
                    [36m<button[39m
                      [33maria-expanded[39m=[32m"false"[39m
                      [33maria-haspopup[39m=[32m"listbox"[39m
                      [33maria-label[39m=[32m"Common.select Language"[39m
                      [33mclass[39m=[32m"inline-flex items-center justify-between
    px-2 py-1 text-xs 
    font-medium text-gray-700 bg-white border border-gray-300 rounded-md
    hover:bg-gray-50 focus:outline-none focus:ring-2 focus:ring-offset-2 focus:ring-blue-500
    active:bg-gray-100 disabled:opacity-50 disabled:cursor-not-allowed
    transition-all durat...

Ignored nodes: comments, script, style
[36m<html>[39m
  [36m<head />[39m
  [36m<body>[39m
    [36m<div>[39m
      [36m<div[39m
        [33mclass[39m=[32m"min-h-screen bg-gray-50"[39m
      [36m>[39m
        [36m<div[39m
          [33mclass[39m=[32m"lg:hidden"[39m
        [36m>[39m
          [36m<nav[39m
            [33mclass[39m=[32m"bg-white shadow-lg border-b border-gray-200"[39m
          [36m>[39m
            [36m<div[39m
              [33mclass[39m=[32m"max-w-7xl mx-auto px-4 sm:px-6 lg:px-8"[39m
            [36m>[39m
              [36m<div[39m
                [33mclass[39m=[32m"flex justify-between h-16"[39m
              [36m>[39m
                [36m<div[39m
                  [33mclass[39m=[32m"flex items-center"[39m
                [36m>[39m
                  [36m<a[39m
                    [33mclass[39m=[32m"flex items-center space-x-2"[39m
                    [33mdata-discover[39m=[32m"true"[39m
                    [33mhref[39m=[32m"/"[39m
                  [36m>[39m
                    [36m<span[39m
                      [33mclass[39m=[32m"text-2xl"[39m
                    [36m>[39m
                      [0m🏡[0m
                    [36m</span>[39m
                    [36m<span[39m
                      [33mclass[39m=[32m"text-xl font-bold text-gray-900 hidden sm:block"[39m
                    [36m>[39m
                      [0mHousehold Management[0m
                    [36m</span>[39m
                    [36m<span[39m
                      [33mclass[39m=[32m"text-xl font-bold text-gray-900 sm:hidden"[39m
                    [36m>[39m
                      [0mHome[0m
                    [36m</span>[39m
                  [36m</a>[39m
                [36m</div>[39m
                [36m<div[39m
                  [33mclass[39m=[32m"hidden md:flex items-center space-x-8"[39m
                [36m>[39m
                  [36m<a[39m
                    [33mclass[39m=[32m"flex items-center space-x-1 px-3 py-2 rounded-md text-sm font-medium transition-colors bg-blue-100 text-blue-700"[39m
                    [33mdata-discover[39m=[32m"true"[39m
                    [33mhref[39m=[32m"/"[39m
                  [36m>[39m
                    [36m<span[39m
                      [33mclass[39m=[32m"text-lg"[39m
                    [36m>[39m
                      [0m🏠[0m
                    [36m</span>[39m
                    [36m<span>[39m
                      [0mDashboard[0m
                    [36m</span>[39m
                  [36m</a>[39m
                  [36m<a[39m
                    [33mclass[39m=[32m"flex items-center space-x-1 px-3 py-2 rounded-md text-sm font-medium transition-colors text-gray-600 hover:text-gray-900 hover:bg-gray-100"[39m
                    [33mdata-discover[39m=[32m"true"[39m
                    [33mhref[39m=[32m"/plants"[39m
                  [36m>[39m
                    [36m<span[39m
                      [33mclass[39m=[32m"text-lg"[39m
                    [36m>[39m
                      [0m🌱[0m
                    [36m</span>[39m
                    [36m<span>[39m
                      [0mPlant Codex[0m
                    [36m</span>[39m
                  [36m</a>[39m
                  [36m<a[39m
                    [33mclass[39m=[32m"flex items-center space-x-1 px-3 py-2 rounded-md text-sm font-medium transition-colors text-gray-600 hover:text-gray-900 hover:bg-gray-100"[39m
                    [33mdata-discover[39m=[32m"true"[39m
                    [33mhref[39m=[32m"/projects"[39m
                  [36m>[39m
                    [36m<span[39m
                      [33mclass[39m=[32m"text-lg"[39m
                    [36m>[39m
                      [0m🔨[0m
                    [36m</span>[39m
                    [36m<span>[39m
                      [0mProjects[0m
                    [36m</span>[39m
                  [36m</a>[39m
                  [36m<a[39m
                    [33mclass[39m=[32m"flex items-center space-x-1 px-3 py-2 rounded-md text-sm font-medium transition-colors text-gray-600 hover:text-gray-900 hover:bg-gray-100"[39m
                    [33mdata-discover[39m=[32m"true"[39m
                    [33mhref[39m=[32m"/tasks"[39m
                  [36m>[39m
                    [36m<span[39m
                      [33mclass[39m=[32m"text-lg"[39m
                    [36m>[39m
                      [0m✅[0m
                    [36m</span>[39m
                    [36m<span>[39m
                      [0mTasks[0m
                    [36m</span>[39m
                  [36m</a>[39m
                  [36m<a[39m
                    [33mclass[39m=[32m"flex items-center space-x-1 px-3 py-2 rounded-md text-sm font-medium transition-colors text-gray-600 hover:text-gray-900 hover:bg-gray-100"[39m
                    [33mdata-discover[39m=[32m"true"[39m
                    [33mhref[39m=[32m"/calendar"[39m
                  [36m>[39m
                    [36m<span[39m
                      [33mclass[39m=[32m"text-lg"[39m
                    [36m>[39m
                      [0m📅[0m
                    [36m</span>[39m
                    [36m<span>[39m
                      [0mCalendar[0m
                    [36m</span>[39m
                  [36m</a>[39m
                [36m</div>[39m
                [36m<div[39m
                  [33mclass[39m=[32m"flex items-center space-x-4"[39m
                [36m>[39m
                  [36m<div[39m
                    [33mclass[39m=[32m"relative "[39m
                  [36m>[39m
                    [36m<div[39m
                      [33mclass[39m=[32m"flex items-center space-x-2"[39m
                    [36m>[39m
                      [36m<div[39m
                        [33mclass[39m=[32m"w-3 h-3 rounded-full bg-green-500 "[39m
                        [33mtitle[39m=[32m"Online"[39m
                      [36m/>[39m
                      [36m<button[39m
                        [33mclass[39m=[32m"text-sm text-gray-600 hover:text-gray-800 focus:outline-none"[39m
                      [36m>[39m
                        [0mOnline[0m
                      [36m</button>[39m
                    [36m</div>[39m
                  [36m</div>[39m
                  [36m<div[39m
                    [33mclass[39m=[32m"hidden md:block lg:hidden"[39m
                  [36m>[39m
                    [36m<div[39m
                      [33mclass[39m=[32m"relative inline-block text-left"[39m
                    [36m>[39m
                      [36m<button[39m
                        [33maria-expanded[39m=[32m"false"[39m
                        [33maria-haspopup[39m=[32m"listbox"[39m
                        [33maria-label[39m=[32m"Common.select Language"[39m
                        [33mclass[39m...
 ❯ waitForWrapper node_modules/@testing-library/dom/dist/wait-for.js:163:27
 ❯ src/test/integration/responsiveDesign.test.tsx:51:11
     49|     );
     50| 
     51|     await waitFor(() => {
       |           ^
     52|       expect(screen.getByText(/Overview/i)).toBeInTheDocument();
     53|     });

⎯⎯⎯⎯⎯⎯⎯⎯⎯⎯⎯⎯⎯⎯⎯⎯⎯⎯⎯⎯⎯⎯⎯⎯[1/8]⎯

 FAIL  src/test/integration/responsiveDesign.test.tsx > Responsive Design Integration Tests > should display tablet layout correctly (768px - 1024px)
TestingLibraryElementError: Found multiple elements with the text: /Overview/i

Here are the matching elements:

Ignored nodes: comments, script, style
[36m<span[39m
  [33mclass[39m=[32m"mt-1 text-xs ml-8 text-blue-600"[39m
[36m>[39m
  [0mOverview And Quick Access[0m
[36m</span>[39m

Ignored nodes: comments, script, style
[36m<span[39m
  [33mclass[39m=[32m"mt-1 text-xs ml-8 text-blue-600"[39m
[36m>[39m
  [0mOverview And Quick Access[0m
[36m</span>[39m

Ignored nodes: comments, script, style
[36m<div>[39m
  [0mOverview[0m
[36m</div>[39m

(If this is intentional, then use the `*AllBy*` variant of the query (like `queryAllByText`, `getAllByText`, or `findAllByText`)).

Ignored nodes: comments, script, style
[36m<body>[39m
  [36m<div>[39m
    [36m<div[39m
      [33mclass[39m=[32m"min-h-screen bg-gray-50"[39m
    [36m>[39m
      [36m<div[39m
        [33mclass[39m=[32m"lg:hidden"[39m
      [36m>[39m
        [36m<nav[39m
          [33mclass[39m=[32m"bg-white shadow-lg border-b border-gray-200"[39m
        [36m>[39m
          [36m<div[39m
            [33mclass[39m=[32m"max-w-7xl mx-auto px-4 sm:px-6 lg:px-8"[39m
          [36m>[39m
            [36m<div[39m
              [33mclass[39m=[32m"flex justify-between h-16"[39m
            [36m>[39m
              [36m<div[39m
                [33mclass[39m=[32m"flex items-center"[39m
              [36m>[39m
                [36m<a[39m
                  [33mclass[39m=[32m"flex items-center space-x-2"[39m
                  [33mdata-discover[39m=[32m"true"[39m
                  [33mhref[39m=[32m"/"[39m
                [36m>[39m
                  [36m<span[39m
                    [33mclass[39m=[32m"text-2xl"[39m
                  [36m>[39m
                    [0m🏡[0m
                  [36m</span>[39m
                  [36m<span[39m
                    [33mclass[39m=[32m"text-xl font-bold text-gray-900 hidden sm:block"[39m
                  [36m>[39m
                    [0mHousehold Management[0m
                  [36m</span>[39m
                  [36m<span[39m
                    [33mclass[39m=[32m"text-xl font-bold text-gray-900 sm:hidden"[39m
                  [36m>[39m
                    [0mHome[0m
                  [36m</span>[39m
                [36m</a>[39m
              [36m</div>[39m
              [36m<div[39m
                [33mclass[39m=[32m"hidden md:flex items-center space-x-8"[39m
              [36m>[39m
                [36m<a[39m
                  [33mclass[39m=[32m"flex items-center space-x-1 px-3 py-2 rounded-md text-sm font-medium transition-colors bg-blue-100 text-blue-700"[39m
                  [33mdata-discover[39m=[32m"true"[39m
                  [33mhref[39m=[32m"/"[39m
                [36m>[39m
                  [36m<span[39m
                    [33mclass[39m=[32m"text-lg"[39m
                  [36m>[39m
                    [0m🏠[0m
                  [36m</span>[39m
                  [36m<span>[39m
                    [0mDashboard[0m
                  [36m</span>[39m
                [36m</a>[39m
                [36m<a[39m
                  [33mclass[39m=[32m"flex items-center space-x-1 px-3 py-2 rounded-md text-sm font-medium transition-colors text-gray-600 hover:text-gray-900 hover:bg-gray-100"[39m
                  [33mdata-discover[39m=[32m"true"[39m
                  [33mhref[39m=[32m"/plants"[39m
                [36m>[39m
                  [36m<span[39m
                    [33mclass[39m=[32m"text-lg"[39m
                  [36m>[39m
                    [0m🌱[0m
                  [36m</span>[39m
                  [36m<span>[39m
                    [0mPlant Codex[0m
                  [36m</span>[39m
                [36m</a>[39m
                [36m<a[39m
                  [33mclass[39m=[32m"flex items-center space-x-1 px-3 py-2 rounded-md text-sm font-medium transition-colors text-gray-600 hover:text-gray-900 hover:bg-gray-100"[39m
                  [33mdata-discover[39m=[32m"true"[39m
                  [33mhref[39m=[32m"/projects"[39m
                [36m>[39m
                  [36m<span[39m
                    [33mclass[39m=[32m"text-lg"[39m
                  [36m>[39m
                    [0m🔨[0m
                  [36m</span>[39m
                  [36m<span>[39m
                    [0mProjects[0m
                  [36m</span>[39m
                [36m</a>[39m
                [36m<a[39m
                  [33mclass[39m=[32m"flex items-center space-x-1 px-3 py-2 rounded-md text-sm font-medium transition-colors text-gray-600 hover:text-gray-900 hover:bg-gray-100"[39m
                  [33mdata-discover[39m=[32m"true"[39m
                  [33mhref[39m=[32m"/tasks"[39m
                [36m>[39m
                  [36m<span[39m
                    [33mclass[39m=[32m"text-lg"[39m
                  [36m>[39m
                    [0m✅[0m
                  [36m</span>[39m
                  [36m<span>[39m
                    [0mTasks[0m
                  [36m</span>[39m
                [36m</a>[39m
                [36m<a[39m
                  [33mclass[39m=[32m"flex items-center space-x-1 px-3 py-2 rounded-md text-sm font-medium transition-colors text-gray-600 hover:text-gray-900 hover:bg-gray-100"[39m
                  [33mdata-discover[39m=[32m"true"[39m
                  [33mhref[39m=[32m"/calendar"[39m
                [36m>[39m
                  [36m<span[39m
                    [33mclass[39m=[32m"text-lg"[39m
                  [36m>[39m
                    [0m📅[0m
                  [36m</span>[39m
                  [36m<span>[39m
                    [0mCalendar[0m
                  [36m</span>[39m
                [36m</a>[39m
              [36m</div>[39m
              [36m<div[39m
                [33mclass[39m=[32m"flex items-center space-x-4"[39m
              [36m>[39m
                [36m<div[39m
                  [33mclass[39m=[32m"relative "[39m
                [36m>[39m
                  [36m<div[39m
                    [33mclass[39m=[32m"flex items-center space-x-2"[39m
                  [36m>[39m
                    [36m<div[39m
                      [33mclass[39m=[32m"w-3 h-3 rounded-full bg-green-500 "[39m
                      [33mtitle[39m=[32m"Online"[39m
                    [36m/>[39m
                    [36m<button[39m
                      [33mclass[39m=[32m"text-sm text-gray-600 hover:text-gray-800 focus:outline-none"[39m
                    [36m>[39m
                      [0mOnline[0m
                    [36m</button>[39m
                  [36m</div>[39m
                [36m</div>[39m
                [36m<div[39m
                  [33mclass[39m=[32m"hidden md:block lg:hidden"[39m
                [36m>[39m
                  [36m<div[39m
                    [33mclass[39m=[32m"relative inline-block text-left"[39m
                  [36m>[39m
                    [36m<button[39m
                      [33maria-expanded[39m=[32m"false"[39m
                      [33maria-haspopup[39m=[32m"listbox"[39m
                      [33maria-label[39m=[32m"Common.select Language"[39m
                      [33mclass[39m=[32m"inline-flex items-center justify-between
    px-2 py-1 text-xs 
    font-medium text-gray-700 bg-white border border-gray-300 rounded-md
    hover:bg-gray-50 focus:outline-none focus:ring-2 focus:ring-offset-2 focus:ring-blue-500
    active:bg-gray-100 disabled:opacity-50 disabled:cursor-not-allowed
    transition-all durat...

Ignored nodes: comments, script, style
[36m<html>[39m
  [36m<head />[39m
  [36m<body>[39m
    [36m<div>[39m
      [36m<div[39m
        [33mclass[39m=[32m"min-h-screen bg-gray-50"[39m
      [36m>[39m
        [36m<div[39m
          [33mclass[39m=[32m"lg:hidden"[39m
        [36m>[39m
          [36m<nav[39m
            [33mclass[39m=[32m"bg-white shadow-lg border-b border-gray-200"[39m
          [36m>[39m
            [36m<div[39m
              [33mclass[39m=[32m"max-w-7xl mx-auto px-4 sm:px-6 lg:px-8"[39m
            [36m>[39m
              [36m<div[39m
                [33mclass[39m=[32m"flex justify-between h-16"[39m
              [36m>[39m
                [36m<div[39m
                  [33mclass[39m=[32m"flex items-center"[39m
                [36m>[39m
                  [36m<a[39m
                    [33mclass[39m=[32m"flex items-center space-x-2"[39m
                    [33mdata-discover[39m=[32m"true"[39m
                    [33mhref[39m=[32m"/"[39m
                  [36m>[39m
                    [36m<span[39m
                      [33mclass[39m=[32m"text-2xl"[39m
                    [36m>[39m
                      [0m🏡[0m
                    [36m</span>[39m
                    [36m<span[39m
                      [33mclass[39m=[32m"text-xl font-bold text-gray-900 hidden sm:block"[39m
                    [36m>[39m
                      [0mHousehold Management[0m
                    [36m</span>[39m
                    [36m<span[39m
                      [33mclass[39m=[32m"text-xl font-bold text-gray-900 sm:hidden"[39m
                    [36m>[39m
                      [0mHome[0m
                    [36m</span>[39m
                  [36m</a>[39m
                [36m</div>[39m
                [36m<div[39m
                  [33mclass[39m=[32m"hidden md:flex items-center space-x-8"[39m
                [36m>[39m
                  [36m<a[39m
                    [33mclass[39m=[32m"flex items-center space-x-1 px-3 py-2 rounded-md text-sm font-medium transition-colors bg-blue-100 text-blue-700"[39m
                    [33mdata-discover[39m=[32m"true"[39m
                    [33mhref[39m=[32m"/"[39m
                  [36m>[39m
                    [36m<span[39m
                      [33mclass[39m=[32m"text-lg"[39m
                    [36m>[39m
                      [0m🏠[0m
                    [36m</span>[39m
                    [36m<span>[39m
                      [0mDashboard[0m
                    [36m</span>[39m
                  [36m</a>[39m
                  [36m<a[39m
                    [33mclass[39m=[32m"flex items-center space-x-1 px-3 py-2 rounded-md text-sm font-medium transition-colors text-gray-600 hover:text-gray-900 hover:bg-gray-100"[39m
                    [33mdata-discover[39m=[32m"true"[39m
                    [33mhref[39m=[32m"/plants"[39m
                  [36m>[39m
                    [36m<span[39m
                      [33mclass[39m=[32m"text-lg"[39m
                    [36m>[39m
                      [0m🌱[0m
                    [36m</span>[39m
                    [36m<span>[39m
                      [0mPlant Codex[0m
                    [36m</span>[39m
                  [36m</a>[39m
                  [36m<a[39m
                    [33mclass[39m=[32m"flex items-center space-x-1 px-3 py-2 rounded-md text-sm font-medium transition-colors text-gray-600 hover:text-gray-900 hover:bg-gray-100"[39m
                    [33mdata-discover[39m=[32m"true"[39m
                    [33mhref[39m=[32m"/projects"[39m
                  [36m>[39m
                    [36m<span[39m
                      [33mclass[39m=[32m"text-lg"[39m
                    [36m>[39m
                      [0m🔨[0m
                    [36m</span>[39m
                    [36m<span>[39m
                      [0mProjects[0m
                    [36m</span>[39m
                  [36m</a>[39m
                  [36m<a[39m
                    [33mclass[39m=[32m"flex items-center space-x-1 px-3 py-2 rounded-md text-sm font-medium transition-colors text-gray-600 hover:text-gray-900 hover:bg-gray-100"[39m
                    [33mdata-discover[39m=[32m"true"[39m
                    [33mhref[39m=[32m"/tasks"[39m
                  [36m>[39m
                    [36m<span[39m
                      [33mclass[39m=[32m"text-lg"[39m
                    [36m>[39m
                      [0m✅[0m
                    [36m</span>[39m
                    [36m<span>[39m
                      [0mTasks[0m
                    [36m</span>[39m
                  [36m</a>[39m
                  [36m<a[39m
                    [33mclass[39m=[32m"flex items-center space-x-1 px-3 py-2 rounded-md text-sm font-medium transition-colors text-gray-600 hover:text-gray-900 hover:bg-gray-100"[39m
                    [33mdata-discover[39m=[32m"true"[39m
                    [33mhref[39m=[32m"/calendar"[39m
                  [36m>[39m
                    [36m<span[39m
                      [33mclass[39m=[32m"text-lg"[39m
                    [36m>[39m
                      [0m📅[0m
                    [36m</span>[39m
                    [36m<span>[39m
                      [0mCalendar[0m
                    [36m</span>[39m
                  [36m</a>[39m
                [36m</div>[39m
                [36m<div[39m
                  [33mclass[39m=[32m"flex items-center space-x-4"[39m
                [36m>[39m
                  [36m<div[39m
                    [33mclass[39m=[32m"relative "[39m
                  [36m>[39m
                    [36m<div[39m
                      [33mclass[39m=[32m"flex items-center space-x-2"[39m
                    [36m>[39m
                      [36m<div[39m
                        [33mclass[39m=[32m"w-3 h-3 rounded-full bg-green-500 "[39m
                        [33mtitle[39m=[32m"Online"[39m
                      [36m/>[39m
                      [36m<button[39m
                        [33mclass[39m=[32m"text-sm text-gray-600 hover:text-gray-800 focus:outline-none"[39m
                      [36m>[39m
                        [0mOnline[0m
                      [36m</button>[39m
                    [36m</div>[39m
                  [36m</div>[39m
                  [36m<div[39m
                    [33mclass[39m=[32m"hidden md:block lg:hidden"[39m
                  [36m>[39m
                    [36m<div[39m
                      [33mclass[39m=[32m"relative inline-block text-left"[39m
                    [36m>[39m
                      [36m<button[39m
                        [33maria-expanded[39m=[32m"false"[39m
                        [33maria-haspopup[39m=[32m"listbox"[39m
                        [33maria-label[39m=[32m"Common.select Language"[39m
                        [33mclass[39m...
 ❯ waitForWrapper node_modules/@testing-library/dom/dist/wait-for.js:163:27
 ❯ src/test/integration/responsiveDesign.test.tsx:94:11
     92|     );
     93| 
     94|     await waitFor(() => {
       |           ^
     95|       expect(screen.getByText(/Overview/i)).toBeInTheDocument();
     96|     });

⎯⎯⎯⎯⎯⎯⎯⎯⎯⎯⎯⎯⎯⎯⎯⎯⎯⎯⎯⎯⎯⎯⎯⎯[2/8]⎯

 FAIL  src/test/integration/responsiveDesign.test.tsx > Responsive Design Integration Tests > should display desktop layout correctly (1024px+)
TestingLibraryElementError: Found multiple elements with the text: /Overview/i

Here are the matching elements:

Ignored nodes: comments, script, style
[36m<span[39m
  [33mclass[39m=[32m"mt-1 text-xs ml-8 text-blue-600"[39m
[36m>[39m
  [0mOverview And Quick Access[0m
[36m</span>[39m

Ignored nodes: comments, script, style
[36m<span[39m
  [33mclass[39m=[32m"mt-1 text-xs ml-8 text-blue-600"[39m
[36m>[39m
  [0mOverview And Quick Access[0m
[36m</span>[39m

Ignored nodes: comments, script, style
[36m<div>[39m
  [0mOverview[0m
[36m</div>[39m

(If this is intentional, then use the `*AllBy*` variant of the query (like `queryAllByText`, `getAllByText`, or `findAllByText`)).

Ignored nodes: comments, script, style
[36m<body>[39m
  [36m<div>[39m
    [36m<div[39m
      [33mclass[39m=[32m"min-h-screen bg-gray-50"[39m
    [36m>[39m
      [36m<div[39m
        [33mclass[39m=[32m"lg:hidden"[39m
      [36m>[39m
        [36m<nav[39m
          [33mclass[39m=[32m"bg-white shadow-lg border-b border-gray-200"[39m
        [36m>[39m
          [36m<div[39m
            [33mclass[39m=[32m"max-w-7xl mx-auto px-4 sm:px-6 lg:px-8"[39m
          [36m>[39m
            [36m<div[39m
              [33mclass[39m=[32m"flex justify-between h-16"[39m
            [36m>[39m
              [36m<div[39m
                [33mclass[39m=[32m"flex items-center"[39m
              [36m>[39m
                [36m<a[39m
                  [33mclass[39m=[32m"flex items-center space-x-2"[39m
                  [33mdata-discover[39m=[32m"true"[39m
                  [33mhref[39m=[32m"/"[39m
                [36m>[39m
                  [36m<span[39m
                    [33mclass[39m=[32m"text-2xl"[39m
                  [36m>[39m
                    [0m🏡[0m
                  [36m</span>[39m
                  [36m<span[39m
                    [33mclass[39m=[32m"text-xl font-bold text-gray-900 hidden sm:block"[39m
                  [36m>[39m
                    [0mHousehold Management[0m
                  [36m</span>[39m
                  [36m<span[39m
                    [33mclass[39m=[32m"text-xl font-bold text-gray-900 sm:hidden"[39m
                  [36m>[39m
                    [0mHome[0m
                  [36m</span>[39m
                [36m</a>[39m
              [36m</div>[39m
              [36m<div[39m
                [33mclass[39m=[32m"hidden md:flex items-center space-x-8"[39m
              [36m>[39m
                [36m<a[39m
                  [33mclass[39m=[32m"flex items-center space-x-1 px-3 py-2 rounded-md text-sm font-medium transition-colors bg-blue-100 text-blue-700"[39m
                  [33mdata-discover[39m=[32m"true"[39m
                  [33mhref[39m=[32m"/"[39m
                [36m>[39m
                  [36m<span[39m
                    [33mclass[39m=[32m"text-lg"[39m
                  [36m>[39m
                    [0m🏠[0m
                  [36m</span>[39m
                  [36m<span>[39m
                    [0mDashboard[0m
                  [36m</span>[39m
                [36m</a>[39m
                [36m<a[39m
                  [33mclass[39m=[32m"flex items-center space-x-1 px-3 py-2 rounded-md text-sm font-medium transition-colors text-gray-600 hover:text-gray-900 hover:bg-gray-100"[39m
                  [33mdata-discover[39m=[32m"true"[39m
                  [33mhref[39m=[32m"/plants"[39m
                [36m>[39m
                  [36m<span[39m
                    [33mclass[39m=[32m"text-lg"[39m
                  [36m>[39m
                    [0m🌱[0m
                  [36m</span>[39m
                  [36m<span>[39m
                    [0mPlant Codex[0m
                  [36m</span>[39m
                [36m</a>[39m
                [36m<a[39m
                  [33mclass[39m=[32m"flex items-center space-x-1 px-3 py-2 rounded-md text-sm font-medium transition-colors text-gray-600 hover:text-gray-900 hover:bg-gray-100"[39m
                  [33mdata-discover[39m=[32m"true"[39m
                  [33mhref[39m=[32m"/projects"[39m
                [36m>[39m
                  [36m<span[39m
                    [33mclass[39m=[32m"text-lg"[39m
                  [36m>[39m
                    [0m🔨[0m
                  [36m</span>[39m
                  [36m<span>[39m
                    [0mProjects[0m
                  [36m</span>[39m
                [36m</a>[39m
                [36m<a[39m
                  [33mclass[39m=[32m"flex items-center space-x-1 px-3 py-2 rounded-md text-sm font-medium transition-colors text-gray-600 hover:text-gray-900 hover:bg-gray-100"[39m
                  [33mdata-discover[39m=[32m"true"[39m
                  [33mhref[39m=[32m"/tasks"[39m
                [36m>[39m
                  [36m<span[39m
                    [33mclass[39m=[32m"text-lg"[39m
                  [36m>[39m
                    [0m✅[0m
                  [36m</span>[39m
                  [36m<span>[39m
                    [0mTasks[0m
                  [36m</span>[39m
                [36m</a>[39m
                [36m<a[39m
                  [33mclass[39m=[32m"flex items-center space-x-1 px-3 py-2 rounded-md text-sm font-medium transition-colors text-gray-600 hover:text-gray-900 hover:bg-gray-100"[39m
                  [33mdata-discover[39m=[32m"true"[39m
                  [33mhref[39m=[32m"/calendar"[39m
                [36m>[39m
                  [36m<span[39m
                    [33mclass[39m=[32m"text-lg"[39m
                  [36m>[39m
                    [0m📅[0m
                  [36m</span>[39m
                  [36m<span>[39m
                    [0mCalendar[0m
                  [36m</span>[39m
                [36m</a>[39m
              [36m</div>[39m
              [36m<div[39m
                [33mclass[39m=[32m"flex items-center space-x-4"[39m
              [36m>[39m
                [36m<div[39m
                  [33mclass[39m=[32m"relative "[39m
                [36m>[39m
                  [36m<div[39m
                    [33mclass[39m=[32m"flex items-center space-x-2"[39m
                  [36m>[39m
                    [36m<div[39m
                      [33mclass[39m=[32m"w-3 h-3 rounded-full bg-green-500 "[39m
                      [33mtitle[39m=[32m"Online"[39m
                    [36m/>[39m
                    [36m<button[39m
                      [33mclass[39m=[32m"text-sm text-gray-600 hover:text-gray-800 focus:outline-none"[39m
                    [36m>[39m
                      [0mOnline[0m
                    [36m</button>[39m
                  [36m</div>[39m
                [36m</div>[39m
                [36m<div[39m
                  [33mclass[39m=[32m"hidden md:block lg:hidden"[39m
                [36m>[39m
                  [36m<div[39m
                    [33mclass[39m=[32m"relative inline-block text-left"[39m
                  [36m>[39m
                    [36m<button[39m
                      [33maria-expanded[39m=[32m"false"[39m
                      [33maria-haspopup[39m=[32m"listbox"[39m
                      [33maria-label[39m=[32m"Common.select Language"[39m
                      [33mclass[39m=[32m"inline-flex items-center justify-between
    px-2 py-1 text-xs 
    font-medium text-gray-700 bg-white border border-gray-300 rounded-md
    hover:bg-gray-50 focus:outline-none focus:ring-2 focus:ring-offset-2 focus:ring-blue-500
    active:bg-gray-100 disabled:opacity-50 disabled:cursor-not-allowed
    transition-all durat...

Ignored nodes: comments, script, style
[36m<html>[39m
  [36m<head />[39m
  [36m<body>[39m
    [36m<div>[39m
      [36m<div[39m
        [33mclass[39m=[32m"min-h-screen bg-gray-50"[39m
      [36m>[39m
        [36m<div[39m
          [33mclass[39m=[32m"lg:hidden"[39m
        [36m>[39m
          [36m<nav[39m
            [33mclass[39m=[32m"bg-white shadow-lg border-b border-gray-200"[39m
          [36m>[39m
            [36m<div[39m
              [33mclass[39m=[32m"max-w-7xl mx-auto px-4 sm:px-6 lg:px-8"[39m
            [36m>[39m
              [36m<div[39m
                [33mclass[39m=[32m"flex justify-between h-16"[39m
              [36m>[39m
                [36m<div[39m
                  [33mclass[39m=[32m"flex items-center"[39m
                [36m>[39m
                  [36m<a[39m
                    [33mclass[39m=[32m"flex items-center space-x-2"[39m
                    [33mdata-discover[39m=[32m"true"[39m
                    [33mhref[39m=[32m"/"[39m
                  [36m>[39m
                    [36m<span[39m
                      [33mclass[39m=[32m"text-2xl"[39m
                    [36m>[39m
                      [0m🏡[0m
                    [36m</span>[39m
                    [36m<span[39m
                      [33mclass[39m=[32m"text-xl font-bold text-gray-900 hidden sm:block"[39m
                    [36m>[39m
                      [0mHousehold Management[0m
                    [36m</span>[39m
                    [36m<span[39m
                      [33mclass[39m=[32m"text-xl font-bold text-gray-900 sm:hidden"[39m
                    [36m>[39m
                      [0mHome[0m
                    [36m</span>[39m
                  [36m</a>[39m
                [36m</div>[39m
                [36m<div[39m
                  [33mclass[39m=[32m"hidden md:flex items-center space-x-8"[39m
                [36m>[39m
                  [36m<a[39m
                    [33mclass[39m=[32m"flex items-center space-x-1 px-3 py-2 rounded-md text-sm font-medium transition-colors bg-blue-100 text-blue-700"[39m
                    [33mdata-discover[39m=[32m"true"[39m
                    [33mhref[39m=[32m"/"[39m
                  [36m>[39m
                    [36m<span[39m
                      [33mclass[39m=[32m"text-lg"[39m
                    [36m>[39m
                      [0m🏠[0m
                    [36m</span>[39m
                    [36m<span>[39m
                      [0mDashboard[0m
                    [36m</span>[39m
                  [36m</a>[39m
                  [36m<a[39m
                    [33mclass[39m=[32m"flex items-center space-x-1 px-3 py-2 rounded-md text-sm font-medium transition-colors text-gray-600 hover:text-gray-900 hover:bg-gray-100"[39m
                    [33mdata-discover[39m=[32m"true"[39m
                    [33mhref[39m=[32m"/plants"[39m
                  [36m>[39m
                    [36m<span[39m
                      [33mclass[39m=[32m"text-lg"[39m
                    [36m>[39m
                      [0m🌱[0m
                    [36m</span>[39m
                    [36m<span>[39m
                      [0mPlant Codex[0m
                    [36m</span>[39m
                  [36m</a>[39m
                  [36m<a[39m
                    [33mclass[39m=[32m"flex items-center space-x-1 px-3 py-2 rounded-md text-sm font-medium transition-colors text-gray-600 hover:text-gray-900 hover:bg-gray-100"[39m
                    [33mdata-discover[39m=[32m"true"[39m
                    [33mhref[39m=[32m"/projects"[39m
                  [36m>[39m
                    [36m<span[39m
                      [33mclass[39m=[32m"text-lg"[39m
                    [36m>[39m
                      [0m🔨[0m
                    [36m</span>[39m
                    [36m<span>[39m
                      [0mProjects[0m
                    [36m</span>[39m
                  [36m</a>[39m
                  [36m<a[39m
                    [33mclass[39m=[32m"flex items-center space-x-1 px-3 py-2 rounded-md text-sm font-medium transition-colors text-gray-600 hover:text-gray-900 hover:bg-gray-100"[39m
                    [33mdata-discover[39m=[32m"true"[39m
                    [33mhref[39m=[32m"/tasks"[39m
                  [36m>[39m
                    [36m<span[39m
                      [33mclass[39m=[32m"text-lg"[39m
                    [36m>[39m
                      [0m✅[0m
                    [36m</span>[39m
                    [36m<span>[39m
                      [0mTasks[0m
                    [36m</span>[39m
                  [36m</a>[39m
                  [36m<a[39m
                    [33mclass[39m=[32m"flex items-center space-x-1 px-3 py-2 rounded-md text-sm font-medium transition-colors text-gray-600 hover:text-gray-900 hover:bg-gray-100"[39m
                    [33mdata-discover[39m=[32m"true"[39m
                    [33mhref[39m=[32m"/calendar"[39m
                  [36m>[39m
                    [36m<span[39m
                      [33mclass[39m=[32m"text-lg"[39m
                    [36m>[39m
                      [0m📅[0m
                    [36m</span>[39m
                    [36m<span>[39m
                      [0mCalendar[0m
                    [36m</span>[39m
                  [36m</a>[39m
                [36m</div>[39m
                [36m<div[39m
                  [33mclass[39m=[32m"flex items-center space-x-4"[39m
                [36m>[39m
                  [36m<div[39m
                    [33mclass[39m=[32m"relative "[39m
                  [36m>[39m
                    [36m<div[39m
                      [33mclass[39m=[32m"flex items-center space-x-2"[39m
                    [36m>[39m
                      [36m<div[39m
                        [33mclass[39m=[32m"w-3 h-3 rounded-full bg-green-500 "[39m
                        [33mtitle[39m=[32m"Online"[39m
                      [36m/>[39m
                      [36m<button[39m
                        [33mclass[39m=[32m"text-sm text-gray-600 hover:text-gray-800 focus:outline-none"[39m
                      [36m>[39m
                        [0mOnline[0m
                      [36m</button>[39m
                    [36m</div>[39m
                  [36m</div>[39m
                  [36m<div[39m
                    [33mclass[39m=[32m"hidden md:block lg:hidden"[39m
                  [36m>[39m
                    [36m<div[39m
                      [33mclass[39m=[32m"relative inline-block text-left"[39m
                    [36m>[39m
                      [36m<button[39m
                        [33maria-expanded[39m=[32m"false"[39m
                        [33maria-haspopup[39m=[32m"listbox"[39m
                        [33maria-label[39m=[32m"Common.select Language"[39m
                        [33mclass[39m...
 ❯ waitForWrapper node_modules/@testing-library/dom/dist/wait-for.js:163:27
 ❯ src/test/integration/responsiveDesign.test.tsx:122:11
    120|     );
    121| 
    122|     await waitFor(() => {
       |           ^
    123|       expect(screen.getByText(/Overview/i)).toBeInTheDocument();
    124|     });

⎯⎯⎯⎯⎯⎯⎯⎯⎯⎯⎯⎯⎯⎯⎯⎯⎯⎯⎯⎯⎯⎯⎯⎯[3/8]⎯

 FAIL  src/test/integration/responsiveDesign.test.tsx > Responsive Design Integration Tests > should handle touch interactions on mobile devices
TestingLibraryElementError: Found multiple elements with the text: /Overview/i

Here are the matching elements:

Ignored nodes: comments, script, style
[36m<span[39m
  [33mclass[39m=[32m"mt-1 text-xs ml-8 text-blue-600"[39m
[36m>[39m
  [0mOverview And Quick Access[0m
[36m</span>[39m

Ignored nodes: comments, script, style
[36m<span[39m
  [33mclass[39m=[32m"mt-1 text-xs ml-8 text-blue-600"[39m
[36m>[39m
  [0mOverview And Quick Access[0m
[36m</span>[39m

Ignored nodes: comments, script, style
[36m<div>[39m
  [0mOverview[0m
[36m</div>[39m

(If this is intentional, then use the `*AllBy*` variant of the query (like `queryAllByText`, `getAllByText`, or `findAllByText`)).

Ignored nodes: comments, script, style
[36m<body>[39m
  [36m<div>[39m
    [36m<div[39m
      [33mclass[39m=[32m"min-h-screen bg-gray-50"[39m
    [36m>[39m
      [36m<div[39m
        [33mclass[39m=[32m"lg:hidden"[39m
      [36m>[39m
        [36m<nav[39m
          [33mclass[39m=[32m"bg-white shadow-lg border-b border-gray-200"[39m
        [36m>[39m
          [36m<div[39m
            [33mclass[39m=[32m"max-w-7xl mx-auto px-4 sm:px-6 lg:px-8"[39m
          [36m>[39m
            [36m<div[39m
              [33mclass[39m=[32m"flex justify-between h-16"[39m
            [36m>[39m
              [36m<div[39m
                [33mclass[39m=[32m"flex items-center"[39m
              [36m>[39m
                [36m<a[39m
                  [33mclass[39m=[32m"flex items-center space-x-2"[39m
                  [33mdata-discover[39m=[32m"true"[39m
                  [33mhref[39m=[32m"/"[39m
                [36m>[39m
                  [36m<span[39m
                    [33mclass[39m=[32m"text-2xl"[39m
                  [36m>[39m
                    [0m🏡[0m
                  [36m</span>[39m
                  [36m<span[39m
                    [33mclass[39m=[32m"text-xl font-bold text-gray-900 hidden sm:block"[39m
                  [36m>[39m
                    [0mHousehold Management[0m
                  [36m</span>[39m
                  [36m<span[39m
                    [33mclass[39m=[32m"text-xl font-bold text-gray-900 sm:hidden"[39m
                  [36m>[39m
                    [0mHome[0m
                  [36m</span>[39m
                [36m</a>[39m
              [36m</div>[39m
              [36m<div[39m
                [33mclass[39m=[32m"hidden md:flex items-center space-x-8"[39m
              [36m>[39m
                [36m<a[39m
                  [33mclass[39m=[32m"flex items-center space-x-1 px-3 py-2 rounded-md text-sm font-medium transition-colors bg-blue-100 text-blue-700"[39m
                  [33mdata-discover[39m=[32m"true"[39m
                  [33mhref[39m=[32m"/"[39m
                [36m>[39m
                  [36m<span[39m
                    [33mclass[39m=[32m"text-lg"[39m
                  [36m>[39m
                    [0m🏠[0m
                  [36m</span>[39m
                  [36m<span>[39m
                    [0mDashboard[0m
                  [36m</span>[39m
                [36m</a>[39m
                [36m<a[39m
                  [33mclass[39m=[32m"flex items-center space-x-1 px-3 py-2 rounded-md text-sm font-medium transition-colors text-gray-600 hover:text-gray-900 hover:bg-gray-100"[39m
                  [33mdata-discover[39m=[32m"true"[39m
                  [33mhref[39m=[32m"/plants"[39m
                [36m>[39m
                  [36m<span[39m
                    [33mclass[39m=[32m"text-lg"[39m
                  [36m>[39m
                    [0m🌱[0m
                  [36m</span>[39m
                  [36m<span>[39m
                    [0mPlant Codex[0m
                  [36m</span>[39m
                [36m</a>[39m
                [36m<a[39m
                  [33mclass[39m=[32m"flex items-center space-x-1 px-3 py-2 rounded-md text-sm font-medium transition-colors text-gray-600 hover:text-gray-900 hover:bg-gray-100"[39m
                  [33mdata-discover[39m=[32m"true"[39m
                  [33mhref[39m=[32m"/projects"[39m
                [36m>[39m
                  [36m<span[39m
                    [33mclass[39m=[32m"text-lg"[39m
                  [36m>[39m
                    [0m🔨[0m
                  [36m</span>[39m
                  [36m<span>[39m
                    [0mProjects[0m
                  [36m</span>[39m
                [36m</a>[39m
                [36m<a[39m
                  [33mclass[39m=[32m"flex items-center space-x-1 px-3 py-2 rounded-md text-sm font-medium transition-colors text-gray-600 hover:text-gray-900 hover:bg-gray-100"[39m
                  [33mdata-discover[39m=[32m"true"[39m
                  [33mhref[39m=[32m"/tasks"[39m
                [36m>[39m
                  [36m<span[39m
                    [33mclass[39m=[32m"text-lg"[39m
                  [36m>[39m
                    [0m✅[0m
                  [36m</span>[39m
                  [36m<span>[39m
                    [0mTasks[0m
                  [36m</span>[39m
                [36m</a>[39m
                [36m<a[39m
                  [33mclass[39m=[32m"flex items-center space-x-1 px-3 py-2 rounded-md text-sm font-medium transition-colors text-gray-600 hover:text-gray-900 hover:bg-gray-100"[39m
                  [33mdata-discover[39m=[32m"true"[39m
                  [33mhref[39m=[32m"/calendar"[39m
                [36m>[39m
                  [36m<span[39m
                    [33mclass[39m=[32m"text-lg"[39m
                  [36m>[39m
                    [0m📅[0m
                  [36m</span>[39m
                  [36m<span>[39m
                    [0mCalendar[0m
                  [36m</span>[39m
                [36m</a>[39m
              [36m</div>[39m
              [36m<div[39m
                [33mclass[39m=[32m"flex items-center space-x-4"[39m
              [36m>[39m
                [36m<div[39m
                  [33mclass[39m=[32m"relative "[39m
                [36m>[39m
                  [36m<div[39m
                    [33mclass[39m=[32m"flex items-center space-x-2"[39m
                  [36m>[39m
                    [36m<div[39m
                      [33mclass[39m=[32m"w-3 h-3 rounded-full bg-green-500 "[39m
                      [33mtitle[39m=[32m"Online"[39m
                    [36m/>[39m
                    [36m<button[39m
                      [33mclass[39m=[32m"text-sm text-gray-600 hover:text-gray-800 focus:outline-none"[39m
                    [36m>[39m
                      [0mOnline[0m
                    [36m</button>[39m
                  [36m</div>[39m
                [36m</div>[39m
                [36m<div[39m
                  [33mclass[39m=[32m"hidden md:block lg:hidden"[39m
                [36m>[39m
                  [36m<div[39m
                    [33mclass[39m=[32m"relative inline-block text-left"[39m
                  [36m>[39m
                    [36m<button[39m
                      [33maria-expanded[39m=[32m"false"[39m
                      [33maria-haspopup[39m=[32m"listbox"[39m
                      [33maria-label[39m=[32m"Common.select Language"[39m
                      [33mclass[39m=[32m"inline-flex items-center justify-between
    px-2 py-1 text-xs 
    font-medium text-gray-700 bg-white border border-gray-300 rounded-md
    hover:bg-gray-50 focus:outline-none focus:ring-2 focus:ring-offset-2 focus:ring-blue-500
    active:bg-gray-100 disabled:opacity-50 disabled:cursor-not-allowed
    transition-all durat...

Ignored nodes: comments, script, style
[36m<html>[39m
  [36m<head />[39m
  [36m<body>[39m
    [36m<div>[39m
      [36m<div[39m
        [33mclass[39m=[32m"min-h-screen bg-gray-50"[39m
      [36m>[39m
        [36m<div[39m
          [33mclass[39m=[32m"lg:hidden"[39m
        [36m>[39m
          [36m<nav[39m
            [33mclass[39m=[32m"bg-white shadow-lg border-b border-gray-200"[39m
          [36m>[39m
            [36m<div[39m
              [33mclass[39m=[32m"max-w-7xl mx-auto px-4 sm:px-6 lg:px-8"[39m
            [36m>[39m
              [36m<div[39m
                [33mclass[39m=[32m"flex justify-between h-16"[39m
              [36m>[39m
                [36m<div[39m
                  [33mclass[39m=[32m"flex items-center"[39m
                [36m>[39m
                  [36m<a[39m
                    [33mclass[39m=[32m"flex items-center space-x-2"[39m
                    [33mdata-discover[39m=[32m"true"[39m
                    [33mhref[39m=[32m"/"[39m
                  [36m>[39m
                    [36m<span[39m
                      [33mclass[39m=[32m"text-2xl"[39m
                    [36m>[39m
                      [0m🏡[0m
                    [36m</span>[39m
                    [36m<span[39m
                      [33mclass[39m=[32m"text-xl font-bold text-gray-900 hidden sm:block"[39m
                    [36m>[39m
                      [0mHousehold Management[0m
                    [36m</span>[39m
                    [36m<span[39m
                      [33mclass[39m=[32m"text-xl font-bold text-gray-900 sm:hidden"[39m
                    [36m>[39m
                      [0mHome[0m
                    [36m</span>[39m
                  [36m</a>[39m
                [36m</div>[39m
                [36m<div[39m
                  [33mclass[39m=[32m"hidden md:flex items-center space-x-8"[39m
                [36m>[39m
                  [36m<a[39m
                    [33mclass[39m=[32m"flex items-center space-x-1 px-3 py-2 rounded-md text-sm font-medium transition-colors bg-blue-100 text-blue-700"[39m
                    [33mdata-discover[39m=[32m"true"[39m
                    [33mhref[39m=[32m"/"[39m
                  [36m>[39m
                    [36m<span[39m
                      [33mclass[39m=[32m"text-lg"[39m
                    [36m>[39m
                      [0m🏠[0m
                    [36m</span>[39m
                    [36m<span>[39m
                      [0mDashboard[0m
                    [36m</span>[39m
                  [36m</a>[39m
                  [36m<a[39m
                    [33mclass[39m=[32m"flex items-center space-x-1 px-3 py-2 rounded-md text-sm font-medium transition-colors text-gray-600 hover:text-gray-900 hover:bg-gray-100"[39m
                    [33mdata-discover[39m=[32m"true"[39m
                    [33mhref[39m=[32m"/plants"[39m
                  [36m>[39m
                    [36m<span[39m
                      [33mclass[39m=[32m"text-lg"[39m
                    [36m>[39m
                      [0m🌱[0m
                    [36m</span>[39m
                    [36m<span>[39m
                      [0mPlant Codex[0m
                    [36m</span>[39m
                  [36m</a>[39m
                  [36m<a[39m
                    [33mclass[39m=[32m"flex items-center space-x-1 px-3 py-2 rounded-md text-sm font-medium transition-colors text-gray-600 hover:text-gray-900 hover:bg-gray-100"[39m
                    [33mdata-discover[39m=[32m"true"[39m
                    [33mhref[39m=[32m"/projects"[39m
                  [36m>[39m
                    [36m<span[39m
                      [33mclass[39m=[32m"text-lg"[39m
                    [36m>[39m
                      [0m🔨[0m
                    [36m</span>[39m
                    [36m<span>[39m
                      [0mProjects[0m
                    [36m</span>[39m
                  [36m</a>[39m
                  [36m<a[39m
                    [33mclass[39m=[32m"flex items-center space-x-1 px-3 py-2 rounded-md text-sm font-medium transition-colors text-gray-600 hover:text-gray-900 hover:bg-gray-100"[39m
                    [33mdata-discover[39m=[32m"true"[39m
                    [33mhref[39m=[32m"/tasks"[39m
                  [36m>[39m
                    [36m<span[39m
                      [33mclass[39m=[32m"text-lg"[39m
                    [36m>[39m
                      [0m✅[0m
                    [36m</span>[39m
                    [36m<span>[39m
                      [0mTasks[0m
                    [36m</span>[39m
                  [36m</a>[39m
                  [36m<a[39m
                    [33mclass[39m=[32m"flex items-center space-x-1 px-3 py-2 rounded-md text-sm font-medium transition-colors text-gray-600 hover:text-gray-900 hover:bg-gray-100"[39m
                    [33mdata-discover[39m=[32m"true"[39m
                    [33mhref[39m=[32m"/calendar"[39m
                  [36m>[39m
                    [36m<span[39m
                      [33mclass[39m=[32m"text-lg"[39m
                    [36m>[39m
                      [0m📅[0m
                    [36m</span>[39m
                    [36m<span>[39m
                      [0mCalendar[0m
                    [36m</span>[39m
                  [36m</a>[39m
                [36m</div>[39m
                [36m<div[39m
                  [33mclass[39m=[32m"flex items-center space-x-4"[39m
                [36m>[39m
                  [36m<div[39m
                    [33mclass[39m=[32m"relative "[39m
                  [36m>[39m
                    [36m<div[39m
                      [33mclass[39m=[32m"flex items-center space-x-2"[39m
                    [36m>[39m
                      [36m<div[39m
                        [33mclass[39m=[32m"w-3 h-3 rounded-full bg-green-500 "[39m
                        [33mtitle[39m=[32m"Online"[39m
                      [36m/>[39m
                      [36m<button[39m
                        [33mclass[39m=[32m"text-sm text-gray-600 hover:text-gray-800 focus:outline-none"[39m
                      [36m>[39m
                        [0mOnline[0m
                      [36m</button>[39m
                    [36m</div>[39m
                  [36m</div>[39m
                  [36m<div[39m
                    [33mclass[39m=[32m"hidden md:block lg:hidden"[39m
                  [36m>[39m
                    [36m<div[39m
                      [33mclass[39m=[32m"relative inline-block text-left"[39m
                    [36m>[39m
                      [36m<button[39m
                        [33maria-expanded[39m=[32m"false"[39m
                        [33maria-haspopup[39m=[32m"listbox"[39m
                        [33maria-label[39m=[32m"Common.select Language"[39m
                        [33mclass[39m...
 ❯ waitForWrapper node_modules/@testing-library/dom/dist/wait-for.js:163:27
 ❯ src/test/integration/responsiveDesign.test.tsx:154:11
    152|     );
    153| 
    154|     await waitFor(() => {
       |           ^
    155|       expect(screen.getByText(/Overview/i)).toBeInTheDocument();
    156|     });

⎯⎯⎯⎯⎯⎯⎯⎯⎯⎯⎯⎯⎯⎯⎯⎯⎯⎯⎯⎯⎯⎯⎯⎯[4/8]⎯

 FAIL  src/test/integration/responsiveDesign.test.tsx > Responsive Design Integration Tests > should adapt form layouts for different screen sizes
TestingLibraryElementError: Found multiple elements with the text: /Overview/i

Here are the matching elements:

Ignored nodes: comments, script, style
[36m<span[39m
  [33mclass[39m=[32m"mt-1 text-xs ml-8 text-blue-600"[39m
[36m>[39m
  [0mOverview And Quick Access[0m
[36m</span>[39m

Ignored nodes: comments, script, style
[36m<span[39m
  [33mclass[39m=[32m"mt-1 text-xs ml-8 text-blue-600"[39m
[36m>[39m
  [0mOverview And Quick Access[0m
[36m</span>[39m

Ignored nodes: comments, script, style
[36m<div>[39m
  [0mOverview[0m
[36m</div>[39m

(If this is intentional, then use the `*AllBy*` variant of the query (like `queryAllByText`, `getAllByText`, or `findAllByText`)).

Ignored nodes: comments, script, style
[36m<body>[39m
  [36m<div>[39m
    [36m<div[39m
      [33mclass[39m=[32m"min-h-screen bg-gray-50"[39m
    [36m>[39m
      [36m<div[39m
        [33mclass[39m=[32m"lg:hidden"[39m
      [36m>[39m
        [36m<nav[39m
          [33mclass[39m=[32m"bg-white shadow-lg border-b border-gray-200"[39m
        [36m>[39m
          [36m<div[39m
            [33mclass[39m=[32m"max-w-7xl mx-auto px-4 sm:px-6 lg:px-8"[39m
          [36m>[39m
            [36m<div[39m
              [33mclass[39m=[32m"flex justify-between h-16"[39m
            [36m>[39m
              [36m<div[39m
                [33mclass[39m=[32m"flex items-center"[39m
              [36m>[39m
                [36m<a[39m
                  [33mclass[39m=[32m"flex items-center space-x-2"[39m
                  [33mdata-discover[39m=[32m"true"[39m
                  [33mhref[39m=[32m"/"[39m
                [36m>[39m
                  [36m<span[39m
                    [33mclass[39m=[32m"text-2xl"[39m
                  [36m>[39m
                    [0m🏡[0m
                  [36m</span>[39m
                  [36m<span[39m
                    [33mclass[39m=[32m"text-xl font-bold text-gray-900 hidden sm:block"[39m
                  [36m>[39m
                    [0mHousehold Management[0m
                  [36m</span>[39m
                  [36m<span[39m
                    [33mclass[39m=[32m"text-xl font-bold text-gray-900 sm:hidden"[39m
                  [36m>[39m
                    [0mHome[0m
                  [36m</span>[39m
                [36m</a>[39m
              [36m</div>[39m
              [36m<div[39m
                [33mclass[39m=[32m"hidden md:flex items-center space-x-8"[39m
              [36m>[39m
                [36m<a[39m
                  [33mclass[39m=[32m"flex items-center space-x-1 px-3 py-2 rounded-md text-sm font-medium transition-colors bg-blue-100 text-blue-700"[39m
                  [33mdata-discover[39m=[32m"true"[39m
                  [33mhref[39m=[32m"/"[39m
                [36m>[39m
                  [36m<span[39m
                    [33mclass[39m=[32m"text-lg"[39m
                  [36m>[39m
                    [0m🏠[0m
                  [36m</span>[39m
                  [36m<span>[39m
                    [0mDashboard[0m
                  [36m</span>[39m
                [36m</a>[39m
                [36m<a[39m
                  [33mclass[39m=[32m"flex items-center space-x-1 px-3 py-2 rounded-md text-sm font-medium transition-colors text-gray-600 hover:text-gray-900 hover:bg-gray-100"[39m
                  [33mdata-discover[39m=[32m"true"[39m
                  [33mhref[39m=[32m"/plants"[39m
                [36m>[39m
                  [36m<span[39m
                    [33mclass[39m=[32m"text-lg"[39m
                  [36m>[39m
                    [0m🌱[0m
                  [36m</span>[39m
                  [36m<span>[39m
                    [0mPlant Codex[0m
                  [36m</span>[39m
                [36m</a>[39m
                [36m<a[39m
                  [33mclass[39m=[32m"flex items-center space-x-1 px-3 py-2 rounded-md text-sm font-medium transition-colors text-gray-600 hover:text-gray-900 hover:bg-gray-100"[39m
                  [33mdata-discover[39m=[32m"true"[39m
                  [33mhref[39m=[32m"/projects"[39m
                [36m>[39m
                  [36m<span[39m
                    [33mclass[39m=[32m"text-lg"[39m
                  [36m>[39m
                    [0m🔨[0m
                  [36m</span>[39m
                  [36m<span>[39m
                    [0mProjects[0m
                  [36m</span>[39m
                [36m</a>[39m
                [36m<a[39m
                  [33mclass[39m=[32m"flex items-center space-x-1 px-3 py-2 rounded-md text-sm font-medium transition-colors text-gray-600 hover:text-gray-900 hover:bg-gray-100"[39m
                  [33mdata-discover[39m=[32m"true"[39m
                  [33mhref[39m=[32m"/tasks"[39m
                [36m>[39m
                  [36m<span[39m
                    [33mclass[39m=[32m"text-lg"[39m
                  [36m>[39m
                    [0m✅[0m
                  [36m</span>[39m
                  [36m<span>[39m
                    [0mTasks[0m
                  [36m</span>[39m
                [36m</a>[39m
                [36m<a[39m
                  [33mclass[39m=[32m"flex items-center space-x-1 px-3 py-2 rounded-md text-sm font-medium transition-colors text-gray-600 hover:text-gray-900 hover:bg-gray-100"[39m
                  [33mdata-discover[39m=[32m"true"[39m
                  [33mhref[39m=[32m"/calendar"[39m
                [36m>[39m
                  [36m<span[39m
                    [33mclass[39m=[32m"text-lg"[39m
                  [36m>[39m
                    [0m📅[0m
                  [36m</span>[39m
                  [36m<span>[39m
                    [0mCalendar[0m
                  [36m</span>[39m
                [36m</a>[39m
              [36m</div>[39m
              [36m<div[39m
                [33mclass[39m=[32m"flex items-center space-x-4"[39m
              [36m>[39m
                [36m<div[39m
                  [33mclass[39m=[32m"relative "[39m
                [36m>[39m
                  [36m<div[39m
                    [33mclass[39m=[32m"flex items-center space-x-2"[39m
                  [36m>[39m
                    [36m<div[39m
                      [33mclass[39m=[32m"w-3 h-3 rounded-full bg-green-500 "[39m
                      [33mtitle[39m=[32m"Online"[39m
                    [36m/>[39m
                    [36m<button[39m
                      [33mclass[39m=[32m"text-sm text-gray-600 hover:text-gray-800 focus:outline-none"[39m
                    [36m>[39m
                      [0mOnline[0m
                    [36m</button>[39m
                  [36m</div>[39m
                [36m</div>[39m
                [36m<div[39m
                  [33mclass[39m=[32m"hidden md:block lg:hidden"[39m
                [36m>[39m
                  [36m<div[39m
                    [33mclass[39m=[32m"relative inline-block text-left"[39m
                  [36m>[39m
                    [36m<button[39m
                      [33maria-expanded[39m=[32m"false"[39m
                      [33maria-haspopup[39m=[32m"listbox"[39m
                      [33maria-label[39m=[32m"Common.select Language"[39m
                      [33mclass[39m=[32m"inline-flex items-center justify-between
    px-2 py-1 text-xs 
    font-medium text-gray-700 bg-white border border-gray-300 rounded-md
    hover:bg-gray-50 focus:outline-none focus:ring-2 focus:ring-offset-2 focus:ring-blue-500
    active:bg-gray-100 disabled:opacity-50 disabled:cursor-not-allowed
    transition-all durat...

Ignored nodes: comments, script, style
[36m<html>[39m
  [36m<head />[39m
  [36m<body>[39m
    [36m<div>[39m
      [36m<div[39m
        [33mclass[39m=[32m"min-h-screen bg-gray-50"[39m
      [36m>[39m
        [36m<div[39m
          [33mclass[39m=[32m"lg:hidden"[39m
        [36m>[39m
          [36m<nav[39m
            [33mclass[39m=[32m"bg-white shadow-lg border-b border-gray-200"[39m
          [36m>[39m
            [36m<div[39m
              [33mclass[39m=[32m"max-w-7xl mx-auto px-4 sm:px-6 lg:px-8"[39m
            [36m>[39m
              [36m<div[39m
                [33mclass[39m=[32m"flex justify-between h-16"[39m
              [36m>[39m
                [36m<div[39m
                  [33mclass[39m=[32m"flex items-center"[39m
                [36m>[39m
                  [36m<a[39m
                    [33mclass[39m=[32m"flex items-center space-x-2"[39m
                    [33mdata-discover[39m=[32m"true"[39m
                    [33mhref[39m=[32m"/"[39m
                  [36m>[39m
                    [36m<span[39m
                      [33mclass[39m=[32m"text-2xl"[39m
                    [36m>[39m
                      [0m🏡[0m
                    [36m</span>[39m
                    [36m<span[39m
                      [33mclass[39m=[32m"text-xl font-bold text-gray-900 hidden sm:block"[39m
                    [36m>[39m
                      [0mHousehold Management[0m
                    [36m</span>[39m
                    [36m<span[39m
                      [33mclass[39m=[32m"text-xl font-bold text-gray-900 sm:hidden"[39m
                    [36m>[39m
                      [0mHome[0m
                    [36m</span>[39m
                  [36m</a>[39m
                [36m</div>[39m
                [36m<div[39m
                  [33mclass[39m=[32m"hidden md:flex items-center space-x-8"[39m
                [36m>[39m
                  [36m<a[39m
                    [33mclass[39m=[32m"flex items-center space-x-1 px-3 py-2 rounded-md text-sm font-medium transition-colors bg-blue-100 text-blue-700"[39m
                    [33mdata-discover[39m=[32m"true"[39m
                    [33mhref[39m=[32m"/"[39m
                  [36m>[39m
                    [36m<span[39m
                      [33mclass[39m=[32m"text-lg"[39m
                    [36m>[39m
                      [0m🏠[0m
                    [36m</span>[39m
                    [36m<span>[39m
                      [0mDashboard[0m
                    [36m</span>[39m
                  [36m</a>[39m
                  [36m<a[39m
                    [33mclass[39m=[32m"flex items-center space-x-1 px-3 py-2 rounded-md text-sm font-medium transition-colors text-gray-600 hover:text-gray-900 hover:bg-gray-100"[39m
                    [33mdata-discover[39m=[32m"true"[39m
                    [33mhref[39m=[32m"/plants"[39m
                  [36m>[39m
                    [36m<span[39m
                      [33mclass[39m=[32m"text-lg"[39m
                    [36m>[39m
                      [0m🌱[0m
                    [36m</span>[39m
                    [36m<span>[39m
                      [0mPlant Codex[0m
                    [36m</span>[39m
                  [36m</a>[39m
                  [36m<a[39m
                    [33mclass[39m=[32m"flex items-center space-x-1 px-3 py-2 rounded-md text-sm font-medium transition-colors text-gray-600 hover:text-gray-900 hover:bg-gray-100"[39m
                    [33mdata-discover[39m=[32m"true"[39m
                    [33mhref[39m=[32m"/projects"[39m
                  [36m>[39m
                    [36m<span[39m
                      [33mclass[39m=[32m"text-lg"[39m
                    [36m>[39m
                      [0m🔨[0m
                    [36m</span>[39m
                    [36m<span>[39m
                      [0mProjects[0m
                    [36m</span>[39m
                  [36m</a>[39m
                  [36m<a[39m
                    [33mclass[39m=[32m"flex items-center space-x-1 px-3 py-2 rounded-md text-sm font-medium transition-colors text-gray-600 hover:text-gray-900 hover:bg-gray-100"[39m
                    [33mdata-discover[39m=[32m"true"[39m
                    [33mhref[39m=[32m"/tasks"[39m
                  [36m>[39m
                    [36m<span[39m
                      [33mclass[39m=[32m"text-lg"[39m
                    [36m>[39m
                      [0m✅[0m
                    [36m</span>[39m
                    [36m<span>[39m
                      [0mTasks[0m
                    [36m</span>[39m
                  [36m</a>[39m
                  [36m<a[39m
                    [33mclass[39m=[32m"flex items-center space-x-1 px-3 py-2 rounded-md text-sm font-medium transition-colors text-gray-600 hover:text-gray-900 hover:bg-gray-100"[39m
                    [33mdata-discover[39m=[32m"true"[39m
                    [33mhref[39m=[32m"/calendar"[39m
                  [36m>[39m
                    [36m<span[39m
                      [33mclass[39m=[32m"text-lg"[39m
                    [36m>[39m
                      [0m📅[0m
                    [36m</span>[39m
                    [36m<span>[39m
                      [0mCalendar[0m
                    [36m</span>[39m
                  [36m</a>[39m
                [36m</div>[39m
                [36m<div[39m
                  [33mclass[39m=[32m"flex items-center space-x-4"[39m
                [36m>[39m
                  [36m<div[39m
                    [33mclass[39m=[32m"relative "[39m
                  [36m>[39m
                    [36m<div[39m
                      [33mclass[39m=[32m"flex items-center space-x-2"[39m
                    [36m>[39m
                      [36m<div[39m
                        [33mclass[39m=[32m"w-3 h-3 rounded-full bg-green-500 "[39m
                        [33mtitle[39m=[32m"Online"[39m
                      [36m/>[39m
                      [36m<button[39m
                        [33mclass[39m=[32m"text-sm text-gray-600 hover:text-gray-800 focus:outline-none"[39m
                      [36m>[39m
                        [0mOnline[0m
                      [36m</button>[39m
                    [36m</div>[39m
                  [36m</div>[39m
                  [36m<div[39m
                    [33mclass[39m=[32m"hidden md:block lg:hidden"[39m
                  [36m>[39m
                    [36m<div[39m
                      [33mclass[39m=[32m"relative inline-block text-left"[39m
                    [36m>[39m
                      [36m<button[39m
                        [33maria-expanded[39m=[32m"false"[39m
                        [33maria-haspopup[39m=[32m"listbox"[39m
                        [33maria-label[39m=[32m"Common.select Language"[39m
                        [33mclass[39m...
 ❯ waitForWrapper node_modules/@testing-library/dom/dist/wait-for.js:163:27
 ❯ src/test/integration/responsiveDesign.test.tsx:188:11
    186|     );
    187| 
    188|     await waitFor(() => {
       |           ^
    189|       expect(screen.getByText(/Overview/i)).toBeInTheDocument();
    190|     });

⎯⎯⎯⎯⎯⎯⎯⎯⎯⎯⎯⎯⎯⎯⎯⎯⎯⎯⎯⎯⎯⎯⎯⎯[5/8]⎯

 FAIL  src/test/integration/responsiveDesign.test.tsx > Responsive Design Integration Tests > should handle image display responsively
TestingLibraryElementError: Found multiple elements with the text: /Overview/i

Here are the matching elements:

Ignored nodes: comments, script, style
[36m<span[39m
  [33mclass[39m=[32m"mt-1 text-xs ml-8 text-blue-600"[39m
[36m>[39m
  [0mOverview And Quick Access[0m
[36m</span>[39m

Ignored nodes: comments, script, style
[36m<span[39m
  [33mclass[39m=[32m"mt-1 text-xs ml-8 text-blue-600"[39m
[36m>[39m
  [0mOverview And Quick Access[0m
[36m</span>[39m

Ignored nodes: comments, script, style
[36m<div>[39m
  [0mOverview[0m
[36m</div>[39m

(If this is intentional, then use the `*AllBy*` variant of the query (like `queryAllByText`, `getAllByText`, or `findAllByText`)).

Ignored nodes: comments, script, style
[36m<body>[39m
  [36m<div>[39m
    [36m<div[39m
      [33mclass[39m=[32m"min-h-screen bg-gray-50"[39m
    [36m>[39m
      [36m<div[39m
        [33mclass[39m=[32m"lg:hidden"[39m
      [36m>[39m
        [36m<nav[39m
          [33mclass[39m=[32m"bg-white shadow-lg border-b border-gray-200"[39m
        [36m>[39m
          [36m<div[39m
            [33mclass[39m=[32m"max-w-7xl mx-auto px-4 sm:px-6 lg:px-8"[39m
          [36m>[39m
            [36m<div[39m
              [33mclass[39m=[32m"flex justify-between h-16"[39m
            [36m>[39m
              [36m<div[39m
                [33mclass[39m=[32m"flex items-center"[39m
              [36m>[39m
                [36m<a[39m
                  [33mclass[39m=[32m"flex items-center space-x-2"[39m
                  [33mdata-discover[39m=[32m"true"[39m
                  [33mhref[39m=[32m"/"[39m
                [36m>[39m
                  [36m<span[39m
                    [33mclass[39m=[32m"text-2xl"[39m
                  [36m>[39m
                    [0m🏡[0m
                  [36m</span>[39m
                  [36m<span[39m
                    [33mclass[39m=[32m"text-xl font-bold text-gray-900 hidden sm:block"[39m
                  [36m>[39m
                    [0mHousehold Management[0m
                  [36m</span>[39m
                  [36m<span[39m
                    [33mclass[39m=[32m"text-xl font-bold text-gray-900 sm:hidden"[39m
                  [36m>[39m
                    [0mHome[0m
                  [36m</span>[39m
                [36m</a>[39m
              [36m</div>[39m
              [36m<div[39m
                [33mclass[39m=[32m"hidden md:flex items-center space-x-8"[39m
              [36m>[39m
                [36m<a[39m
                  [33mclass[39m=[32m"flex items-center space-x-1 px-3 py-2 rounded-md text-sm font-medium transition-colors bg-blue-100 text-blue-700"[39m
                  [33mdata-discover[39m=[32m"true"[39m
                  [33mhref[39m=[32m"/"[39m
                [36m>[39m
                  [36m<span[39m
                    [33mclass[39m=[32m"text-lg"[39m
                  [36m>[39m
                    [0m🏠[0m
                  [36m</span>[39m
                  [36m<span>[39m
                    [0mDashboard[0m
                  [36m</span>[39m
                [36m</a>[39m
                [36m<a[39m
                  [33mclass[39m=[32m"flex items-center space-x-1 px-3 py-2 rounded-md text-sm font-medium transition-colors text-gray-600 hover:text-gray-900 hover:bg-gray-100"[39m
                  [33mdata-discover[39m=[32m"true"[39m
                  [33mhref[39m=[32m"/plants"[39m
                [36m>[39m
                  [36m<span[39m
                    [33mclass[39m=[32m"text-lg"[39m
                  [36m>[39m
                    [0m🌱[0m
                  [36m</span>[39m
                  [36m<span>[39m
                    [0mPlant Codex[0m
                  [36m</span>[39m
                [36m</a>[39m
                [36m<a[39m
                  [33mclass[39m=[32m"flex items-center space-x-1 px-3 py-2 rounded-md text-sm font-medium transition-colors text-gray-600 hover:text-gray-900 hover:bg-gray-100"[39m
                  [33mdata-discover[39m=[32m"true"[39m
                  [33mhref[39m=[32m"/projects"[39m
                [36m>[39m
                  [36m<span[39m
                    [33mclass[39m=[32m"text-lg"[39m
                  [36m>[39m
                    [0m🔨[0m
                  [36m</span>[39m
                  [36m<span>[39m
                    [0mProjects[0m
                  [36m</span>[39m
                [36m</a>[39m
                [36m<a[39m
                  [33mclass[39m=[32m"flex items-center space-x-1 px-3 py-2 rounded-md text-sm font-medium transition-colors text-gray-600 hover:text-gray-900 hover:bg-gray-100"[39m
                  [33mdata-discover[39m=[32m"true"[39m
                  [33mhref[39m=[32m"/tasks"[39m
                [36m>[39m
                  [36m<span[39m
                    [33mclass[39m=[32m"text-lg"[39m
                  [36m>[39m
                    [0m✅[0m
                  [36m</span>[39m
                  [36m<span>[39m
                    [0mTasks[0m
                  [36m</span>[39m
                [36m</a>[39m
                [36m<a[39m
                  [33mclass[39m=[32m"flex items-center space-x-1 px-3 py-2 rounded-md text-sm font-medium transition-colors text-gray-600 hover:text-gray-900 hover:bg-gray-100"[39m
                  [33mdata-discover[39m=[32m"true"[39m
                  [33mhref[39m=[32m"/calendar"[39m
                [36m>[39m
                  [36m<span[39m
                    [33mclass[39m=[32m"text-lg"[39m
                  [36m>[39m
                    [0m📅[0m
                  [36m</span>[39m
                  [36m<span>[39m
                    [0mCalendar[0m
                  [36m</span>[39m
                [36m</a>[39m
              [36m</div>[39m
              [36m<div[39m
                [33mclass[39m=[32m"flex items-center space-x-4"[39m
              [36m>[39m
                [36m<div[39m
                  [33mclass[39m=[32m"relative "[39m
                [36m>[39m
                  [36m<div[39m
                    [33mclass[39m=[32m"flex items-center space-x-2"[39m
                  [36m>[39m
                    [36m<div[39m
                      [33mclass[39m=[32m"w-3 h-3 rounded-full bg-green-500 "[39m
                      [33mtitle[39m=[32m"Online"[39m
                    [36m/>[39m
                    [36m<button[39m
                      [33mclass[39m=[32m"text-sm text-gray-600 hover:text-gray-800 focus:outline-none"[39m
                    [36m>[39m
                      [0mOnline[0m
                    [36m</button>[39m
                  [36m</div>[39m
                [36m</div>[39m
                [36m<div[39m
                  [33mclass[39m=[32m"hidden md:block lg:hidden"[39m
                [36m>[39m
                  [36m<div[39m
                    [33mclass[39m=[32m"relative inline-block text-left"[39m
                  [36m>[39m
                    [36m<button[39m
                      [33maria-expanded[39m=[32m"false"[39m
                      [33maria-haspopup[39m=[32m"listbox"[39m
                      [33maria-label[39m=[32m"Common.select Language"[39m
                      [33mclass[39m=[32m"inline-flex items-center justify-between
    px-2 py-1 text-xs 
    font-medium text-gray-700 bg-white border border-gray-300 rounded-md
    hover:bg-gray-50 focus:outline-none focus:ring-2 focus:ring-offset-2 focus:ring-blue-500
    active:bg-gray-100 disabled:opacity-50 disabled:cursor-not-allowed
    transition-all durat...

Ignored nodes: comments, script, style
[36m<html>[39m
  [36m<head />[39m
  [36m<body>[39m
    [36m<div>[39m
      [36m<div[39m
        [33mclass[39m=[32m"min-h-screen bg-gray-50"[39m
      [36m>[39m
        [36m<div[39m
          [33mclass[39m=[32m"lg:hidden"[39m
        [36m>[39m
          [36m<nav[39m
            [33mclass[39m=[32m"bg-white shadow-lg border-b border-gray-200"[39m
          [36m>[39m
            [36m<div[39m
              [33mclass[39m=[32m"max-w-7xl mx-auto px-4 sm:px-6 lg:px-8"[39m
            [36m>[39m
              [36m<div[39m
                [33mclass[39m=[32m"flex justify-between h-16"[39m
              [36m>[39m
                [36m<div[39m
                  [33mclass[39m=[32m"flex items-center"[39m
                [36m>[39m
                  [36m<a[39m
                    [33mclass[39m=[32m"flex items-center space-x-2"[39m
                    [33mdata-discover[39m=[32m"true"[39m
                    [33mhref[39m=[32m"/"[39m
                  [36m>[39m
                    [36m<span[39m
                      [33mclass[39m=[32m"text-2xl"[39m
                    [36m>[39m
                      [0m🏡[0m
                    [36m</span>[39m
                    [36m<span[39m
                      [33mclass[39m=[32m"text-xl font-bold text-gray-900 hidden sm:block"[39m
                    [36m>[39m
                      [0mHousehold Management[0m
                    [36m</span>[39m
                    [36m<span[39m
                      [33mclass[39m=[32m"text-xl font-bold text-gray-900 sm:hidden"[39m
                    [36m>[39m
                      [0mHome[0m
                    [36m</span>[39m
                  [36m</a>[39m
                [36m</div>[39m
                [36m<div[39m
                  [33mclass[39m=[32m"hidden md:flex items-center space-x-8"[39m
                [36m>[39m
                  [36m<a[39m
                    [33mclass[39m=[32m"flex items-center space-x-1 px-3 py-2 rounded-md text-sm font-medium transition-colors bg-blue-100 text-blue-700"[39m
                    [33mdata-discover[39m=[32m"true"[39m
                    [33mhref[39m=[32m"/"[39m
                  [36m>[39m
                    [36m<span[39m
                      [33mclass[39m=[32m"text-lg"[39m
                    [36m>[39m
                      [0m🏠[0m
                    [36m</span>[39m
                    [36m<span>[39m
                      [0mDashboard[0m
                    [36m</span>[39m
                  [36m</a>[39m
                  [36m<a[39m
                    [33mclass[39m=[32m"flex items-center space-x-1 px-3 py-2 rounded-md text-sm font-medium transition-colors text-gray-600 hover:text-gray-900 hover:bg-gray-100"[39m
                    [33mdata-discover[39m=[32m"true"[39m
                    [33mhref[39m=[32m"/plants"[39m
                  [36m>[39m
                    [36m<span[39m
                      [33mclass[39m=[32m"text-lg"[39m
                    [36m>[39m
                      [0m🌱[0m
                    [36m</span>[39m
                    [36m<span>[39m
                      [0mPlant Codex[0m
                    [36m</span>[39m
                  [36m</a>[39m
                  [36m<a[39m
                    [33mclass[39m=[32m"flex items-center space-x-1 px-3 py-2 rounded-md text-sm font-medium transition-colors text-gray-600 hover:text-gray-900 hover:bg-gray-100"[39m
                    [33mdata-discover[39m=[32m"true"[39m
                    [33mhref[39m=[32m"/projects"[39m
                  [36m>[39m
                    [36m<span[39m
                      [33mclass[39m=[32m"text-lg"[39m
                    [36m>[39m
                      [0m🔨[0m
                    [36m</span>[39m
                    [36m<span>[39m
                      [0mProjects[0m
                    [36m</span>[39m
                  [36m</a>[39m
                  [36m<a[39m
                    [33mclass[39m=[32m"flex items-center space-x-1 px-3 py-2 rounded-md text-sm font-medium transition-colors text-gray-600 hover:text-gray-900 hover:bg-gray-100"[39m
                    [33mdata-discover[39m=[32m"true"[39m
                    [33mhref[39m=[32m"/tasks"[39m
                  [36m>[39m
                    [36m<span[39m
                      [33mclass[39m=[32m"text-lg"[39m
                    [36m>[39m
                      [0m✅[0m
                    [36m</span>[39m
                    [36m<span>[39m
                      [0mTasks[0m
                    [36m</span>[39m
                  [36m</a>[39m
                  [36m<a[39m
                    [33mclass[39m=[32m"flex items-center space-x-1 px-3 py-2 rounded-md text-sm font-medium transition-colors text-gray-600 hover:text-gray-900 hover:bg-gray-100"[39m
                    [33mdata-discover[39m=[32m"true"[39m
                    [33mhref[39m=[32m"/calendar"[39m
                  [36m>[39m
                    [36m<span[39m
                      [33mclass[39m=[32m"text-lg"[39m
                    [36m>[39m
                      [0m📅[0m
                    [36m</span>[39m
                    [36m<span>[39m
                      [0mCalendar[0m
                    [36m</span>[39m
                  [36m</a>[39m
                [36m</div>[39m
                [36m<div[39m
                  [33mclass[39m=[32m"flex items-center space-x-4"[39m
                [36m>[39m
                  [36m<div[39m
                    [33mclass[39m=[32m"relative "[39m
                  [36m>[39m
                    [36m<div[39m
                      [33mclass[39m=[32m"flex items-center space-x-2"[39m
                    [36m>[39m
                      [36m<div[39m
                        [33mclass[39m=[32m"w-3 h-3 rounded-full bg-green-500 "[39m
                        [33mtitle[39m=[32m"Online"[39m
                      [36m/>[39m
                      [36m<button[39m
                        [33mclass[39m=[32m"text-sm text-gray-600 hover:text-gray-800 focus:outline-none"[39m
                      [36m>[39m
                        [0mOnline[0m
                      [36m</button>[39m
                    [36m</div>[39m
                  [36m</div>[39m
                  [36m<div[39m
                    [33mclass[39m=[32m"hidden md:block lg:hidden"[39m
                  [36m>[39m
                    [36m<div[39m
                      [33mclass[39m=[32m"relative inline-block text-left"[39m
                    [36m>[39m
                      [36m<button[39m
                        [33maria-expanded[39m=[32m"false"[39m
                        [33maria-haspopup[39m=[32m"listbox"[39m
                        [33maria-label[39m=[32m"Common.select Language"[39m
                        [33mclass[39m...
 ❯ waitForWrapper node_modules/@testing-library/dom/dist/wait-for.js:163:27
 ❯ src/test/integration/responsiveDesign.test.tsx:226:11
    224|     );
    225| 
    226|     await waitFor(() => {
       |           ^
    227|       expect(screen.getByText(/Overview/i)).toBeInTheDocument();
    228|     });

⎯⎯⎯⎯⎯⎯⎯⎯⎯⎯⎯⎯⎯⎯⎯⎯⎯⎯⎯⎯⎯⎯⎯⎯[6/8]⎯

 FAIL  src/test/integration/responsiveDesign.test.tsx > Responsive Design Integration Tests > should handle navigation menu responsively
TestingLibraryElementError: Found multiple elements with the text: /Overview/i

Here are the matching elements:

Ignored nodes: comments, script, style
[36m<span[39m
  [33mclass[39m=[32m"mt-1 text-xs ml-8 text-blue-600"[39m
[36m>[39m
  [0mOverview And Quick Access[0m
[36m</span>[39m

Ignored nodes: comments, script, style
[36m<span[39m
  [33mclass[39m=[32m"mt-1 text-xs ml-8 text-blue-600"[39m
[36m>[39m
  [0mOverview And Quick Access[0m
[36m</span>[39m

Ignored nodes: comments, script, style
[36m<div>[39m
  [0mOverview[0m
[36m</div>[39m

(If this is intentional, then use the `*AllBy*` variant of the query (like `queryAllByText`, `getAllByText`, or `findAllByText`)).

Ignored nodes: comments, script, style
[36m<body>[39m
  [36m<div>[39m
    [36m<div[39m
      [33mclass[39m=[32m"min-h-screen bg-gray-50"[39m
    [36m>[39m
      [36m<div[39m
        [33mclass[39m=[32m"lg:hidden"[39m
      [36m>[39m
        [36m<nav[39m
          [33mclass[39m=[32m"bg-white shadow-lg border-b border-gray-200"[39m
        [36m>[39m
          [36m<div[39m
            [33mclass[39m=[32m"max-w-7xl mx-auto px-4 sm:px-6 lg:px-8"[39m
          [36m>[39m
            [36m<div[39m
              [33mclass[39m=[32m"flex justify-between h-16"[39m
            [36m>[39m
              [36m<div[39m
                [33mclass[39m=[32m"flex items-center"[39m
              [36m>[39m
                [36m<a[39m
                  [33mclass[39m=[32m"flex items-center space-x-2"[39m
                  [33mdata-discover[39m=[32m"true"[39m
                  [33mhref[39m=[32m"/"[39m
                [36m>[39m
                  [36m<span[39m
                    [33mclass[39m=[32m"text-2xl"[39m
                  [36m>[39m
                    [0m🏡[0m
                  [36m</span>[39m
                  [36m<span[39m
                    [33mclass[39m=[32m"text-xl font-bold text-gray-900 hidden sm:block"[39m
                  [36m>[39m
                    [0mHousehold Management[0m
                  [36m</span>[39m
                  [36m<span[39m
                    [33mclass[39m=[32m"text-xl font-bold text-gray-900 sm:hidden"[39m
                  [36m>[39m
                    [0mHome[0m
                  [36m</span>[39m
                [36m</a>[39m
              [36m</div>[39m
              [36m<div[39m
                [33mclass[39m=[32m"hidden md:flex items-center space-x-8"[39m
              [36m>[39m
                [36m<a[39m
                  [33mclass[39m=[32m"flex items-center space-x-1 px-3 py-2 rounded-md text-sm font-medium transition-colors bg-blue-100 text-blue-700"[39m
                  [33mdata-discover[39m=[32m"true"[39m
                  [33mhref[39m=[32m"/"[39m
                [36m>[39m
                  [36m<span[39m
                    [33mclass[39m=[32m"text-lg"[39m
                  [36m>[39m
                    [0m🏠[0m
                  [36m</span>[39m
                  [36m<span>[39m
                    [0mDashboard[0m
                  [36m</span>[39m
                [36m</a>[39m
                [36m<a[39m
                  [33mclass[39m=[32m"flex items-center space-x-1 px-3 py-2 rounded-md text-sm font-medium transition-colors text-gray-600 hover:text-gray-900 hover:bg-gray-100"[39m
                  [33mdata-discover[39m=[32m"true"[39m
                  [33mhref[39m=[32m"/plants"[39m
                [36m>[39m
                  [36m<span[39m
                    [33mclass[39m=[32m"text-lg"[39m
                  [36m>[39m
                    [0m🌱[0m
                  [36m</span>[39m
                  [36m<span>[39m
                    [0mPlant Codex[0m
                  [36m</span>[39m
                [36m</a>[39m
                [36m<a[39m
                  [33mclass[39m=[32m"flex items-center space-x-1 px-3 py-2 rounded-md text-sm font-medium transition-colors text-gray-600 hover:text-gray-900 hover:bg-gray-100"[39m
                  [33mdata-discover[39m=[32m"true"[39m
                  [33mhref[39m=[32m"/projects"[39m
                [36m>[39m
                  [36m<span[39m
                    [33mclass[39m=[32m"text-lg"[39m
                  [36m>[39m
                    [0m🔨[0m
                  [36m</span>[39m
                  [36m<span>[39m
                    [0mProjects[0m
                  [36m</span>[39m
                [36m</a>[39m
                [36m<a[39m
                  [33mclass[39m=[32m"flex items-center space-x-1 px-3 py-2 rounded-md text-sm font-medium transition-colors text-gray-600 hover:text-gray-900 hover:bg-gray-100"[39m
                  [33mdata-discover[39m=[32m"true"[39m
                  [33mhref[39m=[32m"/tasks"[39m
                [36m>[39m
                  [36m<span[39m
                    [33mclass[39m=[32m"text-lg"[39m
                  [36m>[39m
                    [0m✅[0m
                  [36m</span>[39m
                  [36m<span>[39m
                    [0mTasks[0m
                  [36m</span>[39m
                [36m</a>[39m
                [36m<a[39m
                  [33mclass[39m=[32m"flex items-center space-x-1 px-3 py-2 rounded-md text-sm font-medium transition-colors text-gray-600 hover:text-gray-900 hover:bg-gray-100"[39m
                  [33mdata-discover[39m=[32m"true"[39m
                  [33mhref[39m=[32m"/calendar"[39m
                [36m>[39m
                  [36m<span[39m
                    [33mclass[39m=[32m"text-lg"[39m
                  [36m>[39m
                    [0m📅[0m
                  [36m</span>[39m
                  [36m<span>[39m
                    [0mCalendar[0m
                  [36m</span>[39m
                [36m</a>[39m
              [36m</div>[39m
              [36m<div[39m
                [33mclass[39m=[32m"flex items-center space-x-4"[39m
              [36m>[39m
                [36m<div[39m
                  [33mclass[39m=[32m"relative "[39m
                [36m>[39m
                  [36m<div[39m
                    [33mclass[39m=[32m"flex items-center space-x-2"[39m
                  [36m>[39m
                    [36m<div[39m
                      [33mclass[39m=[32m"w-3 h-3 rounded-full bg-green-500 "[39m
                      [33mtitle[39m=[32m"Online"[39m
                    [36m/>[39m
                    [36m<button[39m
                      [33mclass[39m=[32m"text-sm text-gray-600 hover:text-gray-800 focus:outline-none"[39m
                    [36m>[39m
                      [0mOnline[0m
                    [36m</button>[39m
                  [36m</div>[39m
                [36m</div>[39m
                [36m<div[39m
                  [33mclass[39m=[32m"hidden md:block lg:hidden"[39m
                [36m>[39m
                  [36m<div[39m
                    [33mclass[39m=[32m"relative inline-block text-left"[39m
                  [36m>[39m
                    [36m<button[39m
                      [33maria-expanded[39m=[32m"false"[39m
                      [33maria-haspopup[39m=[32m"listbox"[39m
                      [33maria-label[39m=[32m"Common.select Language"[39m
                      [33mclass[39m=[32m"inline-flex items-center justify-between
    px-2 py-1 text-xs 
    font-medium text-gray-700 bg-white border border-gray-300 rounded-md
    hover:bg-gray-50 focus:outline-none focus:ring-2 focus:ring-offset-2 focus:ring-blue-500
    active:bg-gray-100 disabled:opacity-50 disabled:cursor-not-allowed
    transition-all durat...

Ignored nodes: comments, script, style
[36m<html>[39m
  [36m<head />[39m
  [36m<body>[39m
    [36m<div>[39m
      [36m<div[39m
        [33mclass[39m=[32m"min-h-screen bg-gray-50"[39m
      [36m>[39m
        [36m<div[39m
          [33mclass[39m=[32m"lg:hidden"[39m
        [36m>[39m
          [36m<nav[39m
            [33mclass[39m=[32m"bg-white shadow-lg border-b border-gray-200"[39m
          [36m>[39m
            [36m<div[39m
              [33mclass[39m=[32m"max-w-7xl mx-auto px-4 sm:px-6 lg:px-8"[39m
            [36m>[39m
              [36m<div[39m
                [33mclass[39m=[32m"flex justify-between h-16"[39m
              [36m>[39m
                [36m<div[39m
                  [33mclass[39m=[32m"flex items-center"[39m
                [36m>[39m
                  [36m<a[39m
                    [33mclass[39m=[32m"flex items-center space-x-2"[39m
                    [33mdata-discover[39m=[32m"true"[39m
                    [33mhref[39m=[32m"/"[39m
                  [36m>[39m
                    [36m<span[39m
                      [33mclass[39m=[32m"text-2xl"[39m
                    [36m>[39m
                      [0m🏡[0m
                    [36m</span>[39m
                    [36m<span[39m
                      [33mclass[39m=[32m"text-xl font-bold text-gray-900 hidden sm:block"[39m
                    [36m>[39m
                      [0mHousehold Management[0m
                    [36m</span>[39m
                    [36m<span[39m
                      [33mclass[39m=[32m"text-xl font-bold text-gray-900 sm:hidden"[39m
                    [36m>[39m
                      [0mHome[0m
                    [36m</span>[39m
                  [36m</a>[39m
                [36m</div>[39m
                [36m<div[39m
                  [33mclass[39m=[32m"hidden md:flex items-center space-x-8"[39m
                [36m>[39m
                  [36m<a[39m
                    [33mclass[39m=[32m"flex items-center space-x-1 px-3 py-2 rounded-md text-sm font-medium transition-colors bg-blue-100 text-blue-700"[39m
                    [33mdata-discover[39m=[32m"true"[39m
                    [33mhref[39m=[32m"/"[39m
                  [36m>[39m
                    [36m<span[39m
                      [33mclass[39m=[32m"text-lg"[39m
                    [36m>[39m
                      [0m🏠[0m
                    [36m</span>[39m
                    [36m<span>[39m
                      [0mDashboard[0m
                    [36m</span>[39m
                  [36m</a>[39m
                  [36m<a[39m
                    [33mclass[39m=[32m"flex items-center space-x-1 px-3 py-2 rounded-md text-sm font-medium transition-colors text-gray-600 hover:text-gray-900 hover:bg-gray-100"[39m
                    [33mdata-discover[39m=[32m"true"[39m
                    [33mhref[39m=[32m"/plants"[39m
                  [36m>[39m
                    [36m<span[39m
                      [33mclass[39m=[32m"text-lg"[39m
                    [36m>[39m
                      [0m🌱[0m
                    [36m</span>[39m
                    [36m<span>[39m
                      [0mPlant Codex[0m
                    [36m</span>[39m
                  [36m</a>[39m
                  [36m<a[39m
                    [33mclass[39m=[32m"flex items-center space-x-1 px-3 py-2 rounded-md text-sm font-medium transition-colors text-gray-600 hover:text-gray-900 hover:bg-gray-100"[39m
                    [33mdata-discover[39m=[32m"true"[39m
                    [33mhref[39m=[32m"/projects"[39m
                  [36m>[39m
                    [36m<span[39m
                      [33mclass[39m=[32m"text-lg"[39m
                    [36m>[39m
                      [0m🔨[0m
                    [36m</span>[39m
                    [36m<span>[39m
                      [0mProjects[0m
                    [36m</span>[39m
                  [36m</a>[39m
                  [36m<a[39m
                    [33mclass[39m=[32m"flex items-center space-x-1 px-3 py-2 rounded-md text-sm font-medium transition-colors text-gray-600 hover:text-gray-900 hover:bg-gray-100"[39m
                    [33mdata-discover[39m=[32m"true"[39m
                    [33mhref[39m=[32m"/tasks"[39m
                  [36m>[39m
                    [36m<span[39m
                      [33mclass[39m=[32m"text-lg"[39m
                    [36m>[39m
                      [0m✅[0m
                    [36m</span>[39m
                    [36m<span>[39m
                      [0mTasks[0m
                    [36m</span>[39m
                  [36m</a>[39m
                  [36m<a[39m
                    [33mclass[39m=[32m"flex items-center space-x-1 px-3 py-2 rounded-md text-sm font-medium transition-colors text-gray-600 hover:text-gray-900 hover:bg-gray-100"[39m
                    [33mdata-discover[39m=[32m"true"[39m
                    [33mhref[39m=[32m"/calendar"[39m
                  [36m>[39m
                    [36m<span[39m
                      [33mclass[39m=[32m"text-lg"[39m
                    [36m>[39m
                      [0m📅[0m
                    [36m</span>[39m
                    [36m<span>[39m
                      [0mCalendar[0m
                    [36m</span>[39m
                  [36m</a>[39m
                [36m</div>[39m
                [36m<div[39m
                  [33mclass[39m=[32m"flex items-center space-x-4"[39m
                [36m>[39m
                  [36m<div[39m
                    [33mclass[39m=[32m"relative "[39m
                  [36m>[39m
                    [36m<div[39m
                      [33mclass[39m=[32m"flex items-center space-x-2"[39m
                    [36m>[39m
                      [36m<div[39m
                        [33mclass[39m=[32m"w-3 h-3 rounded-full bg-green-500 "[39m
                        [33mtitle[39m=[32m"Online"[39m
                      [36m/>[39m
                      [36m<button[39m
                        [33mclass[39m=[32m"text-sm text-gray-600 hover:text-gray-800 focus:outline-none"[39m
                      [36m>[39m
                        [0mOnline[0m
                      [36m</button>[39m
                    [36m</div>[39m
                  [36m</div>[39m
                  [36m<div[39m
                    [33mclass[39m=[32m"hidden md:block lg:hidden"[39m
                  [36m>[39m
                    [36m<div[39m
                      [33mclass[39m=[32m"relative inline-block text-left"[39m
                    [36m>[39m
                      [36m<button[39m
                        [33maria-expanded[39m=[32m"false"[39m
                        [33maria-haspopup[39m=[32m"listbox"[39m
                        [33maria-label[39m=[32m"Common.select Language"[39m
                        [33mclass[39m...
 ❯ waitForWrapper node_modules/@testing-library/dom/dist/wait-for.js:163:27
 ❯ src/test/integration/responsiveDesign.test.tsx:265:11
    263|     );
    264| 
    265|     await waitFor(() => {
       |           ^
    266|       expect(screen.getByText(/Overview/i)).toBeInTheDocument();
    267|     });

⎯⎯⎯⎯⎯⎯⎯⎯⎯⎯⎯⎯⎯⎯⎯⎯⎯⎯⎯⎯⎯⎯⎯⎯[7/8]⎯

 FAIL  src/test/integration/responsiveDesign.test.tsx > Responsive Design Integration Tests > should handle data tables responsively
TestingLibraryElementError: Found multiple elements with the text: /Overview/i

Here are the matching elements:

Ignored nodes: comments, script, style
[36m<span[39m
  [33mclass[39m=[32m"mt-1 text-xs ml-8 text-blue-600"[39m
[36m>[39m
  [0mOverview And Quick Access[0m
[36m</span>[39m

Ignored nodes: comments, script, style
[36m<span[39m
  [33mclass[39m=[32m"mt-1 text-xs ml-8 text-blue-600"[39m
[36m>[39m
  [0mOverview And Quick Access[0m
[36m</span>[39m

Ignored nodes: comments, script, style
[36m<div>[39m
  [0mOverview[0m
[36m</div>[39m

(If this is intentional, then use the `*AllBy*` variant of the query (like `queryAllByText`, `getAllByText`, or `findAllByText`)).

Ignored nodes: comments, script, style
[36m<body>[39m
  [36m<div>[39m
    [36m<div[39m
      [33mclass[39m=[32m"min-h-screen bg-gray-50"[39m
    [36m>[39m
      [36m<div[39m
        [33mclass[39m=[32m"lg:hidden"[39m
      [36m>[39m
        [36m<nav[39m
          [33mclass[39m=[32m"bg-white shadow-lg border-b border-gray-200"[39m
        [36m>[39m
          [36m<div[39m
            [33mclass[39m=[32m"max-w-7xl mx-auto px-4 sm:px-6 lg:px-8"[39m
          [36m>[39m
            [36m<div[39m
              [33mclass[39m=[32m"flex justify-between h-16"[39m
            [36m>[39m
              [36m<div[39m
                [33mclass[39m=[32m"flex items-center"[39m
              [36m>[39m
                [36m<a[39m
                  [33mclass[39m=[32m"flex items-center space-x-2"[39m
                  [33mdata-discover[39m=[32m"true"[39m
                  [33mhref[39m=[32m"/"[39m
                [36m>[39m
                  [36m<span[39m
                    [33mclass[39m=[32m"text-2xl"[39m
                  [36m>[39m
                    [0m🏡[0m
                  [36m</span>[39m
                  [36m<span[39m
                    [33mclass[39m=[32m"text-xl font-bold text-gray-900 hidden sm:block"[39m
                  [36m>[39m
                    [0mHousehold Management[0m
                  [36m</span>[39m
                  [36m<span[39m
                    [33mclass[39m=[32m"text-xl font-bold text-gray-900 sm:hidden"[39m
                  [36m>[39m
                    [0mHome[0m
                  [36m</span>[39m
                [36m</a>[39m
              [36m</div>[39m
              [36m<div[39m
                [33mclass[39m=[32m"hidden md:flex items-center space-x-8"[39m
              [36m>[39m
                [36m<a[39m
                  [33mclass[39m=[32m"flex items-center space-x-1 px-3 py-2 rounded-md text-sm font-medium transition-colors bg-blue-100 text-blue-700"[39m
                  [33mdata-discover[39m=[32m"true"[39m
                  [33mhref[39m=[32m"/"[39m
                [36m>[39m
                  [36m<span[39m
                    [33mclass[39m=[32m"text-lg"[39m
                  [36m>[39m
                    [0m🏠[0m
                  [36m</span>[39m
                  [36m<span>[39m
                    [0mDashboard[0m
                  [36m</span>[39m
                [36m</a>[39m
                [36m<a[39m
                  [33mclass[39m=[32m"flex items-center space-x-1 px-3 py-2 rounded-md text-sm font-medium transition-colors text-gray-600 hover:text-gray-900 hover:bg-gray-100"[39m
                  [33mdata-discover[39m=[32m"true"[39m
                  [33mhref[39m=[32m"/plants"[39m
                [36m>[39m
                  [36m<span[39m
                    [33mclass[39m=[32m"text-lg"[39m
                  [36m>[39m
                    [0m🌱[0m
                  [36m</span>[39m
                  [36m<span>[39m
                    [0mPlant Codex[0m
                  [36m</span>[39m
                [36m</a>[39m
                [36m<a[39m
                  [33mclass[39m=[32m"flex items-center space-x-1 px-3 py-2 rounded-md text-sm font-medium transition-colors text-gray-600 hover:text-gray-900 hover:bg-gray-100"[39m
                  [33mdata-discover[39m=[32m"true"[39m
                  [33mhref[39m=[32m"/projects"[39m
                [36m>[39m
                  [36m<span[39m
                    [33mclass[39m=[32m"text-lg"[39m
                  [36m>[39m
                    [0m🔨[0m
                  [36m</span>[39m
                  [36m<span>[39m
                    [0mProjects[0m
                  [36m</span>[39m
                [36m</a>[39m
                [36m<a[39m
                  [33mclass[39m=[32m"flex items-center space-x-1 px-3 py-2 rounded-md text-sm font-medium transition-colors text-gray-600 hover:text-gray-900 hover:bg-gray-100"[39m
                  [33mdata-discover[39m=[32m"true"[39m
                  [33mhref[39m=[32m"/tasks"[39m
                [36m>[39m
                  [36m<span[39m
                    [33mclass[39m=[32m"text-lg"[39m
                  [36m>[39m
                    [0m✅[0m
                  [36m</span>[39m
                  [36m<span>[39m
                    [0mTasks[0m
                  [36m</span>[39m
                [36m</a>[39m
                [36m<a[39m
                  [33mclass[39m=[32m"flex items-center space-x-1 px-3 py-2 rounded-md text-sm font-medium transition-colors text-gray-600 hover:text-gray-900 hover:bg-gray-100"[39m
                  [33mdata-discover[39m=[32m"true"[39m
                  [33mhref[39m=[32m"/calendar"[39m
                [36m>[39m
                  [36m<span[39m
                    [33mclass[39m=[32m"text-lg"[39m
                  [36m>[39m
                    [0m📅[0m
                  [36m</span>[39m
                  [36m<span>[39m
                    [0mCalendar[0m
                  [36m</span>[39m
                [36m</a>[39m
              [36m</div>[39m
              [36m<div[39m
                [33mclass[39m=[32m"flex items-center space-x-4"[39m
              [36m>[39m
                [36m<div[39m
                  [33mclass[39m=[32m"relative "[39m
                [36m>[39m
                  [36m<div[39m
                    [33mclass[39m=[32m"flex items-center space-x-2"[39m
                  [36m>[39m
                    [36m<div[39m
                      [33mclass[39m=[32m"w-3 h-3 rounded-full bg-green-500 "[39m
                      [33mtitle[39m=[32m"Online"[39m
                    [36m/>[39m
                    [36m<button[39m
                      [33mclass[39m=[32m"text-sm text-gray-600 hover:text-gray-800 focus:outline-none"[39m
                    [36m>[39m
                      [0mOnline[0m
                    [36m</button>[39m
                  [36m</div>[39m
                [36m</div>[39m
                [36m<div[39m
                  [33mclass[39m=[32m"hidden md:block lg:hidden"[39m
                [36m>[39m
                  [36m<div[39m
                    [33mclass[39m=[32m"relative inline-block text-left"[39m
                  [36m>[39m
                    [36m<button[39m
                      [33maria-expanded[39m=[32m"false"[39m
                      [33maria-haspopup[39m=[32m"listbox"[39m
                      [33maria-label[39m=[32m"Common.select Language"[39m
                      [33mclass[39m=[32m"inline-flex items-center justify-between
    px-2 py-1 text-xs 
    font-medium text-gray-700 bg-white border border-gray-300 rounded-md
    hover:bg-gray-50 focus:outline-none focus:ring-2 focus:ring-offset-2 focus:ring-blue-500
    active:bg-gray-100 disabled:opacity-50 disabled:cursor-not-allowed
    transition-all durat...

Ignored nodes: comments, script, style
[36m<html>[39m
  [36m<head />[39m
  [36m<body>[39m
    [36m<div>[39m
      [36m<div[39m
        [33mclass[39m=[32m"min-h-screen bg-gray-50"[39m
      [36m>[39m
        [36m<div[39m
          [33mclass[39m=[32m"lg:hidden"[39m
        [36m>[39m
          [36m<nav[39m
            [33mclass[39m=[32m"bg-white shadow-lg border-b border-gray-200"[39m
          [36m>[39m
            [36m<div[39m
              [33mclass[39m=[32m"max-w-7xl mx-auto px-4 sm:px-6 lg:px-8"[39m
            [36m>[39m
              [36m<div[39m
                [33mclass[39m=[32m"flex justify-between h-16"[39m
              [36m>[39m
                [36m<div[39m
                  [33mclass[39m=[32m"flex items-center"[39m
                [36m>[39m
                  [36m<a[39m
                    [33mclass[39m=[32m"flex items-center space-x-2"[39m
                    [33mdata-discover[39m=[32m"true"[39m
                    [33mhref[39m=[32m"/"[39m
                  [36m>[39m
                    [36m<span[39m
                      [33mclass[39m=[32m"text-2xl"[39m
                    [36m>[39m
                      [0m🏡[0m
                    [36m</span>[39m
                    [36m<span[39m
                      [33mclass[39m=[32m"text-xl font-bold text-gray-900 hidden sm:block"[39m
                    [36m>[39m
                      [0mHousehold Management[0m
                    [36m</span>[39m
                    [36m<span[39m
                      [33mclass[39m=[32m"text-xl font-bold text-gray-900 sm:hidden"[39m
                    [36m>[39m
                      [0mHome[0m
                    [36m</span>[39m
                  [36m</a>[39m
                [36m</div>[39m
                [36m<div[39m
                  [33mclass[39m=[32m"hidden md:flex items-center space-x-8"[39m
                [36m>[39m
                  [36m<a[39m
                    [33mclass[39m=[32m"flex items-center space-x-1 px-3 py-2 rounded-md text-sm font-medium transition-colors bg-blue-100 text-blue-700"[39m
                    [33mdata-discover[39m=[32m"true"[39m
                    [33mhref[39m=[32m"/"[39m
                  [36m>[39m
                    [36m<span[39m
                      [33mclass[39m=[32m"text-lg"[39m
                    [36m>[39m
                      [0m🏠[0m
                    [36m</span>[39m
                    [36m<span>[39m
                      [0mDashboard[0m
                    [36m</span>[39m
                  [36m</a>[39m
                  [36m<a[39m
                    [33mclass[39m=[32m"flex items-center space-x-1 px-3 py-2 rounded-md text-sm font-medium transition-colors text-gray-600 hover:text-gray-900 hover:bg-gray-100"[39m
                    [33mdata-discover[39m=[32m"true"[39m
                    [33mhref[39m=[32m"/plants"[39m
                  [36m>[39m
                    [36m<span[39m
                      [33mclass[39m=[32m"text-lg"[39m
                    [36m>[39m
                      [0m🌱[0m
                    [36m</span>[39m
                    [36m<span>[39m
                      [0mPlant Codex[0m
                    [36m</span>[39m
                  [36m</a>[39m
                  [36m<a[39m
                    [33mclass[39m=[32m"flex items-center space-x-1 px-3 py-2 rounded-md text-sm font-medium transition-colors text-gray-600 hover:text-gray-900 hover:bg-gray-100"[39m
                    [33mdata-discover[39m=[32m"true"[39m
                    [33mhref[39m=[32m"/projects"[39m
                  [36m>[39m
                    [36m<span[39m
                      [33mclass[39m=[32m"text-lg"[39m
                    [36m>[39m
                      [0m🔨[0m
                    [36m</span>[39m
                    [36m<span>[39m
                      [0mProjects[0m
                    [36m</span>[39m
                  [36m</a>[39m
                  [36m<a[39m
                    [33mclass[39m=[32m"flex items-center space-x-1 px-3 py-2 rounded-md text-sm font-medium transition-colors text-gray-600 hover:text-gray-900 hover:bg-gray-100"[39m
                    [33mdata-discover[39m=[32m"true"[39m
                    [33mhref[39m=[32m"/tasks"[39m
                  [36m>[39m
                    [36m<span[39m
                      [33mclass[39m=[32m"text-lg"[39m
                    [36m>[39m
                      [0m✅[0m
                    [36m</span>[39m
                    [36m<span>[39m
                      [0mTasks[0m
                    [36m</span>[39m
                  [36m</a>[39m
                  [36m<a[39m
                    [33mclass[39m=[32m"flex items-center space-x-1 px-3 py-2 rounded-md text-sm font-medium transition-colors text-gray-600 hover:text-gray-900 hover:bg-gray-100"[39m
                    [33mdata-discover[39m=[32m"true"[39m
                    [33mhref[39m=[32m"/calendar"[39m
                  [36m>[39m
                    [36m<span[39m
                      [33mclass[39m=[32m"text-lg"[39m
                    [36m>[39m
                      [0m📅[0m
                    [36m</span>[39m
                    [36m<span>[39m
                      [0mCalendar[0m
                    [36m</span>[39m
                  [36m</a>[39m
                [36m</div>[39m
                [36m<div[39m
                  [33mclass[39m=[32m"flex items-center space-x-4"[39m
                [36m>[39m
                  [36m<div[39m
                    [33mclass[39m=[32m"relative "[39m
                  [36m>[39m
                    [36m<div[39m
                      [33mclass[39m=[32m"flex items-center space-x-2"[39m
                    [36m>[39m
                      [36m<div[39m
                        [33mclass[39m=[32m"w-3 h-3 rounded-full bg-green-500 "[39m
                        [33mtitle[39m=[32m"Online"[39m
                      [36m/>[39m
                      [36m<button[39m
                        [33mclass[39m=[32m"text-sm text-gray-600 hover:text-gray-800 focus:outline-none"[39m
                      [36m>[39m
                        [0mOnline[0m
                      [36m</button>[39m
                    [36m</div>[39m
                  [36m</div>[39m
                  [36m<div[39m
                    [33mclass[39m=[32m"hidden md:block lg:hidden"[39m
                  [36m>[39m
                    [36m<div[39m
                      [33mclass[39m=[32m"relative inline-block text-left"[39m
                    [36m>[39m
                      [36m<button[39m
                        [33maria-expanded[39m=[32m"false"[39m
                        [33maria-haspopup[39m=[32m"listbox"[39m
                        [33maria-label[39m=[32m"Common.select Language"[39m
                        [33mclass[39m...
 ❯ waitForWrapper node_modules/@testing-library/dom/dist/wait-for.js:163:27
 ❯ src/test/integration/responsiveDesign.test.tsx:317:11
    315|     );
    316| 
    317|     await waitFor(() => {
       |           ^
    318|       screen.debug();
    319|       expect(screen.getByText(/Overview/i)).toBeInTheDocument();

⎯⎯⎯⎯⎯⎯⎯⎯⎯⎯⎯⎯⎯⎯⎯⎯⎯⎯⎯⎯⎯⎯⎯⎯[8/8]⎯


 Test Files  1 failed (1)
      Tests  8 failed (8)
   Start at  23:59:34
   Duration  22.85s (transform 2.44s, setup 1.15s, collect 3.61s, tests 10.46s, environment 3.27s, prepare 2.61s)

